2025-02-20 01:45:31.677 [info] Extension host with pid 2302560 started
2025-02-20 01:45:31.677 [info] Skipping acquiring lock for /home/alberto/.config/Code - OSS/User/workspaceStorage/4d37e05f9d86fdca494869055ea21789.
2025-02-20 01:45:31.699 [info] ExtensionService#_doActivateExtension vscode.media-preview, startup: false, activationEvent: 'onCustomEditor:imagePreview.previewEditor'
2025-02-20 01:45:31.722 [info] ExtensionService#_doActivateExtension vscode.git-base, startup: true, activationEvent: '*', root cause: vscode.git
2025-02-20 01:45:31.726 [info] ExtensionService#_doActivateExtension vscode.npm, startup: true, activationEvent: 'workspaceContains:package.json'
2025-02-20 01:45:31.813 [info] ExtensionService#_doActivateExtension vscode.git, startup: true, activationEvent: '*'
2025-02-20 01:45:31.944 [info] ExtensionService#_doActivateExtension vscode.github, startup: true, activationEvent: '*'
2025-02-20 01:45:32.079 [info] Eager extensions activated
2025-02-20 01:45:32.128 [info] ExtensionService#_doActivateExtension vscode.debug-auto-launch, startup: false, activationEvent: 'onStartupFinished'
2025-02-20 01:45:32.133 [info] ExtensionService#_doActivateExtension vscode.merge-conflict, startup: false, activationEvent: 'onStartupFinished'
2025-02-20 01:45:32.167 [info] ExtensionService#_doActivateExtension dbaeumer.vscode-eslint, startup: false, activationEvent: 'onStartupFinished'
2025-02-20 01:45:32.237 [info] ExtensionService#_doActivateExtension dsznajder.es7-react-js-snippets, startup: false, activationEvent: 'onStartupFinished'
2025-02-20 01:45:32.959 [info] ExtensionService#_doActivateExtension esbenp.prettier-vscode, startup: false, activationEvent: 'onStartupFinished'
2025-02-20 01:45:33.068 [info] ExtensionService#_doActivateExtension ritwickdey.LiveServer, startup: false, activationEvent: 'onStartupFinished'
2025-02-20 01:45:33.080 [info] ExtensionService#_doActivateExtension vscode-icons-team.vscode-icons, startup: false, activationEvent: 'onStartupFinished'
2025-02-20 01:45:33.369 [info] ExtensionService#_doActivateExtension vscode.emmet, startup: false, activationEvent: 'onLanguage'
2025-02-20 01:45:33.682 [info] ExtensionService#_doActivateExtension vscode.github-authentication, startup: false, activationEvent: 'onAuthenticationRequest:github'
2025-02-20 01:45:36.932 [info] ExtensionService#_doActivateExtension vscode.configuration-editing, startup: false, activationEvent: 'onLanguage:json'
2025-02-20 01:45:36.956 [info] ExtensionService#_doActivateExtension vscode.extension-editing, startup: false, activationEvent: 'onLanguage:json'
2025-02-20 01:45:36.982 [info] ExtensionService#_doActivateExtension vscode.json-language-features, startup: false, activationEvent: 'onLanguage:json'
2025-02-20 01:45:58.403 [info] ExtensionService#_doActivateExtension vscode.html-language-features, startup: false, activationEvent: 'onLanguage:html'
2025-02-20 01:45:58.509 [info] ExtensionService#_doActivateExtension Angular.ng-template, startup: false, activationEvent: 'onLanguage:html'
2025-02-20 01:46:05.392 [error] EntryNotFound (FileSystemError): Error: ENOENT: no such file or directory, stat '/home/alberto/Desktop/Projects/spring/frontEnd/auth-app/favicon.ico'
	at Zi.e (file:///usr/lib/code/out/vs/workbench/api/node/extensionHostProcess.js:112:9126)
	at Object.stat (file:///usr/lib/code/out/vs/workbench/api/node/extensionHostProcess.js:112:7076)
