2025-02-09 00:11:28.729 [info] Added views:outline in workbench.view.explorer
2025-02-09 00:11:28.729 [info] Added views:workbench.view.search in workbench.view.search
2025-02-09 00:11:28.729 [info] Added views:workbench.scm in workbench.view.scm
2025-02-09 00:11:28.729 [info] Added views:workbench.panel.markers.view in workbench.panel.markers
2025-02-09 00:11:28.729 [info] Added views:workbench.panel.output in workbench.panel.output
2025-02-09 00:11:28.729 [info] Added views:terminal in terminal
2025-02-09 00:11:28.729 [info] Added views:timeline in workbench.view.explorer
2025-02-09 00:11:28.729 [info] Added views:workbench.explorer.fileView in workbench.view.explorer
2025-02-09 00:11:29.579 [info] Added views:workbench.debug.variablesView,workbench.debug.watchExpressionsView,workbench.debug.callStackView,workbench.debug.breakPointsView in workbench.view.debug
2025-02-09 00:11:30.452 [info] Added views:workbench.panel.repl.view in workbench.panel.repl
2025-02-09 00:11:30.453 [info] Removed views:workbench.debug.breakPointsView,workbench.debug.callStackView,workbench.debug.watchExpressionsView,workbench.debug.variablesView from workbench.view.debug
2025-02-09 00:11:30.455 [info] Added views:workbench.debug.welcome in workbench.view.debug
2025-02-09 00:11:30.589 [info] Added views:~remote.forwardedPorts in ~remote.forwardedPortsContainer
2025-02-09 00:11:31.090 [info] Added views:workbench.scm.history in workbench.view.scm
2025-02-09 00:24:07.178 [info] Removed views:workbench.scm.history from workbench.view.scm
2025-02-09 00:24:08.205 [info] Added views:outline in workbench.view.explorer
2025-02-09 00:24:08.205 [info] Added views:workbench.view.search in workbench.view.search
2025-02-09 00:24:08.205 [info] Added views:workbench.scm in workbench.view.scm
2025-02-09 00:24:08.205 [info] Added views:workbench.panel.markers.view in workbench.panel.markers
2025-02-09 00:24:08.205 [info] Added views:workbench.panel.output in workbench.panel.output
2025-02-09 00:24:08.205 [info] Added views:terminal in terminal
2025-02-09 00:24:08.205 [info] Added views:timeline in workbench.view.explorer
2025-02-09 00:24:08.205 [info] Added views:workbench.explorer.fileView in workbench.view.explorer
2025-02-09 00:24:08.470 [info] Added views:workbench.debug.welcome in workbench.view.debug
2025-02-09 00:24:09.853 [info] Added views:workbench.panel.repl.view in workbench.panel.repl
2025-02-09 00:24:10.745 [info] Added views:~remote.forwardedPorts in ~remote.forwardedPortsContainer
2025-02-09 00:24:12.274 [info] Added views:workbench.scm.history in workbench.view.scm
2025-02-09 00:27:54.580 [info] Removed views:workbench.scm.history from workbench.view.scm
