2025-02-09 00:47:46.027 [info] Extension host with pid 266581 started
2025-02-09 00:47:46.027 [info] Skipping acquiring lock for /home/alberto/.config/Code - OSS/User/workspaceStorage/8d0ae8bd97b28056f9b6c7b79c27344b.
2025-02-09 00:47:46.082 [info] ExtensionService#_doActivateExtension vscode.git-base, startup: true, activationEvent: '*', root cause: vscode.git
2025-02-09 00:47:46.096 [info] ExtensionService#_doActivateExtension vscode.npm, startup: true, activationEvent: 'workspaceContains:package.json'
2025-02-09 00:47:46.182 [info] ExtensionService#_doActivateExtension vscode.git, startup: true, activationEvent: '*'
2025-02-09 00:47:46.363 [info] ExtensionService#_doActivateExtension vscode.github, startup: true, activationEvent: '*'
2025-02-09 00:47:46.580 [info] Eager extensions activated
2025-02-09 00:47:46.754 [info] ExtensionService#_doActivateExtension vscode.debug-auto-launch, startup: false, activationEvent: 'onStartupFinished'
2025-02-09 00:47:46.763 [info] ExtensionService#_doActivateExtension vscode.merge-conflict, startup: false, activationEvent: 'onStartupFinished'
2025-02-09 00:47:46.826 [info] ExtensionService#_doActivateExtension dbaeumer.vscode-eslint, startup: false, activationEvent: 'onStartupFinished'
2025-02-09 00:47:46.951 [info] ExtensionService#_doActivateExtension dsznajder.es7-react-js-snippets, startup: false, activationEvent: 'onStartupFinished'
2025-02-09 00:47:48.338 [info] ExtensionService#_doActivateExtension esbenp.prettier-vscode, startup: false, activationEvent: 'onStartupFinished'
2025-02-09 00:47:48.556 [info] ExtensionService#_doActivateExtension ritwickdey.LiveServer, startup: false, activationEvent: 'onStartupFinished'
2025-02-09 00:47:48.570 [info] ExtensionService#_doActivateExtension vscode-icons-team.vscode-icons, startup: false, activationEvent: 'onStartupFinished'
2025-02-09 00:47:49.004 [info] ExtensionService#_doActivateExtension vscode.emmet, startup: false, activationEvent: 'onLanguage'
2025-02-09 00:47:51.727 [info] ExtensionService#_doActivateExtension vscode.configuration-editing, startup: false, activationEvent: 'onLanguage:json'
2025-02-09 00:47:51.756 [info] ExtensionService#_doActivateExtension vscode.extension-editing, startup: false, activationEvent: 'onLanguage:json'
2025-02-09 00:47:51.786 [info] ExtensionService#_doActivateExtension vscode.json-language-features, startup: false, activationEvent: 'onLanguage:json'
2025-02-09 00:51:29.355 [info] ExtensionService#_doActivateExtension vscode.typescript-language-features, startup: false, activationEvent: 'onLanguage:typescriptreact'
2025-02-09 01:02:27.451 [info] Extension host terminating: renderer closed the MessagePort
2025-02-09 01:02:27.533 [error] Canceled: Canceled
	at new IT (file:///usr/lib/code/out/vs/workbench/api/node/extensionHostProcess.js:32:110702)
	at Dy.U (file:///usr/lib/code/out/vs/workbench/api/node/extensionHostProcess.js:32:115312)
	at s.<computed>.n.charCodeAt.s.<computed> (file:///usr/lib/code/out/vs/workbench/api/node/extensionHostProcess.js:32:112806)
	at cw.g (file:///usr/lib/code/out/vs/workbench/api/node/extensionHostProcess.js:115:32313)
	at cw.executeCommand (file:///usr/lib/code/out/vs/workbench/api/node/extensionHostProcess.js:115:31817)
	at r.registerCommand.description (file:///usr/lib/code/out/vs/workbench/api/node/extensionHostProcess.js:115:31147)
	at cw.h (file:///usr/lib/code/out/vs/workbench/api/node/extensionHostProcess.js:115:32833)
	at cw.g (file:///usr/lib/code/out/vs/workbench/api/node/extensionHostProcess.js:115:31910)
	at cw.executeCommand (file:///usr/lib/code/out/vs/workbench/api/node/extensionHostProcess.js:115:31817)
	at Object.executeCommand (file:///usr/lib/code/out/vs/workbench/api/node/extensionHostProcess.js:157:37484)
	at kh.L [as value] (/usr/lib/code/extensions/git/dist/main.js:2:975601)
	at P.B (file:///usr/lib/code/out/vs/workbench/api/node/extensionHostProcess.js:30:746)
	at P.C (file:///usr/lib/code/out/vs/workbench/api/node/extensionHostProcess.js:30:816)
	at P.fire (file:///usr/lib/code/out/vs/workbench/api/node/extensionHostProcess.js:30:1033)
	at Object.p [as dispose] (/usr/lib/code/extensions/git/dist/main.js:2:997158)
	at /usr/lib/code/extensions/git/dist/main.js:2:1003280
	at Array.forEach (<anonymous>)
	at b.dispose (/usr/lib/code/extensions/git/dist/main.js:2:1003266)
	at ev.<anonymous> (file:///usr/lib/code/out/vs/workbench/api/node/extensionHostProcess.js:109:20047)
	at ev.dispose (file:///usr/lib/code/out/vs/workbench/api/node/extensionHostProcess.js:109:20143)
	at ev.<anonymous> (/usr/lib/code/extensions/git/dist/main.js:2:978080)
	at ev.dispose (file:///usr/lib/code/out/vs/workbench/api/node/extensionHostProcess.js:109:20143)
	at ai (file:///usr/lib/code/out/vs/workbench/api/node/extensionHostProcess.js:25:699)
	at file:///usr/lib/code/out/vs/workbench/api/node/extensionHostProcess.js:119:14992
	at file:///usr/lib/code/out/vs/workbench/api/node/extensionHostProcess.js:25:1009
	at Object.dispose (file:///usr/lib/code/out/vs/workbench/api/node/extensionHostProcess.js:8:705)
	at zz.eb (file:///usr/lib/code/out/vs/workbench/api/node/extensionHostProcess.js:119:11919)
	at file:///usr/lib/code/out/vs/workbench/api/node/extensionHostProcess.js:119:9874
	at Array.map (<anonymous>)
	at zz.$ (file:///usr/lib/code/out/vs/workbench/api/node/extensionHostProcess.js:119:9862)
	at zz.terminate (file:///usr/lib/code/out/vs/workbench/api/node/extensionHostProcess.js:119:10105)
	at QC.terminate (file:///usr/lib/code/out/vs/workbench/api/node/extensionHostProcess.js:120:1424)
	at Zi (file:///usr/lib/code/out/vs/workbench/api/node/extensionHostProcess.js:175:15080)
	at MessagePortMain.<anonymous> (file:///usr/lib/code/out/vs/workbench/api/node/extensionHostProcess.js:175:11628)
	at MessagePortMain.emit (node:events:518:28)
	at MessagePortMain._internalPort.emit (node:electron/js2c/utility_init:2:2949) setContext undefined
2025-02-09 01:02:27.534 [error] Canceled: Canceled
	at new IT (file:///usr/lib/code/out/vs/workbench/api/node/extensionHostProcess.js:32:110702)
	at Dy.U (file:///usr/lib/code/out/vs/workbench/api/node/extensionHostProcess.js:32:115312)
	at s.<computed>.n.charCodeAt.s.<computed> (file:///usr/lib/code/out/vs/workbench/api/node/extensionHostProcess.js:32:112806)
	at cw.g (file:///usr/lib/code/out/vs/workbench/api/node/extensionHostProcess.js:115:32313)
	at cw.executeCommand (file:///usr/lib/code/out/vs/workbench/api/node/extensionHostProcess.js:115:31817)
	at r.registerCommand.description (file:///usr/lib/code/out/vs/workbench/api/node/extensionHostProcess.js:115:31147)
	at cw.h (file:///usr/lib/code/out/vs/workbench/api/node/extensionHostProcess.js:115:32833)
	at cw.g (file:///usr/lib/code/out/vs/workbench/api/node/extensionHostProcess.js:115:31910)
	at cw.executeCommand (file:///usr/lib/code/out/vs/workbench/api/node/extensionHostProcess.js:115:31817)
	at Object.executeCommand (file:///usr/lib/code/out/vs/workbench/api/node/extensionHostProcess.js:157:37484)
	at set hasGitHubRepositories (/usr/lib/code/extensions/github/dist/extension.js:2:328633)
	at /usr/lib/code/extensions/github/dist/extension.js:2:329592
	at kh.value (/usr/lib/code/extensions/git/dist/main.js:2:1088462)
	at P.B (file:///usr/lib/code/out/vs/workbench/api/node/extensionHostProcess.js:30:746)
	at P.C (file:///usr/lib/code/out/vs/workbench/api/node/extensionHostProcess.js:30:816)
	at P.fire (file:///usr/lib/code/out/vs/workbench/api/node/extensionHostProcess.js:30:1033)
	at Object.p [as dispose] (/usr/lib/code/extensions/git/dist/main.js:2:997158)
	at /usr/lib/code/extensions/git/dist/main.js:2:1003280
	at Array.forEach (<anonymous>)
	at b.dispose (/usr/lib/code/extensions/git/dist/main.js:2:1003266)
	at ev.<anonymous> (file:///usr/lib/code/out/vs/workbench/api/node/extensionHostProcess.js:109:20047)
	at ev.dispose (file:///usr/lib/code/out/vs/workbench/api/node/extensionHostProcess.js:109:20143)
	at ev.<anonymous> (/usr/lib/code/extensions/git/dist/main.js:2:978080)
	at ev.dispose (file:///usr/lib/code/out/vs/workbench/api/node/extensionHostProcess.js:109:20143)
	at ai (file:///usr/lib/code/out/vs/workbench/api/node/extensionHostProcess.js:25:699)
	at file:///usr/lib/code/out/vs/workbench/api/node/extensionHostProcess.js:119:14992
	at file:///usr/lib/code/out/vs/workbench/api/node/extensionHostProcess.js:25:1009
	at Object.dispose (file:///usr/lib/code/out/vs/workbench/api/node/extensionHostProcess.js:8:705)
	at zz.eb (file:///usr/lib/code/out/vs/workbench/api/node/extensionHostProcess.js:119:11919)
	at file:///usr/lib/code/out/vs/workbench/api/node/extensionHostProcess.js:119:9874
	at Array.map (<anonymous>)
	at zz.$ (file:///usr/lib/code/out/vs/workbench/api/node/extensionHostProcess.js:119:9862)
	at zz.terminate (file:///usr/lib/code/out/vs/workbench/api/node/extensionHostProcess.js:119:10105)
	at QC.terminate (file:///usr/lib/code/out/vs/workbench/api/node/extensionHostProcess.js:120:1424)
	at Zi (file:///usr/lib/code/out/vs/workbench/api/node/extensionHostProcess.js:175:15080)
	at MessagePortMain.<anonymous> (file:///usr/lib/code/out/vs/workbench/api/node/extensionHostProcess.js:175:11628)
	at MessagePortMain.emit (node:events:518:28)
	at MessagePortMain._internalPort.emit (node:electron/js2c/utility_init:2:2949) setContext undefined
2025-02-09 01:02:27.543 [info] Extension host with pid 266581 exiting with code 0
