2025-02-09 00:11:30.364 [info] Extension host with pid 186611 started
2025-02-09 00:11:30.364 [info] Skipping acquiring lock for /home/alberto/.config/Code - OSS/User/workspaceStorage/b36503a4c8e0512726c34ec659a5c22c.
2025-02-09 00:11:30.457 [info] ExtensionService#_doActivateExtension vscode.git-base, startup: true, activationEvent: '*', root cause: vscode.git
2025-02-09 00:11:30.470 [info] ExtensionService#_doActivateExtension vscode.npm, startup: true, activationEvent: 'workspaceContains:package.json'
2025-02-09 00:11:30.550 [info] ExtensionService#_doActivateExtension vscode.git, startup: true, activationEvent: '*'
2025-02-09 00:11:30.731 [info] ExtensionService#_doActivateExtension vscode.github, startup: true, activationEvent: '*'
2025-02-09 00:11:30.950 [info] Eager extensions activated
2025-02-09 00:11:31.098 [info] ExtensionService#_doActivateExtension vscode.debug-auto-launch, startup: false, activationEvent: 'onStartupFinished'
2025-02-09 00:11:31.104 [info] ExtensionService#_doActivateExtension vscode.merge-conflict, startup: false, activationEvent: 'onStartupFinished'
2025-02-09 00:11:31.163 [info] ExtensionService#_doActivateExtension dbaeumer.vscode-eslint, startup: false, activationEvent: 'onStartupFinished'
2025-02-09 00:11:31.281 [info] ExtensionService#_doActivateExtension dsznajder.es7-react-js-snippets, startup: false, activationEvent: 'onStartupFinished'
2025-02-09 00:11:32.139 [info] ExtensionService#_doActivateExtension esbenp.prettier-vscode, startup: false, activationEvent: 'onStartupFinished'
2025-02-09 00:11:32.297 [info] ExtensionService#_doActivateExtension ritwickdey.LiveServer, startup: false, activationEvent: 'onStartupFinished'
2025-02-09 00:11:32.309 [info] ExtensionService#_doActivateExtension vscode-icons-team.vscode-icons, startup: false, activationEvent: 'onStartupFinished'
2025-02-09 00:11:32.655 [info] ExtensionService#_doActivateExtension vscode.emmet, startup: false, activationEvent: 'onLanguage'
2025-02-09 00:11:36.065 [info] ExtensionService#_doActivateExtension vscode.configuration-editing, startup: false, activationEvent: 'onLanguage:json'
2025-02-09 00:11:36.093 [info] ExtensionService#_doActivateExtension vscode.extension-editing, startup: false, activationEvent: 'onLanguage:json'
2025-02-09 00:11:36.118 [info] ExtensionService#_doActivateExtension vscode.json-language-features, startup: false, activationEvent: 'onLanguage:json'
2025-02-09 00:12:03.265 [info] ExtensionService#_doActivateExtension vscode.typescript-language-features, startup: false, activationEvent: 'onLanguage:typescriptreact'
2025-02-09 00:24:07.093 [info] Extension host terminating: renderer closed the MessagePort
2025-02-09 00:24:07.185 [error] Canceled: Canceled
	at new IT (file:///usr/lib/code/out/vs/workbench/api/node/extensionHostProcess.js:32:110702)
	at Dy.U (file:///usr/lib/code/out/vs/workbench/api/node/extensionHostProcess.js:32:115312)
	at s.<computed>.n.charCodeAt.s.<computed> (file:///usr/lib/code/out/vs/workbench/api/node/extensionHostProcess.js:32:112806)
	at cw.g (file:///usr/lib/code/out/vs/workbench/api/node/extensionHostProcess.js:115:32313)
	at cw.executeCommand (file:///usr/lib/code/out/vs/workbench/api/node/extensionHostProcess.js:115:31817)
	at r.registerCommand.description (file:///usr/lib/code/out/vs/workbench/api/node/extensionHostProcess.js:115:31147)
	at cw.h (file:///usr/lib/code/out/vs/workbench/api/node/extensionHostProcess.js:115:32833)
	at cw.g (file:///usr/lib/code/out/vs/workbench/api/node/extensionHostProcess.js:115:31910)
	at cw.executeCommand (file:///usr/lib/code/out/vs/workbench/api/node/extensionHostProcess.js:115:31817)
	at Object.executeCommand (file:///usr/lib/code/out/vs/workbench/api/node/extensionHostProcess.js:157:37484)
	at kh.L [as value] (/usr/lib/code/extensions/git/dist/main.js:2:975601)
	at P.B (file:///usr/lib/code/out/vs/workbench/api/node/extensionHostProcess.js:30:746)
	at P.C (file:///usr/lib/code/out/vs/workbench/api/node/extensionHostProcess.js:30:816)
	at P.fire (file:///usr/lib/code/out/vs/workbench/api/node/extensionHostProcess.js:30:1033)
	at Object.p [as dispose] (/usr/lib/code/extensions/git/dist/main.js:2:997158)
	at /usr/lib/code/extensions/git/dist/main.js:2:1003280
	at Array.forEach (<anonymous>)
	at b.dispose (/usr/lib/code/extensions/git/dist/main.js:2:1003266)
	at ev.<anonymous> (file:///usr/lib/code/out/vs/workbench/api/node/extensionHostProcess.js:109:20047)
	at ev.dispose (file:///usr/lib/code/out/vs/workbench/api/node/extensionHostProcess.js:109:20143)
	at ev.<anonymous> (/usr/lib/code/extensions/git/dist/main.js:2:978080)
	at ev.dispose (file:///usr/lib/code/out/vs/workbench/api/node/extensionHostProcess.js:109:20143)
	at ai (file:///usr/lib/code/out/vs/workbench/api/node/extensionHostProcess.js:25:699)
	at file:///usr/lib/code/out/vs/workbench/api/node/extensionHostProcess.js:119:14992
	at file:///usr/lib/code/out/vs/workbench/api/node/extensionHostProcess.js:25:1009
	at Object.dispose (file:///usr/lib/code/out/vs/workbench/api/node/extensionHostProcess.js:8:705)
	at zz.eb (file:///usr/lib/code/out/vs/workbench/api/node/extensionHostProcess.js:119:11919)
	at file:///usr/lib/code/out/vs/workbench/api/node/extensionHostProcess.js:119:9874
	at Array.map (<anonymous>)
	at zz.$ (file:///usr/lib/code/out/vs/workbench/api/node/extensionHostProcess.js:119:9862)
	at zz.terminate (file:///usr/lib/code/out/vs/workbench/api/node/extensionHostProcess.js:119:10105)
	at QC.terminate (file:///usr/lib/code/out/vs/workbench/api/node/extensionHostProcess.js:120:1424)
	at Zi (file:///usr/lib/code/out/vs/workbench/api/node/extensionHostProcess.js:175:15080)
	at MessagePortMain.<anonymous> (file:///usr/lib/code/out/vs/workbench/api/node/extensionHostProcess.js:175:11628)
	at MessagePortMain.emit (node:events:518:28)
	at MessagePortMain._internalPort.emit (node:electron/js2c/utility_init:2:2949) setContext undefined
2025-02-09 00:24:07.186 [error] Canceled: Canceled
	at new IT (file:///usr/lib/code/out/vs/workbench/api/node/extensionHostProcess.js:32:110702)
	at Dy.U (file:///usr/lib/code/out/vs/workbench/api/node/extensionHostProcess.js:32:115312)
	at s.<computed>.n.charCodeAt.s.<computed> (file:///usr/lib/code/out/vs/workbench/api/node/extensionHostProcess.js:32:112806)
	at cw.g (file:///usr/lib/code/out/vs/workbench/api/node/extensionHostProcess.js:115:32313)
	at cw.executeCommand (file:///usr/lib/code/out/vs/workbench/api/node/extensionHostProcess.js:115:31817)
	at r.registerCommand.description (file:///usr/lib/code/out/vs/workbench/api/node/extensionHostProcess.js:115:31147)
	at cw.h (file:///usr/lib/code/out/vs/workbench/api/node/extensionHostProcess.js:115:32833)
	at cw.g (file:///usr/lib/code/out/vs/workbench/api/node/extensionHostProcess.js:115:31910)
	at cw.executeCommand (file:///usr/lib/code/out/vs/workbench/api/node/extensionHostProcess.js:115:31817)
	at Object.executeCommand (file:///usr/lib/code/out/vs/workbench/api/node/extensionHostProcess.js:157:37484)
	at set hasGitHubRepositories (/usr/lib/code/extensions/github/dist/extension.js:2:328633)
	at /usr/lib/code/extensions/github/dist/extension.js:2:329592
	at kh.value (/usr/lib/code/extensions/git/dist/main.js:2:1088462)
	at P.B (file:///usr/lib/code/out/vs/workbench/api/node/extensionHostProcess.js:30:746)
	at P.C (file:///usr/lib/code/out/vs/workbench/api/node/extensionHostProcess.js:30:816)
	at P.fire (file:///usr/lib/code/out/vs/workbench/api/node/extensionHostProcess.js:30:1033)
	at Object.p [as dispose] (/usr/lib/code/extensions/git/dist/main.js:2:997158)
	at /usr/lib/code/extensions/git/dist/main.js:2:1003280
	at Array.forEach (<anonymous>)
	at b.dispose (/usr/lib/code/extensions/git/dist/main.js:2:1003266)
	at ev.<anonymous> (file:///usr/lib/code/out/vs/workbench/api/node/extensionHostProcess.js:109:20047)
	at ev.dispose (file:///usr/lib/code/out/vs/workbench/api/node/extensionHostProcess.js:109:20143)
	at ev.<anonymous> (/usr/lib/code/extensions/git/dist/main.js:2:978080)
	at ev.dispose (file:///usr/lib/code/out/vs/workbench/api/node/extensionHostProcess.js:109:20143)
	at ai (file:///usr/lib/code/out/vs/workbench/api/node/extensionHostProcess.js:25:699)
	at file:///usr/lib/code/out/vs/workbench/api/node/extensionHostProcess.js:119:14992
	at file:///usr/lib/code/out/vs/workbench/api/node/extensionHostProcess.js:25:1009
	at Object.dispose (file:///usr/lib/code/out/vs/workbench/api/node/extensionHostProcess.js:8:705)
	at zz.eb (file:///usr/lib/code/out/vs/workbench/api/node/extensionHostProcess.js:119:11919)
	at file:///usr/lib/code/out/vs/workbench/api/node/extensionHostProcess.js:119:9874
	at Array.map (<anonymous>)
	at zz.$ (file:///usr/lib/code/out/vs/workbench/api/node/extensionHostProcess.js:119:9862)
	at zz.terminate (file:///usr/lib/code/out/vs/workbench/api/node/extensionHostProcess.js:119:10105)
	at QC.terminate (file:///usr/lib/code/out/vs/workbench/api/node/extensionHostProcess.js:120:1424)
	at Zi (file:///usr/lib/code/out/vs/workbench/api/node/extensionHostProcess.js:175:15080)
	at MessagePortMain.<anonymous> (file:///usr/lib/code/out/vs/workbench/api/node/extensionHostProcess.js:175:11628)
	at MessagePortMain.emit (node:events:518:28)
	at MessagePortMain._internalPort.emit (node:electron/js2c/utility_init:2:2949) setContext undefined
2025-02-09 00:24:07.190 [info] Extension host with pid 186611 exiting with code 0
2025-02-09 00:24:09.485 [info] Extension host with pid 214383 started
2025-02-09 00:24:09.485 [info] Skipping acquiring lock for /home/alberto/.config/Code - OSS/User/workspaceStorage/cd6e709ddbf4987f1c58bba71cff3168.
2025-02-09 00:24:09.847 [info] ExtensionService#_doActivateExtension vscode.emmet, startup: false, activationEvent: 'onLanguage'
2025-02-09 00:24:09.897 [info] ExtensionService#_doActivateExtension vscode.typescript-language-features, startup: false, activationEvent: 'onLanguage:javascript'
2025-02-09 00:24:10.013 [info] ExtensionService#_doActivateExtension dsznajder.es7-react-js-snippets, startup: false, activationEvent: 'onLanguage:javascript'
2025-02-09 00:24:11.142 [info] ExtensionService#_doActivateExtension vscode.git-base, startup: true, activationEvent: '*', root cause: vscode.git
2025-02-09 00:24:11.387 [info] ExtensionService#_doActivateExtension vscode.npm, startup: true, activationEvent: 'workspaceContains:package.json'
2025-02-09 00:24:11.510 [info] ExtensionService#_doActivateExtension vscode.git, startup: true, activationEvent: '*'
2025-02-09 00:24:11.721 [info] ExtensionService#_doActivateExtension vscode.github, startup: true, activationEvent: '*'
2025-02-09 00:24:11.982 [info] Eager extensions activated
2025-02-09 00:24:12.287 [info] ExtensionService#_doActivateExtension vscode.debug-auto-launch, startup: false, activationEvent: 'onStartupFinished'
2025-02-09 00:24:12.304 [info] ExtensionService#_doActivateExtension vscode.merge-conflict, startup: false, activationEvent: 'onStartupFinished'
2025-02-09 00:24:12.366 [info] ExtensionService#_doActivateExtension dbaeumer.vscode-eslint, startup: false, activationEvent: 'onStartupFinished'
2025-02-09 00:24:12.496 [info] ExtensionService#_doActivateExtension esbenp.prettier-vscode, startup: false, activationEvent: 'onStartupFinished'
2025-02-09 00:24:12.728 [info] ExtensionService#_doActivateExtension ritwickdey.LiveServer, startup: false, activationEvent: 'onStartupFinished'
2025-02-09 00:24:12.748 [info] ExtensionService#_doActivateExtension vscode-icons-team.vscode-icons, startup: false, activationEvent: 'onStartupFinished'
2025-02-09 00:24:13.851 [info] ExtensionService#_doActivateExtension vscode.github-authentication, startup: false, activationEvent: 'onAuthenticationRequest:github'
2025-02-09 00:24:16.636 [info] ExtensionService#_doActivateExtension vscode.configuration-editing, startup: false, activationEvent: 'onLanguage:json'
2025-02-09 00:24:16.662 [info] ExtensionService#_doActivateExtension vscode.extension-editing, startup: false, activationEvent: 'onLanguage:json'
2025-02-09 00:24:16.690 [info] ExtensionService#_doActivateExtension vscode.json-language-features, startup: false, activationEvent: 'onLanguage:json'
2025-02-09 00:27:54.533 [info] Extension host terminating: renderer closed the MessagePort
2025-02-09 00:27:54.574 [error] Canceled: Canceled
	at new IT (file:///usr/lib/code/out/vs/workbench/api/node/extensionHostProcess.js:32:110702)
	at Dy.U (file:///usr/lib/code/out/vs/workbench/api/node/extensionHostProcess.js:32:115312)
	at s.<computed>.n.charCodeAt.s.<computed> (file:///usr/lib/code/out/vs/workbench/api/node/extensionHostProcess.js:32:112806)
	at cw.g (file:///usr/lib/code/out/vs/workbench/api/node/extensionHostProcess.js:115:32313)
	at cw.executeCommand (file:///usr/lib/code/out/vs/workbench/api/node/extensionHostProcess.js:115:31817)
	at r.registerCommand.description (file:///usr/lib/code/out/vs/workbench/api/node/extensionHostProcess.js:115:31147)
	at cw.h (file:///usr/lib/code/out/vs/workbench/api/node/extensionHostProcess.js:115:32833)
	at cw.g (file:///usr/lib/code/out/vs/workbench/api/node/extensionHostProcess.js:115:31910)
	at cw.executeCommand (file:///usr/lib/code/out/vs/workbench/api/node/extensionHostProcess.js:115:31817)
	at Object.executeCommand (file:///usr/lib/code/out/vs/workbench/api/node/extensionHostProcess.js:157:37484)
	at kh.L [as value] (/usr/lib/code/extensions/git/dist/main.js:2:975601)
	at P.B (file:///usr/lib/code/out/vs/workbench/api/node/extensionHostProcess.js:30:746)
	at P.C (file:///usr/lib/code/out/vs/workbench/api/node/extensionHostProcess.js:30:816)
	at P.fire (file:///usr/lib/code/out/vs/workbench/api/node/extensionHostProcess.js:30:1033)
	at Object.p [as dispose] (/usr/lib/code/extensions/git/dist/main.js:2:997158)
	at /usr/lib/code/extensions/git/dist/main.js:2:1003280
	at Array.forEach (<anonymous>)
	at b.dispose (/usr/lib/code/extensions/git/dist/main.js:2:1003266)
	at ev.<anonymous> (file:///usr/lib/code/out/vs/workbench/api/node/extensionHostProcess.js:109:20047)
	at ev.dispose (file:///usr/lib/code/out/vs/workbench/api/node/extensionHostProcess.js:109:20143)
	at ev.<anonymous> (/usr/lib/code/extensions/git/dist/main.js:2:978080)
	at ev.dispose (file:///usr/lib/code/out/vs/workbench/api/node/extensionHostProcess.js:109:20143)
	at ai (file:///usr/lib/code/out/vs/workbench/api/node/extensionHostProcess.js:25:699)
	at file:///usr/lib/code/out/vs/workbench/api/node/extensionHostProcess.js:119:14992
	at file:///usr/lib/code/out/vs/workbench/api/node/extensionHostProcess.js:25:1009
	at Object.dispose (file:///usr/lib/code/out/vs/workbench/api/node/extensionHostProcess.js:8:705)
	at zz.eb (file:///usr/lib/code/out/vs/workbench/api/node/extensionHostProcess.js:119:11919)
	at file:///usr/lib/code/out/vs/workbench/api/node/extensionHostProcess.js:119:9874
	at Array.map (<anonymous>)
	at zz.$ (file:///usr/lib/code/out/vs/workbench/api/node/extensionHostProcess.js:119:9862)
	at zz.terminate (file:///usr/lib/code/out/vs/workbench/api/node/extensionHostProcess.js:119:10105)
	at QC.terminate (file:///usr/lib/code/out/vs/workbench/api/node/extensionHostProcess.js:120:1424)
	at Zi (file:///usr/lib/code/out/vs/workbench/api/node/extensionHostProcess.js:175:15080)
	at MessagePortMain.<anonymous> (file:///usr/lib/code/out/vs/workbench/api/node/extensionHostProcess.js:175:11628)
	at MessagePortMain.emit (node:events:518:28)
	at MessagePortMain._internalPort.emit (node:electron/js2c/utility_init:2:2949) setContext undefined
2025-02-09 00:27:54.575 [error] Canceled: Canceled
	at new IT (file:///usr/lib/code/out/vs/workbench/api/node/extensionHostProcess.js:32:110702)
	at Dy.U (file:///usr/lib/code/out/vs/workbench/api/node/extensionHostProcess.js:32:115312)
	at s.<computed>.n.charCodeAt.s.<computed> (file:///usr/lib/code/out/vs/workbench/api/node/extensionHostProcess.js:32:112806)
	at cw.g (file:///usr/lib/code/out/vs/workbench/api/node/extensionHostProcess.js:115:32313)
	at cw.executeCommand (file:///usr/lib/code/out/vs/workbench/api/node/extensionHostProcess.js:115:31817)
	at r.registerCommand.description (file:///usr/lib/code/out/vs/workbench/api/node/extensionHostProcess.js:115:31147)
	at cw.h (file:///usr/lib/code/out/vs/workbench/api/node/extensionHostProcess.js:115:32833)
	at cw.g (file:///usr/lib/code/out/vs/workbench/api/node/extensionHostProcess.js:115:31910)
	at cw.executeCommand (file:///usr/lib/code/out/vs/workbench/api/node/extensionHostProcess.js:115:31817)
	at Object.executeCommand (file:///usr/lib/code/out/vs/workbench/api/node/extensionHostProcess.js:157:37484)
	at set hasGitHubRepositories (/usr/lib/code/extensions/github/dist/extension.js:2:328633)
	at /usr/lib/code/extensions/github/dist/extension.js:2:329592
	at kh.value (/usr/lib/code/extensions/git/dist/main.js:2:1088462)
	at P.B (file:///usr/lib/code/out/vs/workbench/api/node/extensionHostProcess.js:30:746)
	at P.C (file:///usr/lib/code/out/vs/workbench/api/node/extensionHostProcess.js:30:816)
	at P.fire (file:///usr/lib/code/out/vs/workbench/api/node/extensionHostProcess.js:30:1033)
	at Object.p [as dispose] (/usr/lib/code/extensions/git/dist/main.js:2:997158)
	at /usr/lib/code/extensions/git/dist/main.js:2:1003280
	at Array.forEach (<anonymous>)
	at b.dispose (/usr/lib/code/extensions/git/dist/main.js:2:1003266)
	at ev.<anonymous> (file:///usr/lib/code/out/vs/workbench/api/node/extensionHostProcess.js:109:20047)
	at ev.dispose (file:///usr/lib/code/out/vs/workbench/api/node/extensionHostProcess.js:109:20143)
	at ev.<anonymous> (/usr/lib/code/extensions/git/dist/main.js:2:978080)
	at ev.dispose (file:///usr/lib/code/out/vs/workbench/api/node/extensionHostProcess.js:109:20143)
	at ai (file:///usr/lib/code/out/vs/workbench/api/node/extensionHostProcess.js:25:699)
	at file:///usr/lib/code/out/vs/workbench/api/node/extensionHostProcess.js:119:14992
	at file:///usr/lib/code/out/vs/workbench/api/node/extensionHostProcess.js:25:1009
	at Object.dispose (file:///usr/lib/code/out/vs/workbench/api/node/extensionHostProcess.js:8:705)
	at zz.eb (file:///usr/lib/code/out/vs/workbench/api/node/extensionHostProcess.js:119:11919)
	at file:///usr/lib/code/out/vs/workbench/api/node/extensionHostProcess.js:119:9874
	at Array.map (<anonymous>)
	at zz.$ (file:///usr/lib/code/out/vs/workbench/api/node/extensionHostProcess.js:119:9862)
	at zz.terminate (file:///usr/lib/code/out/vs/workbench/api/node/extensionHostProcess.js:119:10105)
	at QC.terminate (file:///usr/lib/code/out/vs/workbench/api/node/extensionHostProcess.js:120:1424)
	at Zi (file:///usr/lib/code/out/vs/workbench/api/node/extensionHostProcess.js:175:15080)
	at MessagePortMain.<anonymous> (file:///usr/lib/code/out/vs/workbench/api/node/extensionHostProcess.js:175:11628)
	at MessagePortMain.emit (node:events:518:28)
	at MessagePortMain._internalPort.emit (node:electron/js2c/utility_init:2:2949) setContext undefined
2025-02-09 00:27:54.579 [info] Extension host with pid 214383 exiting with code 0
