[2025-03-31 19:20:29.275] [info]  [db] Initialized DB client
[2025-03-31 19:20:29.326] [info]  Redirecting to last visited project proj_8fdc830c9d004c98a7dcb47804883a48
[2025-03-31 19:20:29.616] [info]  [FileSystemDriver] Initialized in "/home/alberto/.config/Insomnia/version-control"
[2025-03-31 19:20:29.621] [info]  [sync] Activated project prj_42d606abc8d04822aa2a1ef59edd33fd
[2025-03-31 19:20:29.622] [info]  [FileSystemDriver] Writing to /projects/prj_42d606abc8d04822aa2a1ef59edd33fd/meta.json
[2025-03-31 19:20:29.623] [info]  [FileSystemDriver] Writing to /home/alberto/.config/Insomnia/version-control/projects/prj_42d606abc8d04822aa2a1ef59edd33fd/meta.json.e5b7cb18-61bd-43ae-bf6c-a15ff7d06111.tmp then renaming to /home/alberto/.config/Insomnia/version-control/projects/prj_42d606abc8d04822aa2a1ef59edd33fd/meta.json
[2025-03-31 19:20:29.673] [info]  [sync] Activated project prj_42d606abc8d04822aa2a1ef59edd33fd
[2025-03-31 19:20:29.673] [info]  [FileSystemDriver] Writing to /projects/prj_42d606abc8d04822aa2a1ef59edd33fd/meta.json
[2025-03-31 19:20:29.674] [info]  [FileSystemDriver] Writing to /home/alberto/.config/Insomnia/version-control/projects/prj_42d606abc8d04822aa2a1ef59edd33fd/meta.json.7868dbb7-5c79-4b6f-9703-78bb299abd01.tmp then renaming to /home/alberto/.config/Insomnia/version-control/projects/prj_42d606abc8d04822aa2a1ef59edd33fd/meta.json
[2025-03-31 19:20:31.903] [info]  [sync] Activated project prj_42d606abc8d04822aa2a1ef59edd33fd
[2025-03-31 19:20:31.904] [info]  [FileSystemDriver] Writing to /projects/prj_42d606abc8d04822aa2a1ef59edd33fd/meta.json
[2025-03-31 19:20:31.905] [info]  [FileSystemDriver] Writing to /home/alberto/.config/Insomnia/version-control/projects/prj_42d606abc8d04822aa2a1ef59edd33fd/meta.json.6a716571-1ebb-45ac-bec5-58d08b5e2ccc.tmp then renaming to /home/alberto/.config/Insomnia/version-control/projects/prj_42d606abc8d04822aa2a1ef59edd33fd/meta.json
[2025-03-31 19:20:35.414] [info]  [sync] Activated project prj_42d606abc8d04822aa2a1ef59edd33fd
[2025-03-31 19:20:35.414] [info]  [FileSystemDriver] Writing to /projects/prj_42d606abc8d04822aa2a1ef59edd33fd/meta.json
[2025-03-31 19:20:35.415] [info]  [FileSystemDriver] Writing to /home/alberto/.config/Insomnia/version-control/projects/prj_42d606abc8d04822aa2a1ef59edd33fd/meta.json.0f708b6a-910a-4249-85b9-1c24f7e8f5a1.tmp then renaming to /home/alberto/.config/Insomnia/version-control/projects/prj_42d606abc8d04822aa2a1ef59edd33fd/meta.json
[2025-03-31 19:20:36.609] [info]  [sync] Activated project prj_42d606abc8d04822aa2a1ef59edd33fd
[2025-03-31 19:20:36.609] [info]  [FileSystemDriver] Writing to /projects/prj_42d606abc8d04822aa2a1ef59edd33fd/meta.json
[2025-03-31 19:20:36.609] [info]  [FileSystemDriver] Writing to /home/alberto/.config/Insomnia/version-control/projects/prj_42d606abc8d04822aa2a1ef59edd33fd/meta.json.2aff84b9-dffa-4466-8f86-1a70589a56d9.tmp then renaming to /home/alberto/.config/Insomnia/version-control/projects/prj_42d606abc8d04822aa2a1ef59edd33fd/meta.json
[2025-03-31 19:20:44.154] [info]  [sync] Activated project prj_42d606abc8d04822aa2a1ef59edd33fd
[2025-03-31 19:20:44.155] [info]  [FileSystemDriver] Writing to /projects/prj_42d606abc8d04822aa2a1ef59edd33fd/meta.json
[2025-03-31 19:20:44.155] [info]  [FileSystemDriver] Writing to /home/alberto/.config/Insomnia/version-control/projects/prj_42d606abc8d04822aa2a1ef59edd33fd/meta.json.15bc3068-c55b-48f2-98b4-b7edb7ec26af.tmp then renaming to /home/alberto/.config/Insomnia/version-control/projects/prj_42d606abc8d04822aa2a1ef59edd33fd/meta.json
[2025-03-31 19:20:45.181] [info]  [sync] Activated project prj_42d606abc8d04822aa2a1ef59edd33fd
[2025-03-31 19:20:45.181] [info]  [FileSystemDriver] Writing to /projects/prj_42d606abc8d04822aa2a1ef59edd33fd/meta.json
[2025-03-31 19:20:45.182] [info]  [FileSystemDriver] Writing to /home/alberto/.config/Insomnia/version-control/projects/prj_42d606abc8d04822aa2a1ef59edd33fd/meta.json.7653d3d7-1331-4180-9a08-35fb6775c069.tmp then renaming to /home/alberto/.config/Insomnia/version-control/projects/prj_42d606abc8d04822aa2a1ef59edd33fd/meta.json
[2025-03-31 19:20:49.158] [info]  [sync] Activated project prj_42d606abc8d04822aa2a1ef59edd33fd
[2025-03-31 19:20:49.159] [info]  [FileSystemDriver] Writing to /projects/prj_42d606abc8d04822aa2a1ef59edd33fd/meta.json
[2025-03-31 19:20:49.163] [info]  [FileSystemDriver] Writing to /home/alberto/.config/Insomnia/version-control/projects/prj_42d606abc8d04822aa2a1ef59edd33fd/meta.json.2d07784c-c8b5-4c80-b1d9-8c6a0c269ad3.tmp then renaming to /home/alberto/.config/Insomnia/version-control/projects/prj_42d606abc8d04822aa2a1ef59edd33fd/meta.json
[2025-03-31 19:20:49.927] [info]  [sync] Activated project prj_42d606abc8d04822aa2a1ef59edd33fd
[2025-03-31 19:20:49.928] [info]  [FileSystemDriver] Writing to /projects/prj_42d606abc8d04822aa2a1ef59edd33fd/meta.json
[2025-03-31 19:20:49.928] [info]  [FileSystemDriver] Writing to /home/alberto/.config/Insomnia/version-control/projects/prj_42d606abc8d04822aa2a1ef59edd33fd/meta.json.c0e8af58-adf6-4f17-927e-4fc712334b52.tmp then renaming to /home/alberto/.config/Insomnia/version-control/projects/prj_42d606abc8d04822aa2a1ef59edd33fd/meta.json
[2025-03-31 19:20:53.363] [info]  [sync] Activated project prj_42d606abc8d04822aa2a1ef59edd33fd
[2025-03-31 19:20:53.363] [info]  [FileSystemDriver] Writing to /projects/prj_42d606abc8d04822aa2a1ef59edd33fd/meta.json
[2025-03-31 19:20:53.364] [info]  [FileSystemDriver] Writing to /home/alberto/.config/Insomnia/version-control/projects/prj_42d606abc8d04822aa2a1ef59edd33fd/meta.json.543258ef-7245-4874-8bf7-58a8e755d432.tmp then renaming to /home/alberto/.config/Insomnia/version-control/projects/prj_42d606abc8d04822aa2a1ef59edd33fd/meta.json
[2025-03-31 19:20:53.579] [info]  [sync] Activated project prj_42d606abc8d04822aa2a1ef59edd33fd
[2025-03-31 19:20:53.579] [info]  [FileSystemDriver] Writing to /projects/prj_42d606abc8d04822aa2a1ef59edd33fd/meta.json
[2025-03-31 19:20:53.580] [info]  [FileSystemDriver] Writing to /home/alberto/.config/Insomnia/version-control/projects/prj_42d606abc8d04822aa2a1ef59edd33fd/meta.json.0af19f97-b300-4523-9520-4ede540fafc4.tmp then renaming to /home/alberto/.config/Insomnia/version-control/projects/prj_42d606abc8d04822aa2a1ef59edd33fd/meta.json
[2025-03-31 19:20:55.625] [info]  [sync] Activated project prj_42d606abc8d04822aa2a1ef59edd33fd
[2025-03-31 19:20:55.626] [info]  [FileSystemDriver] Writing to /projects/prj_42d606abc8d04822aa2a1ef59edd33fd/meta.json
[2025-03-31 19:20:55.626] [info]  [FileSystemDriver] Writing to /home/alberto/.config/Insomnia/version-control/projects/prj_42d606abc8d04822aa2a1ef59edd33fd/meta.json.6e24e1b4-37f0-41d1-8f8e-07a39e88a373.tmp then renaming to /home/alberto/.config/Insomnia/version-control/projects/prj_42d606abc8d04822aa2a1ef59edd33fd/meta.json
[2025-03-31 19:20:55.841] [info]  [sync] Activated project prj_42d606abc8d04822aa2a1ef59edd33fd
[2025-03-31 19:20:55.841] [info]  [FileSystemDriver] Writing to /projects/prj_42d606abc8d04822aa2a1ef59edd33fd/meta.json
[2025-03-31 19:20:55.842] [info]  [FileSystemDriver] Writing to /home/alberto/.config/Insomnia/version-control/projects/prj_42d606abc8d04822aa2a1ef59edd33fd/meta.json.f31c62de-6773-4c4c-bf7f-9f251a87c1a0.tmp then renaming to /home/alberto/.config/Insomnia/version-control/projects/prj_42d606abc8d04822aa2a1ef59edd33fd/meta.json
[2025-03-31 19:20:56.068] [info]  [sync] Activated project prj_42d606abc8d04822aa2a1ef59edd33fd
[2025-03-31 19:20:56.069] [info]  [FileSystemDriver] Writing to /projects/prj_42d606abc8d04822aa2a1ef59edd33fd/meta.json
[2025-03-31 19:20:56.069] [info]  [FileSystemDriver] Writing to /home/alberto/.config/Insomnia/version-control/projects/prj_42d606abc8d04822aa2a1ef59edd33fd/meta.json.fdbca0ea-032d-4859-87c3-02ea0c1b3c82.tmp then renaming to /home/alberto/.config/Insomnia/version-control/projects/prj_42d606abc8d04822aa2a1ef59edd33fd/meta.json
[2025-03-31 19:20:56.235] [info]  [sync] Activated project prj_42d606abc8d04822aa2a1ef59edd33fd
[2025-03-31 19:20:56.235] [info]  [FileSystemDriver] Writing to /projects/prj_42d606abc8d04822aa2a1ef59edd33fd/meta.json
[2025-03-31 19:20:56.235] [info]  [FileSystemDriver] Writing to /home/alberto/.config/Insomnia/version-control/projects/prj_42d606abc8d04822aa2a1ef59edd33fd/meta.json.3fc397ca-58a8-4f1f-8113-4b3556339233.tmp then renaming to /home/alberto/.config/Insomnia/version-control/projects/prj_42d606abc8d04822aa2a1ef59edd33fd/meta.json
[2025-03-31 19:20:56.400] [info]  [sync] Activated project prj_42d606abc8d04822aa2a1ef59edd33fd
[2025-03-31 19:20:56.400] [info]  [FileSystemDriver] Writing to /projects/prj_42d606abc8d04822aa2a1ef59edd33fd/meta.json
[2025-03-31 19:20:56.401] [info]  [FileSystemDriver] Writing to /home/alberto/.config/Insomnia/version-control/projects/prj_42d606abc8d04822aa2a1ef59edd33fd/meta.json.a0e5f08f-828f-4f36-a454-6ec9ccaa5af3.tmp then renaming to /home/alberto/.config/Insomnia/version-control/projects/prj_42d606abc8d04822aa2a1ef59edd33fd/meta.json
[2025-03-31 19:20:56.583] [info]  [sync] Activated project prj_42d606abc8d04822aa2a1ef59edd33fd
[2025-03-31 19:20:56.584] [info]  [FileSystemDriver] Writing to /projects/prj_42d606abc8d04822aa2a1ef59edd33fd/meta.json
[2025-03-31 19:20:56.584] [info]  [FileSystemDriver] Writing to /home/alberto/.config/Insomnia/version-control/projects/prj_42d606abc8d04822aa2a1ef59edd33fd/meta.json.8bea61b0-5d79-4ee2-ae71-e93b15ee7130.tmp then renaming to /home/alberto/.config/Insomnia/version-control/projects/prj_42d606abc8d04822aa2a1ef59edd33fd/meta.json
[2025-03-31 19:20:56.754] [info]  [sync] Activated project prj_42d606abc8d04822aa2a1ef59edd33fd
[2025-03-31 19:20:56.754] [info]  [FileSystemDriver] Writing to /projects/prj_42d606abc8d04822aa2a1ef59edd33fd/meta.json
[2025-03-31 19:20:56.755] [info]  [FileSystemDriver] Writing to /home/alberto/.config/Insomnia/version-control/projects/prj_42d606abc8d04822aa2a1ef59edd33fd/meta.json.777c3564-9a66-4baf-b20a-7af4444fa0f9.tmp then renaming to /home/alberto/.config/Insomnia/version-control/projects/prj_42d606abc8d04822aa2a1ef59edd33fd/meta.json
[2025-03-31 19:20:57.021] [info]  [sync] Activated project prj_42d606abc8d04822aa2a1ef59edd33fd
[2025-03-31 19:20:57.021] [info]  [FileSystemDriver] Writing to /projects/prj_42d606abc8d04822aa2a1ef59edd33fd/meta.json
[2025-03-31 19:20:57.022] [info]  [FileSystemDriver] Writing to /home/alberto/.config/Insomnia/version-control/projects/prj_42d606abc8d04822aa2a1ef59edd33fd/meta.json.feb00b86-195c-40f6-aa06-8ba1c3ee270f.tmp then renaming to /home/alberto/.config/Insomnia/version-control/projects/prj_42d606abc8d04822aa2a1ef59edd33fd/meta.json
[2025-03-31 19:20:57.031] [info]  [sync] Activated project prj_42d606abc8d04822aa2a1ef59edd33fd
[2025-03-31 19:20:57.031] [info]  [FileSystemDriver] Writing to /projects/prj_42d606abc8d04822aa2a1ef59edd33fd/meta.json
[2025-03-31 19:20:57.032] [info]  [FileSystemDriver] Writing to /home/alberto/.config/Insomnia/version-control/projects/prj_42d606abc8d04822aa2a1ef59edd33fd/meta.json.84b2052a-a56c-43a6-b38d-05743003042d.tmp then renaming to /home/alberto/.config/Insomnia/version-control/projects/prj_42d606abc8d04822aa2a1ef59edd33fd/meta.json
[2025-03-31 19:20:57.223] [info]  [sync] Activated project prj_42d606abc8d04822aa2a1ef59edd33fd
[2025-03-31 19:20:57.223] [info]  [FileSystemDriver] Writing to /projects/prj_42d606abc8d04822aa2a1ef59edd33fd/meta.json
[2025-03-31 19:20:57.224] [info]  [FileSystemDriver] Writing to /home/alberto/.config/Insomnia/version-control/projects/prj_42d606abc8d04822aa2a1ef59edd33fd/meta.json.506fcecd-22a2-474a-8a55-6c0ff4a73e6c.tmp then renaming to /home/alberto/.config/Insomnia/version-control/projects/prj_42d606abc8d04822aa2a1ef59edd33fd/meta.json
[2025-03-31 19:20:57.378] [info]  [sync] Activated project prj_42d606abc8d04822aa2a1ef59edd33fd
[2025-03-31 19:20:57.378] [info]  [FileSystemDriver] Writing to /projects/prj_42d606abc8d04822aa2a1ef59edd33fd/meta.json
[2025-03-31 19:20:57.378] [info]  [FileSystemDriver] Writing to /home/alberto/.config/Insomnia/version-control/projects/prj_42d606abc8d04822aa2a1ef59edd33fd/meta.json.3f42bf27-3ff4-4e6c-b906-6f2cac091ecd.tmp then renaming to /home/alberto/.config/Insomnia/version-control/projects/prj_42d606abc8d04822aa2a1ef59edd33fd/meta.json
[2025-03-31 19:20:57.669] [info]  [sync] Activated project prj_42d606abc8d04822aa2a1ef59edd33fd
[2025-03-31 19:20:57.669] [info]  [FileSystemDriver] Writing to /projects/prj_42d606abc8d04822aa2a1ef59edd33fd/meta.json
[2025-03-31 19:20:57.670] [info]  [FileSystemDriver] Writing to /home/alberto/.config/Insomnia/version-control/projects/prj_42d606abc8d04822aa2a1ef59edd33fd/meta.json.455c18c3-bd3e-4d5a-b84d-91faa038cf15.tmp then renaming to /home/alberto/.config/Insomnia/version-control/projects/prj_42d606abc8d04822aa2a1ef59edd33fd/meta.json
[2025-03-31 19:20:58.142] [info]  [sync] Activated project prj_42d606abc8d04822aa2a1ef59edd33fd
[2025-03-31 19:20:58.142] [info]  [FileSystemDriver] Writing to /projects/prj_42d606abc8d04822aa2a1ef59edd33fd/meta.json
[2025-03-31 19:20:58.143] [info]  [FileSystemDriver] Writing to /home/alberto/.config/Insomnia/version-control/projects/prj_42d606abc8d04822aa2a1ef59edd33fd/meta.json.87249271-5d69-4ad9-a666-da428feef9ad.tmp then renaming to /home/alberto/.config/Insomnia/version-control/projects/prj_42d606abc8d04822aa2a1ef59edd33fd/meta.json
[2025-03-31 19:20:58.439] [info]  [sync] Activated project prj_42d606abc8d04822aa2a1ef59edd33fd
[2025-03-31 19:20:58.439] [info]  [FileSystemDriver] Writing to /projects/prj_42d606abc8d04822aa2a1ef59edd33fd/meta.json
[2025-03-31 19:20:58.440] [info]  [FileSystemDriver] Writing to /home/alberto/.config/Insomnia/version-control/projects/prj_42d606abc8d04822aa2a1ef59edd33fd/meta.json.6a5a716f-0223-4758-8f9f-c0c44f9c8db9.tmp then renaming to /home/alberto/.config/Insomnia/version-control/projects/prj_42d606abc8d04822aa2a1ef59edd33fd/meta.json
[2025-03-31 19:20:58.706] [info]  [sync] Activated project prj_42d606abc8d04822aa2a1ef59edd33fd
[2025-03-31 19:20:58.706] [info]  [FileSystemDriver] Writing to /projects/prj_42d606abc8d04822aa2a1ef59edd33fd/meta.json
[2025-03-31 19:20:58.707] [info]  [FileSystemDriver] Writing to /home/alberto/.config/Insomnia/version-control/projects/prj_42d606abc8d04822aa2a1ef59edd33fd/meta.json.2c396f81-d882-4a7a-98d7-049919a9384b.tmp then renaming to /home/alberto/.config/Insomnia/version-control/projects/prj_42d606abc8d04822aa2a1ef59edd33fd/meta.json
[2025-03-31 19:20:58.985] [info]  [sync] Activated project prj_42d606abc8d04822aa2a1ef59edd33fd
[2025-03-31 19:20:58.985] [info]  [FileSystemDriver] Writing to /projects/prj_42d606abc8d04822aa2a1ef59edd33fd/meta.json
[2025-03-31 19:20:58.986] [info]  [FileSystemDriver] Writing to /home/alberto/.config/Insomnia/version-control/projects/prj_42d606abc8d04822aa2a1ef59edd33fd/meta.json.0f92c1b3-9eb7-4169-a267-5aebf04fac2e.tmp then renaming to /home/alberto/.config/Insomnia/version-control/projects/prj_42d606abc8d04822aa2a1ef59edd33fd/meta.json
[2025-03-31 19:20:59.149] [info]  [sync] Activated project prj_42d606abc8d04822aa2a1ef59edd33fd
[2025-03-31 19:20:59.150] [info]  [FileSystemDriver] Writing to /projects/prj_42d606abc8d04822aa2a1ef59edd33fd/meta.json
[2025-03-31 19:20:59.150] [info]  [FileSystemDriver] Writing to /home/alberto/.config/Insomnia/version-control/projects/prj_42d606abc8d04822aa2a1ef59edd33fd/meta.json.02ca7328-6889-40c6-bfc5-93d337dad2b6.tmp then renaming to /home/alberto/.config/Insomnia/version-control/projects/prj_42d606abc8d04822aa2a1ef59edd33fd/meta.json
[2025-03-31 19:20:59.301] [info]  [sync] Activated project prj_42d606abc8d04822aa2a1ef59edd33fd
[2025-03-31 19:20:59.301] [info]  [FileSystemDriver] Writing to /projects/prj_42d606abc8d04822aa2a1ef59edd33fd/meta.json
[2025-03-31 19:20:59.302] [info]  [FileSystemDriver] Writing to /home/alberto/.config/Insomnia/version-control/projects/prj_42d606abc8d04822aa2a1ef59edd33fd/meta.json.6d62e692-1949-4a6f-958b-66c0e8247f05.tmp then renaming to /home/alberto/.config/Insomnia/version-control/projects/prj_42d606abc8d04822aa2a1ef59edd33fd/meta.json
[2025-03-31 19:20:59.543] [info]  [sync] Activated project prj_42d606abc8d04822aa2a1ef59edd33fd
[2025-03-31 19:20:59.543] [info]  [FileSystemDriver] Writing to /projects/prj_42d606abc8d04822aa2a1ef59edd33fd/meta.json
[2025-03-31 19:20:59.544] [info]  [FileSystemDriver] Writing to /home/alberto/.config/Insomnia/version-control/projects/prj_42d606abc8d04822aa2a1ef59edd33fd/meta.json.1418a77e-cb6a-4373-9919-35610675edf2.tmp then renaming to /home/alberto/.config/Insomnia/version-control/projects/prj_42d606abc8d04822aa2a1ef59edd33fd/meta.json
[2025-03-31 19:20:59.689] [info]  [sync] Activated project prj_42d606abc8d04822aa2a1ef59edd33fd
[2025-03-31 19:20:59.689] [info]  [FileSystemDriver] Writing to /projects/prj_42d606abc8d04822aa2a1ef59edd33fd/meta.json
[2025-03-31 19:20:59.690] [info]  [FileSystemDriver] Writing to /home/alberto/.config/Insomnia/version-control/projects/prj_42d606abc8d04822aa2a1ef59edd33fd/meta.json.5f00a90b-692d-4f50-91af-fbe362a79a88.tmp then renaming to /home/alberto/.config/Insomnia/version-control/projects/prj_42d606abc8d04822aa2a1ef59edd33fd/meta.json
[2025-03-31 19:21:00.218] [info]  [sync] Activated project prj_42d606abc8d04822aa2a1ef59edd33fd
[2025-03-31 19:21:00.218] [info]  [FileSystemDriver] Writing to /projects/prj_42d606abc8d04822aa2a1ef59edd33fd/meta.json
[2025-03-31 19:21:00.218] [info]  [FileSystemDriver] Writing to /home/alberto/.config/Insomnia/version-control/projects/prj_42d606abc8d04822aa2a1ef59edd33fd/meta.json.e51bce96-8046-4952-8206-63e7ac079a94.tmp then renaming to /home/alberto/.config/Insomnia/version-control/projects/prj_42d606abc8d04822aa2a1ef59edd33fd/meta.json
[2025-03-31 19:21:00.507] [info]  [sync] Activated project prj_42d606abc8d04822aa2a1ef59edd33fd
[2025-03-31 19:21:00.507] [info]  [FileSystemDriver] Writing to /projects/prj_42d606abc8d04822aa2a1ef59edd33fd/meta.json
[2025-03-31 19:21:00.508] [info]  [FileSystemDriver] Writing to /home/alberto/.config/Insomnia/version-control/projects/prj_42d606abc8d04822aa2a1ef59edd33fd/meta.json.8e17fdcd-5e01-44cc-af7d-2968f0e944a8.tmp then renaming to /home/alberto/.config/Insomnia/version-control/projects/prj_42d606abc8d04822aa2a1ef59edd33fd/meta.json
[2025-03-31 19:21:00.853] [info]  [sync] Activated project prj_42d606abc8d04822aa2a1ef59edd33fd
[2025-03-31 19:21:00.853] [info]  [FileSystemDriver] Writing to /projects/prj_42d606abc8d04822aa2a1ef59edd33fd/meta.json
[2025-03-31 19:21:00.854] [info]  [FileSystemDriver] Writing to /home/alberto/.config/Insomnia/version-control/projects/prj_42d606abc8d04822aa2a1ef59edd33fd/meta.json.2dfb6349-d1f3-4b8f-9817-07941164299f.tmp then renaming to /home/alberto/.config/Insomnia/version-control/projects/prj_42d606abc8d04822aa2a1ef59edd33fd/meta.json
[2025-03-31 19:21:01.313] [info]  [sync] Activated project prj_42d606abc8d04822aa2a1ef59edd33fd
[2025-03-31 19:21:01.314] [info]  [FileSystemDriver] Writing to /projects/prj_42d606abc8d04822aa2a1ef59edd33fd/meta.json
[2025-03-31 19:21:01.314] [info]  [FileSystemDriver] Writing to /home/alberto/.config/Insomnia/version-control/projects/prj_42d606abc8d04822aa2a1ef59edd33fd/meta.json.aa5dcdbb-1db0-4456-bdff-0d045545c232.tmp then renaming to /home/alberto/.config/Insomnia/version-control/projects/prj_42d606abc8d04822aa2a1ef59edd33fd/meta.json
[2025-03-31 19:21:01.853] [info]  [sync] Activated project prj_42d606abc8d04822aa2a1ef59edd33fd
[2025-03-31 19:21:01.853] [info]  [FileSystemDriver] Writing to /projects/prj_42d606abc8d04822aa2a1ef59edd33fd/meta.json
[2025-03-31 19:21:01.854] [info]  [FileSystemDriver] Writing to /home/alberto/.config/Insomnia/version-control/projects/prj_42d606abc8d04822aa2a1ef59edd33fd/meta.json.76107e05-9152-4cab-b5ef-baa93f0b30da.tmp then renaming to /home/alberto/.config/Insomnia/version-control/projects/prj_42d606abc8d04822aa2a1ef59edd33fd/meta.json
[2025-03-31 19:21:02.015] [info]  [sync] Activated project prj_42d606abc8d04822aa2a1ef59edd33fd
[2025-03-31 19:21:02.016] [info]  [FileSystemDriver] Writing to /projects/prj_42d606abc8d04822aa2a1ef59edd33fd/meta.json
[2025-03-31 19:21:02.016] [info]  [FileSystemDriver] Writing to /home/alberto/.config/Insomnia/version-control/projects/prj_42d606abc8d04822aa2a1ef59edd33fd/meta.json.84e99f48-2bc1-4c82-8c54-b7fe52acd13a.tmp then renaming to /home/alberto/.config/Insomnia/version-control/projects/prj_42d606abc8d04822aa2a1ef59edd33fd/meta.json
[2025-03-31 19:21:02.248] [info]  [sync] Activated project prj_42d606abc8d04822aa2a1ef59edd33fd
[2025-03-31 19:21:02.248] [info]  [FileSystemDriver] Writing to /projects/prj_42d606abc8d04822aa2a1ef59edd33fd/meta.json
[2025-03-31 19:21:02.249] [info]  [FileSystemDriver] Writing to /home/alberto/.config/Insomnia/version-control/projects/prj_42d606abc8d04822aa2a1ef59edd33fd/meta.json.4fd2be05-867f-4eff-970e-6a7b84f6d6d3.tmp then renaming to /home/alberto/.config/Insomnia/version-control/projects/prj_42d606abc8d04822aa2a1ef59edd33fd/meta.json
[2025-03-31 19:21:02.523] [info]  [sync] Activated project prj_42d606abc8d04822aa2a1ef59edd33fd
[2025-03-31 19:21:02.524] [info]  [FileSystemDriver] Writing to /projects/prj_42d606abc8d04822aa2a1ef59edd33fd/meta.json
[2025-03-31 19:21:02.525] [info]  [FileSystemDriver] Writing to /home/alberto/.config/Insomnia/version-control/projects/prj_42d606abc8d04822aa2a1ef59edd33fd/meta.json.19826163-ef0e-4c31-b253-45f2dfa9d4bd.tmp then renaming to /home/alberto/.config/Insomnia/version-control/projects/prj_42d606abc8d04822aa2a1ef59edd33fd/meta.json
[2025-03-31 19:26:52.976] [info]  [sync] Activated project prj_42d606abc8d04822aa2a1ef59edd33fd
[2025-03-31 19:26:52.976] [info]  [FileSystemDriver] Writing to /projects/prj_42d606abc8d04822aa2a1ef59edd33fd/meta.json
[2025-03-31 19:26:52.977] [info]  [FileSystemDriver] Writing to /home/alberto/.config/Insomnia/version-control/projects/prj_42d606abc8d04822aa2a1ef59edd33fd/meta.json.7aa9254a-1a47-4dab-ac0f-999bcacb801e.tmp then renaming to /home/alberto/.config/Insomnia/version-control/projects/prj_42d606abc8d04822aa2a1ef59edd33fd/meta.json
[2025-03-31 19:26:54.759] [info]  [network] Response succeeded req=req_b8dfca7cea8b41bbb999a4942f6119c9 status=404
[2025-03-31 19:26:54.875] [info]  [sync] Activated project prj_42d606abc8d04822aa2a1ef59edd33fd
[2025-03-31 19:26:54.875] [info]  [FileSystemDriver] Writing to /projects/prj_42d606abc8d04822aa2a1ef59edd33fd/meta.json
[2025-03-31 19:26:54.876] [info]  [FileSystemDriver] Writing to /home/alberto/.config/Insomnia/version-control/projects/prj_42d606abc8d04822aa2a1ef59edd33fd/meta.json.bd4ebb04-e610-4f0e-b7a2-1cd1603092bc.tmp then renaming to /home/alberto/.config/Insomnia/version-control/projects/prj_42d606abc8d04822aa2a1ef59edd33fd/meta.json
[2025-03-31 19:27:08.823] [info]  [sync] Activated project prj_42d606abc8d04822aa2a1ef59edd33fd
[2025-03-31 19:27:08.823] [info]  [FileSystemDriver] Writing to /projects/prj_42d606abc8d04822aa2a1ef59edd33fd/meta.json
[2025-03-31 19:27:08.824] [info]  [FileSystemDriver] Writing to /home/alberto/.config/Insomnia/version-control/projects/prj_42d606abc8d04822aa2a1ef59edd33fd/meta.json.b8ca81f9-41cf-4e30-9cb1-5c67ca5cfba1.tmp then renaming to /home/alberto/.config/Insomnia/version-control/projects/prj_42d606abc8d04822aa2a1ef59edd33fd/meta.json
[2025-03-31 19:27:46.730] [info]  [sync] Activated project prj_42d606abc8d04822aa2a1ef59edd33fd
[2025-03-31 19:27:46.730] [info]  [FileSystemDriver] Writing to /projects/prj_42d606abc8d04822aa2a1ef59edd33fd/meta.json
[2025-03-31 19:27:46.731] [info]  [FileSystemDriver] Writing to /home/alberto/.config/Insomnia/version-control/projects/prj_42d606abc8d04822aa2a1ef59edd33fd/meta.json.37fbf8ca-4a94-4f94-b6c2-56cbd284cfc8.tmp then renaming to /home/alberto/.config/Insomnia/version-control/projects/prj_42d606abc8d04822aa2a1ef59edd33fd/meta.json
[2025-03-31 19:27:49.893] [info]  [sync] Activated project prj_42d606abc8d04822aa2a1ef59edd33fd
[2025-03-31 19:27:49.893] [info]  [FileSystemDriver] Writing to /projects/prj_42d606abc8d04822aa2a1ef59edd33fd/meta.json
[2025-03-31 19:27:49.894] [info]  [FileSystemDriver] Writing to /home/alberto/.config/Insomnia/version-control/projects/prj_42d606abc8d04822aa2a1ef59edd33fd/meta.json.7559a3a5-a4ea-48ea-abd7-35b953a3612f.tmp then renaming to /home/alberto/.config/Insomnia/version-control/projects/prj_42d606abc8d04822aa2a1ef59edd33fd/meta.json
[2025-03-31 19:27:50.288] [info]  [sync] Activated project prj_42d606abc8d04822aa2a1ef59edd33fd
[2025-03-31 19:27:50.289] [info]  [FileSystemDriver] Writing to /projects/prj_42d606abc8d04822aa2a1ef59edd33fd/meta.json
[2025-03-31 19:27:50.289] [info]  [FileSystemDriver] Writing to /home/alberto/.config/Insomnia/version-control/projects/prj_42d606abc8d04822aa2a1ef59edd33fd/meta.json.d3dfaf8d-08f5-4491-a2d8-14b48b1a0fd0.tmp then renaming to /home/alberto/.config/Insomnia/version-control/projects/prj_42d606abc8d04822aa2a1ef59edd33fd/meta.json
[2025-03-31 19:27:51.472] [info]  [sync] Activated project prj_42d606abc8d04822aa2a1ef59edd33fd
[2025-03-31 19:27:51.472] [info]  [FileSystemDriver] Writing to /projects/prj_42d606abc8d04822aa2a1ef59edd33fd/meta.json
[2025-03-31 19:27:51.473] [info]  [FileSystemDriver] Writing to /home/alberto/.config/Insomnia/version-control/projects/prj_42d606abc8d04822aa2a1ef59edd33fd/meta.json.e68f7f76-83b3-4367-8a20-a29b92ac3c11.tmp then renaming to /home/alberto/.config/Insomnia/version-control/projects/prj_42d606abc8d04822aa2a1ef59edd33fd/meta.json
[2025-03-31 19:28:00.288] [info]  [sync] Activated project prj_42d606abc8d04822aa2a1ef59edd33fd
[2025-03-31 19:28:00.289] [info]  [FileSystemDriver] Writing to /projects/prj_42d606abc8d04822aa2a1ef59edd33fd/meta.json
[2025-03-31 19:28:00.289] [info]  [FileSystemDriver] Writing to /home/alberto/.config/Insomnia/version-control/projects/prj_42d606abc8d04822aa2a1ef59edd33fd/meta.json.505f5f67-5025-46ad-9c26-b9846d5b8e35.tmp then renaming to /home/alberto/.config/Insomnia/version-control/projects/prj_42d606abc8d04822aa2a1ef59edd33fd/meta.json
[2025-03-31 19:28:01.814] [info]  [network] Response succeeded req=req_b8dfca7cea8b41bbb999a4942f6119c9 status=404
[2025-03-31 19:28:01.970] [info]  [sync] Activated project prj_42d606abc8d04822aa2a1ef59edd33fd
[2025-03-31 19:28:01.970] [info]  [FileSystemDriver] Writing to /projects/prj_42d606abc8d04822aa2a1ef59edd33fd/meta.json
[2025-03-31 19:28:01.971] [info]  [FileSystemDriver] Writing to /home/alberto/.config/Insomnia/version-control/projects/prj_42d606abc8d04822aa2a1ef59edd33fd/meta.json.28044aff-92a0-4674-ad62-fd3b557281a2.tmp then renaming to /home/alberto/.config/Insomnia/version-control/projects/prj_42d606abc8d04822aa2a1ef59edd33fd/meta.json
[2025-03-31 19:28:03.602] [info]  [network] Response succeeded req=req_b8dfca7cea8b41bbb999a4942f6119c9 status=404
[2025-03-31 19:28:03.714] [info]  [sync] Activated project prj_42d606abc8d04822aa2a1ef59edd33fd
[2025-03-31 19:28:03.714] [info]  [FileSystemDriver] Writing to /projects/prj_42d606abc8d04822aa2a1ef59edd33fd/meta.json
[2025-03-31 19:28:03.715] [info]  [FileSystemDriver] Writing to /home/alberto/.config/Insomnia/version-control/projects/prj_42d606abc8d04822aa2a1ef59edd33fd/meta.json.0fff4318-da29-440d-aeb9-c84d5328936f.tmp then renaming to /home/alberto/.config/Insomnia/version-control/projects/prj_42d606abc8d04822aa2a1ef59edd33fd/meta.json
[2025-03-31 19:28:04.677] [info]  [network] Response succeeded req=req_b8dfca7cea8b41bbb999a4942f6119c9 status=404
[2025-03-31 19:28:04.811] [info]  [sync] Activated project prj_42d606abc8d04822aa2a1ef59edd33fd
[2025-03-31 19:28:04.811] [info]  [FileSystemDriver] Writing to /projects/prj_42d606abc8d04822aa2a1ef59edd33fd/meta.json
[2025-03-31 19:28:04.812] [info]  [FileSystemDriver] Writing to /home/alberto/.config/Insomnia/version-control/projects/prj_42d606abc8d04822aa2a1ef59edd33fd/meta.json.728339fd-fa6b-46dc-82c4-ad7f7d63d991.tmp then renaming to /home/alberto/.config/Insomnia/version-control/projects/prj_42d606abc8d04822aa2a1ef59edd33fd/meta.json
[2025-03-31 19:28:05.375] [info]  [network] Response succeeded req=req_b8dfca7cea8b41bbb999a4942f6119c9 status=404
[2025-03-31 19:28:05.511] [info]  [sync] Activated project prj_42d606abc8d04822aa2a1ef59edd33fd
[2025-03-31 19:28:05.512] [info]  [FileSystemDriver] Writing to /projects/prj_42d606abc8d04822aa2a1ef59edd33fd/meta.json
[2025-03-31 19:28:05.512] [info]  [FileSystemDriver] Writing to /home/alberto/.config/Insomnia/version-control/projects/prj_42d606abc8d04822aa2a1ef59edd33fd/meta.json.81fc9779-22c8-4af4-be87-d1fb4e272fae.tmp then renaming to /home/alberto/.config/Insomnia/version-control/projects/prj_42d606abc8d04822aa2a1ef59edd33fd/meta.json
[2025-03-31 19:28:05.973] [info]  [network] Response succeeded req=req_b8dfca7cea8b41bbb999a4942f6119c9 status=404
[2025-03-31 19:28:06.069] [info]  [sync] Activated project prj_42d606abc8d04822aa2a1ef59edd33fd
[2025-03-31 19:28:06.069] [info]  [FileSystemDriver] Writing to /projects/prj_42d606abc8d04822aa2a1ef59edd33fd/meta.json
[2025-03-31 19:28:06.070] [info]  [FileSystemDriver] Writing to /home/alberto/.config/Insomnia/version-control/projects/prj_42d606abc8d04822aa2a1ef59edd33fd/meta.json.2376fe94-de13-4932-bc5c-0daafa618976.tmp then renaming to /home/alberto/.config/Insomnia/version-control/projects/prj_42d606abc8d04822aa2a1ef59edd33fd/meta.json
[2025-03-31 19:28:06.753] [info]  [network] Response succeeded req=req_b8dfca7cea8b41bbb999a4942f6119c9 status=404
[2025-03-31 19:28:06.893] [info]  [sync] Activated project prj_42d606abc8d04822aa2a1ef59edd33fd
[2025-03-31 19:28:06.893] [info]  [FileSystemDriver] Writing to /projects/prj_42d606abc8d04822aa2a1ef59edd33fd/meta.json
[2025-03-31 19:28:06.896] [info]  [FileSystemDriver] Writing to /home/alberto/.config/Insomnia/version-control/projects/prj_42d606abc8d04822aa2a1ef59edd33fd/meta.json.6d19e498-27c1-449b-a9ba-537d10c8627f.tmp then renaming to /home/alberto/.config/Insomnia/version-control/projects/prj_42d606abc8d04822aa2a1ef59edd33fd/meta.json
[2025-03-31 19:28:17.878] [info]  [sync] Activated project prj_42d606abc8d04822aa2a1ef59edd33fd
[2025-03-31 19:28:17.879] [info]  [FileSystemDriver] Writing to /projects/prj_42d606abc8d04822aa2a1ef59edd33fd/meta.json
[2025-03-31 19:28:17.879] [info]  [FileSystemDriver] Writing to /home/alberto/.config/Insomnia/version-control/projects/prj_42d606abc8d04822aa2a1ef59edd33fd/meta.json.11a0e352-02b7-441a-9204-fd82df9c2802.tmp then renaming to /home/alberto/.config/Insomnia/version-control/projects/prj_42d606abc8d04822aa2a1ef59edd33fd/meta.json
[2025-03-31 19:28:21.461] [info]  [sync] Activated project prj_42d606abc8d04822aa2a1ef59edd33fd
[2025-03-31 19:28:21.462] [info]  [FileSystemDriver] Writing to /projects/prj_42d606abc8d04822aa2a1ef59edd33fd/meta.json
[2025-03-31 19:28:21.462] [info]  [FileSystemDriver] Writing to /home/alberto/.config/Insomnia/version-control/projects/prj_42d606abc8d04822aa2a1ef59edd33fd/meta.json.bcfb087f-39d3-430d-a5f9-f22e341008da.tmp then renaming to /home/alberto/.config/Insomnia/version-control/projects/prj_42d606abc8d04822aa2a1ef59edd33fd/meta.json
[2025-03-31 19:28:33.728] [info]  [sync] Activated project prj_42d606abc8d04822aa2a1ef59edd33fd
[2025-03-31 19:28:33.729] [info]  [FileSystemDriver] Writing to /projects/prj_42d606abc8d04822aa2a1ef59edd33fd/meta.json
[2025-03-31 19:28:33.729] [info]  [FileSystemDriver] Writing to /home/alberto/.config/Insomnia/version-control/projects/prj_42d606abc8d04822aa2a1ef59edd33fd/meta.json.7cfe237d-83d4-40d9-be00-b6dc3a38537e.tmp then renaming to /home/alberto/.config/Insomnia/version-control/projects/prj_42d606abc8d04822aa2a1ef59edd33fd/meta.json
[2025-03-31 19:29:33.471] [info]  [sync] Activated project prj_42d606abc8d04822aa2a1ef59edd33fd
[2025-03-31 19:29:33.471] [info]  [FileSystemDriver] Writing to /projects/prj_42d606abc8d04822aa2a1ef59edd33fd/meta.json
[2025-03-31 19:29:33.472] [info]  [FileSystemDriver] Writing to /home/alberto/.config/Insomnia/version-control/projects/prj_42d606abc8d04822aa2a1ef59edd33fd/meta.json.4aa9b749-673d-4a74-9db1-b80ae05f7055.tmp then renaming to /home/alberto/.config/Insomnia/version-control/projects/prj_42d606abc8d04822aa2a1ef59edd33fd/meta.json
[2025-03-31 19:30:28.852] [info]  [sync] Activated project prj_42d606abc8d04822aa2a1ef59edd33fd
[2025-03-31 19:30:28.853] [info]  [FileSystemDriver] Writing to /projects/prj_42d606abc8d04822aa2a1ef59edd33fd/meta.json
[2025-03-31 19:30:28.853] [info]  [FileSystemDriver] Writing to /home/alberto/.config/Insomnia/version-control/projects/prj_42d606abc8d04822aa2a1ef59edd33fd/meta.json.0e01fd00-59c7-4b5f-8cf4-c82e6494ae6b.tmp then renaming to /home/alberto/.config/Insomnia/version-control/projects/prj_42d606abc8d04822aa2a1ef59edd33fd/meta.json
[2025-03-31 19:36:06.086] [info]  [sync] Activated project prj_42d606abc8d04822aa2a1ef59edd33fd
[2025-03-31 19:36:06.087] [info]  [FileSystemDriver] Writing to /projects/prj_42d606abc8d04822aa2a1ef59edd33fd/meta.json
[2025-03-31 19:36:06.090] [info]  [FileSystemDriver] Writing to /home/alberto/.config/Insomnia/version-control/projects/prj_42d606abc8d04822aa2a1ef59edd33fd/meta.json.7bbac06a-5282-48a5-93c5-8b2dd4435f3c.tmp then renaming to /home/alberto/.config/Insomnia/version-control/projects/prj_42d606abc8d04822aa2a1ef59edd33fd/meta.json
[2025-03-31 19:40:02.879] [info]  [sync] Activated project prj_42d606abc8d04822aa2a1ef59edd33fd
[2025-03-31 19:40:02.879] [info]  [FileSystemDriver] Writing to /projects/prj_42d606abc8d04822aa2a1ef59edd33fd/meta.json
[2025-03-31 19:40:02.880] [info]  [FileSystemDriver] Writing to /home/alberto/.config/Insomnia/version-control/projects/prj_42d606abc8d04822aa2a1ef59edd33fd/meta.json.9fcf985d-c5d7-4bbd-b33d-dfd1ef1d62eb.tmp then renaming to /home/alberto/.config/Insomnia/version-control/projects/prj_42d606abc8d04822aa2a1ef59edd33fd/meta.json
[2025-03-31 19:40:06.159] [info]  [network] Response succeeded req=req_b8dfca7cea8b41bbb999a4942f6119c9 status=404
[2025-03-31 19:40:06.282] [info]  [sync] Activated project prj_42d606abc8d04822aa2a1ef59edd33fd
[2025-03-31 19:40:06.282] [info]  [FileSystemDriver] Writing to /projects/prj_42d606abc8d04822aa2a1ef59edd33fd/meta.json
[2025-03-31 19:40:06.283] [info]  [FileSystemDriver] Writing to /home/alberto/.config/Insomnia/version-control/projects/prj_42d606abc8d04822aa2a1ef59edd33fd/meta.json.b915c4cb-7e91-49ce-a0f2-2e974823fa5f.tmp then renaming to /home/alberto/.config/Insomnia/version-control/projects/prj_42d606abc8d04822aa2a1ef59edd33fd/meta.json
[2025-03-31 19:46:31.134] [info]  [sync] Activated project prj_42d606abc8d04822aa2a1ef59edd33fd
[2025-03-31 19:46:31.134] [info]  [FileSystemDriver] Writing to /projects/prj_42d606abc8d04822aa2a1ef59edd33fd/meta.json
[2025-03-31 19:46:31.135] [info]  [FileSystemDriver] Writing to /home/alberto/.config/Insomnia/version-control/projects/prj_42d606abc8d04822aa2a1ef59edd33fd/meta.json.b707da3e-5005-400c-a2a9-5f42ff2ae1ca.tmp then renaming to /home/alberto/.config/Insomnia/version-control/projects/prj_42d606abc8d04822aa2a1ef59edd33fd/meta.json
[2025-03-31 19:46:33.198] [info]  [network] Response succeeded req=req_b8dfca7cea8b41bbb999a4942f6119c9 status=404
[2025-03-31 19:46:33.379] [info]  [sync] Activated project prj_42d606abc8d04822aa2a1ef59edd33fd
[2025-03-31 19:46:33.379] [info]  [FileSystemDriver] Writing to /projects/prj_42d606abc8d04822aa2a1ef59edd33fd/meta.json
[2025-03-31 19:46:33.380] [info]  [FileSystemDriver] Writing to /home/alberto/.config/Insomnia/version-control/projects/prj_42d606abc8d04822aa2a1ef59edd33fd/meta.json.03bdc75a-58b2-4bd7-9bc4-52279ab70ff5.tmp then renaming to /home/alberto/.config/Insomnia/version-control/projects/prj_42d606abc8d04822aa2a1ef59edd33fd/meta.json
[2025-03-31 19:46:39.230] [info]  [sync] Activated project prj_42d606abc8d04822aa2a1ef59edd33fd
[2025-03-31 19:46:39.230] [info]  [FileSystemDriver] Writing to /projects/prj_42d606abc8d04822aa2a1ef59edd33fd/meta.json
[2025-03-31 19:46:39.232] [info]  [FileSystemDriver] Writing to /home/alberto/.config/Insomnia/version-control/projects/prj_42d606abc8d04822aa2a1ef59edd33fd/meta.json.3b910f94-29ac-4c55-a75c-3f5241854ef7.tmp then renaming to /home/alberto/.config/Insomnia/version-control/projects/prj_42d606abc8d04822aa2a1ef59edd33fd/meta.json
[2025-03-31 19:47:15.560] [info]  [sync] Activated project prj_42d606abc8d04822aa2a1ef59edd33fd
[2025-03-31 19:47:15.561] [info]  [FileSystemDriver] Writing to /projects/prj_42d606abc8d04822aa2a1ef59edd33fd/meta.json
[2025-03-31 19:47:15.562] [info]  [FileSystemDriver] Writing to /home/alberto/.config/Insomnia/version-control/projects/prj_42d606abc8d04822aa2a1ef59edd33fd/meta.json.f0ccf07c-0b0e-4c1f-8f9b-7262aa025e3a.tmp then renaming to /home/alberto/.config/Insomnia/version-control/projects/prj_42d606abc8d04822aa2a1ef59edd33fd/meta.json
[2025-03-31 19:48:03.598] [info]  [sync] Activated project prj_42d606abc8d04822aa2a1ef59edd33fd
[2025-03-31 19:48:03.599] [info]  [FileSystemDriver] Writing to /projects/prj_42d606abc8d04822aa2a1ef59edd33fd/meta.json
[2025-03-31 19:48:03.599] [info]  [FileSystemDriver] Writing to /home/alberto/.config/Insomnia/version-control/projects/prj_42d606abc8d04822aa2a1ef59edd33fd/meta.json.2a56f252-845c-49a2-beaf-6056e105eabc.tmp then renaming to /home/alberto/.config/Insomnia/version-control/projects/prj_42d606abc8d04822aa2a1ef59edd33fd/meta.json
[2025-03-31 19:48:06.274] [info]  [network] Response succeeded req=req_b8dfca7cea8b41bbb999a4942f6119c9 status=404
[2025-03-31 19:48:06.426] [info]  [sync] Activated project prj_42d606abc8d04822aa2a1ef59edd33fd
[2025-03-31 19:48:06.426] [info]  [FileSystemDriver] Writing to /projects/prj_42d606abc8d04822aa2a1ef59edd33fd/meta.json
[2025-03-31 19:48:06.427] [info]  [FileSystemDriver] Writing to /home/alberto/.config/Insomnia/version-control/projects/prj_42d606abc8d04822aa2a1ef59edd33fd/meta.json.5a8edac3-e6c3-4d05-b354-a7bb44314a1e.tmp then renaming to /home/alberto/.config/Insomnia/version-control/projects/prj_42d606abc8d04822aa2a1ef59edd33fd/meta.json
[2025-03-31 19:48:23.217] [info]  [sync] Activated project prj_42d606abc8d04822aa2a1ef59edd33fd
[2025-03-31 19:48:23.218] [info]  [FileSystemDriver] Writing to /projects/prj_42d606abc8d04822aa2a1ef59edd33fd/meta.json
[2025-03-31 19:48:23.219] [info]  [FileSystemDriver] Writing to /home/alberto/.config/Insomnia/version-control/projects/prj_42d606abc8d04822aa2a1ef59edd33fd/meta.json.bbac0035-f87a-47ac-a6dd-ad48598b6eb9.tmp then renaming to /home/alberto/.config/Insomnia/version-control/projects/prj_42d606abc8d04822aa2a1ef59edd33fd/meta.json
[2025-03-31 19:58:26.600] [info]  [sync] Activated project prj_42d606abc8d04822aa2a1ef59edd33fd
[2025-03-31 19:58:26.601] [info]  [FileSystemDriver] Writing to /projects/prj_42d606abc8d04822aa2a1ef59edd33fd/meta.json
[2025-03-31 19:58:26.603] [info]  [FileSystemDriver] Writing to /home/alberto/.config/Insomnia/version-control/projects/prj_42d606abc8d04822aa2a1ef59edd33fd/meta.json.730344ac-87a4-4b90-899e-8ef4aff4bc09.tmp then renaming to /home/alberto/.config/Insomnia/version-control/projects/prj_42d606abc8d04822aa2a1ef59edd33fd/meta.json
[2025-03-31 19:58:28.569] [info]  [network] Response succeeded req=req_b8dfca7cea8b41bbb999a4942f6119c9 status=404
[2025-03-31 19:58:28.674] [info]  [sync] Activated project prj_42d606abc8d04822aa2a1ef59edd33fd
[2025-03-31 19:58:28.674] [info]  [FileSystemDriver] Writing to /projects/prj_42d606abc8d04822aa2a1ef59edd33fd/meta.json
[2025-03-31 19:58:28.675] [info]  [FileSystemDriver] Writing to /home/alberto/.config/Insomnia/version-control/projects/prj_42d606abc8d04822aa2a1ef59edd33fd/meta.json.3d30af83-15d3-4daf-8b48-510a1d40a7d3.tmp then renaming to /home/alberto/.config/Insomnia/version-control/projects/prj_42d606abc8d04822aa2a1ef59edd33fd/meta.json
[2025-03-31 19:58:30.213] [info]  [network] Response succeeded req=req_b8dfca7cea8b41bbb999a4942f6119c9 status=404
[2025-03-31 19:58:30.327] [info]  [sync] Activated project prj_42d606abc8d04822aa2a1ef59edd33fd
[2025-03-31 19:58:30.328] [info]  [FileSystemDriver] Writing to /projects/prj_42d606abc8d04822aa2a1ef59edd33fd/meta.json
[2025-03-31 19:58:30.328] [info]  [FileSystemDriver] Writing to /home/alberto/.config/Insomnia/version-control/projects/prj_42d606abc8d04822aa2a1ef59edd33fd/meta.json.7f27368a-bc17-469e-a8fd-e47369eeb26c.tmp then renaming to /home/alberto/.config/Insomnia/version-control/projects/prj_42d606abc8d04822aa2a1ef59edd33fd/meta.json
[2025-03-31 19:58:31.109] [info]  [network] Response succeeded req=req_b8dfca7cea8b41bbb999a4942f6119c9 status=404
[2025-03-31 19:58:31.202] [info]  [sync] Activated project prj_42d606abc8d04822aa2a1ef59edd33fd
[2025-03-31 19:58:31.203] [info]  [FileSystemDriver] Writing to /projects/prj_42d606abc8d04822aa2a1ef59edd33fd/meta.json
[2025-03-31 19:58:31.203] [info]  [FileSystemDriver] Writing to /home/alberto/.config/Insomnia/version-control/projects/prj_42d606abc8d04822aa2a1ef59edd33fd/meta.json.45e87661-e1f6-414c-a631-7f52311148fc.tmp then renaming to /home/alberto/.config/Insomnia/version-control/projects/prj_42d606abc8d04822aa2a1ef59edd33fd/meta.json
[2025-03-31 19:58:32.098] [info]  [network] Response succeeded req=req_b8dfca7cea8b41bbb999a4942f6119c9 status=404
[2025-03-31 19:58:32.208] [info]  [sync] Activated project prj_42d606abc8d04822aa2a1ef59edd33fd
[2025-03-31 19:58:32.208] [info]  [FileSystemDriver] Writing to /projects/prj_42d606abc8d04822aa2a1ef59edd33fd/meta.json
[2025-03-31 19:58:32.209] [info]  [FileSystemDriver] Writing to /home/alberto/.config/Insomnia/version-control/projects/prj_42d606abc8d04822aa2a1ef59edd33fd/meta.json.3990a092-5ed8-4854-a053-a31e7c90e500.tmp then renaming to /home/alberto/.config/Insomnia/version-control/projects/prj_42d606abc8d04822aa2a1ef59edd33fd/meta.json
[2025-03-31 19:58:33.060] [info]  [network] Response succeeded req=req_b8dfca7cea8b41bbb999a4942f6119c9 status=404
[2025-03-31 19:58:33.168] [info]  [sync] Activated project prj_42d606abc8d04822aa2a1ef59edd33fd
[2025-03-31 19:58:33.168] [info]  [FileSystemDriver] Writing to /projects/prj_42d606abc8d04822aa2a1ef59edd33fd/meta.json
[2025-03-31 19:58:33.168] [info]  [FileSystemDriver] Writing to /home/alberto/.config/Insomnia/version-control/projects/prj_42d606abc8d04822aa2a1ef59edd33fd/meta.json.84503506-7dd3-442f-9141-69e7b83f603f.tmp then renaming to /home/alberto/.config/Insomnia/version-control/projects/prj_42d606abc8d04822aa2a1ef59edd33fd/meta.json
[2025-03-31 19:58:34.056] [info]  [network] Response succeeded req=req_b8dfca7cea8b41bbb999a4942f6119c9 status=404
[2025-03-31 19:58:34.199] [info]  [sync] Activated project prj_42d606abc8d04822aa2a1ef59edd33fd
[2025-03-31 19:58:34.200] [info]  [FileSystemDriver] Writing to /projects/prj_42d606abc8d04822aa2a1ef59edd33fd/meta.json
[2025-03-31 19:58:34.200] [info]  [FileSystemDriver] Writing to /home/alberto/.config/Insomnia/version-control/projects/prj_42d606abc8d04822aa2a1ef59edd33fd/meta.json.8ee7278c-227e-4b80-a01e-ea46795e8e97.tmp then renaming to /home/alberto/.config/Insomnia/version-control/projects/prj_42d606abc8d04822aa2a1ef59edd33fd/meta.json
[2025-03-31 19:58:47.188] [info]  [sync] Activated project prj_42d606abc8d04822aa2a1ef59edd33fd
[2025-03-31 19:58:47.189] [info]  [FileSystemDriver] Writing to /projects/prj_42d606abc8d04822aa2a1ef59edd33fd/meta.json
[2025-03-31 19:58:47.189] [info]  [FileSystemDriver] Writing to /home/alberto/.config/Insomnia/version-control/projects/prj_42d606abc8d04822aa2a1ef59edd33fd/meta.json.98beea54-bb60-4a08-978a-265caee573e5.tmp then renaming to /home/alberto/.config/Insomnia/version-control/projects/prj_42d606abc8d04822aa2a1ef59edd33fd/meta.json
[2025-03-31 19:59:01.524] [info]  [sync] Activated project prj_42d606abc8d04822aa2a1ef59edd33fd
[2025-03-31 19:59:01.525] [info]  [FileSystemDriver] Writing to /projects/prj_42d606abc8d04822aa2a1ef59edd33fd/meta.json
[2025-03-31 19:59:01.525] [info]  [FileSystemDriver] Writing to /home/alberto/.config/Insomnia/version-control/projects/prj_42d606abc8d04822aa2a1ef59edd33fd/meta.json.14a5c081-edcc-41d0-a663-f690186f5b44.tmp then renaming to /home/alberto/.config/Insomnia/version-control/projects/prj_42d606abc8d04822aa2a1ef59edd33fd/meta.json
[2025-03-31 19:59:02.144] [info]  [sync] Activated project prj_42d606abc8d04822aa2a1ef59edd33fd
[2025-03-31 19:59:02.144] [info]  [FileSystemDriver] Writing to /projects/prj_42d606abc8d04822aa2a1ef59edd33fd/meta.json
[2025-03-31 19:59:02.145] [info]  [FileSystemDriver] Writing to /home/alberto/.config/Insomnia/version-control/projects/prj_42d606abc8d04822aa2a1ef59edd33fd/meta.json.d757c90f-b372-424d-8955-bfaa5bb174a9.tmp then renaming to /home/alberto/.config/Insomnia/version-control/projects/prj_42d606abc8d04822aa2a1ef59edd33fd/meta.json
[2025-03-31 19:59:02.298] [info]  [sync] Activated project prj_42d606abc8d04822aa2a1ef59edd33fd
[2025-03-31 19:59:02.298] [info]  [FileSystemDriver] Writing to /projects/prj_42d606abc8d04822aa2a1ef59edd33fd/meta.json
[2025-03-31 19:59:02.298] [info]  [FileSystemDriver] Writing to /home/alberto/.config/Insomnia/version-control/projects/prj_42d606abc8d04822aa2a1ef59edd33fd/meta.json.5a6444cf-786f-4f67-a3fe-022f551b92dc.tmp then renaming to /home/alberto/.config/Insomnia/version-control/projects/prj_42d606abc8d04822aa2a1ef59edd33fd/meta.json
[2025-03-31 19:59:02.470] [info]  [sync] Activated project prj_42d606abc8d04822aa2a1ef59edd33fd
[2025-03-31 19:59:02.471] [info]  [FileSystemDriver] Writing to /projects/prj_42d606abc8d04822aa2a1ef59edd33fd/meta.json
[2025-03-31 19:59:02.471] [info]  [FileSystemDriver] Writing to /home/alberto/.config/Insomnia/version-control/projects/prj_42d606abc8d04822aa2a1ef59edd33fd/meta.json.8fec84ff-81ba-4473-89ec-93ea48b21faf.tmp then renaming to /home/alberto/.config/Insomnia/version-control/projects/prj_42d606abc8d04822aa2a1ef59edd33fd/meta.json
[2025-03-31 19:59:02.770] [info]  [sync] Activated project prj_42d606abc8d04822aa2a1ef59edd33fd
[2025-03-31 19:59:02.770] [info]  [FileSystemDriver] Writing to /projects/prj_42d606abc8d04822aa2a1ef59edd33fd/meta.json
[2025-03-31 19:59:02.771] [info]  [FileSystemDriver] Writing to /home/alberto/.config/Insomnia/version-control/projects/prj_42d606abc8d04822aa2a1ef59edd33fd/meta.json.f7c316ac-8dbb-49d2-b039-df7f765d6a5d.tmp then renaming to /home/alberto/.config/Insomnia/version-control/projects/prj_42d606abc8d04822aa2a1ef59edd33fd/meta.json
[2025-03-31 19:59:02.776] [info]  [sync] Activated project prj_42d606abc8d04822aa2a1ef59edd33fd
[2025-03-31 19:59:02.776] [info]  [FileSystemDriver] Writing to /projects/prj_42d606abc8d04822aa2a1ef59edd33fd/meta.json
[2025-03-31 19:59:02.777] [info]  [FileSystemDriver] Writing to /home/alberto/.config/Insomnia/version-control/projects/prj_42d606abc8d04822aa2a1ef59edd33fd/meta.json.367cd30b-47b7-451d-98b3-d78434f66a38.tmp then renaming to /home/alberto/.config/Insomnia/version-control/projects/prj_42d606abc8d04822aa2a1ef59edd33fd/meta.json
[2025-03-31 19:59:02.936] [info]  [sync] Activated project prj_42d606abc8d04822aa2a1ef59edd33fd
[2025-03-31 19:59:02.936] [info]  [FileSystemDriver] Writing to /projects/prj_42d606abc8d04822aa2a1ef59edd33fd/meta.json
[2025-03-31 19:59:02.937] [info]  [FileSystemDriver] Writing to /home/alberto/.config/Insomnia/version-control/projects/prj_42d606abc8d04822aa2a1ef59edd33fd/meta.json.81ffc4e6-6022-455b-8c4f-fd31464e498c.tmp then renaming to /home/alberto/.config/Insomnia/version-control/projects/prj_42d606abc8d04822aa2a1ef59edd33fd/meta.json
[2025-03-31 19:59:03.078] [info]  [sync] Activated project prj_42d606abc8d04822aa2a1ef59edd33fd
[2025-03-31 19:59:03.078] [info]  [FileSystemDriver] Writing to /projects/prj_42d606abc8d04822aa2a1ef59edd33fd/meta.json
[2025-03-31 19:59:03.079] [info]  [FileSystemDriver] Writing to /home/alberto/.config/Insomnia/version-control/projects/prj_42d606abc8d04822aa2a1ef59edd33fd/meta.json.f116472b-3c8a-4667-9955-b3b1e5eaee38.tmp then renaming to /home/alberto/.config/Insomnia/version-control/projects/prj_42d606abc8d04822aa2a1ef59edd33fd/meta.json
[2025-03-31 19:59:03.425] [info]  [sync] Activated project prj_42d606abc8d04822aa2a1ef59edd33fd
[2025-03-31 19:59:03.425] [info]  [FileSystemDriver] Writing to /projects/prj_42d606abc8d04822aa2a1ef59edd33fd/meta.json
[2025-03-31 19:59:03.426] [info]  [FileSystemDriver] Writing to /home/alberto/.config/Insomnia/version-control/projects/prj_42d606abc8d04822aa2a1ef59edd33fd/meta.json.0314e2fb-257e-4630-a6dd-8aa6095f5700.tmp then renaming to /home/alberto/.config/Insomnia/version-control/projects/prj_42d606abc8d04822aa2a1ef59edd33fd/meta.json
[2025-03-31 19:59:03.695] [info]  [sync] Activated project prj_42d606abc8d04822aa2a1ef59edd33fd
[2025-03-31 19:59:03.695] [info]  [FileSystemDriver] Writing to /projects/prj_42d606abc8d04822aa2a1ef59edd33fd/meta.json
[2025-03-31 19:59:03.696] [info]  [FileSystemDriver] Writing to /home/alberto/.config/Insomnia/version-control/projects/prj_42d606abc8d04822aa2a1ef59edd33fd/meta.json.df9b8601-c50f-42ba-b205-6c8fbc564467.tmp then renaming to /home/alberto/.config/Insomnia/version-control/projects/prj_42d606abc8d04822aa2a1ef59edd33fd/meta.json
[2025-03-31 19:59:04.435] [info]  [sync] Activated project prj_42d606abc8d04822aa2a1ef59edd33fd
[2025-03-31 19:59:04.435] [info]  [FileSystemDriver] Writing to /projects/prj_42d606abc8d04822aa2a1ef59edd33fd/meta.json
[2025-03-31 19:59:04.436] [info]  [FileSystemDriver] Writing to /home/alberto/.config/Insomnia/version-control/projects/prj_42d606abc8d04822aa2a1ef59edd33fd/meta.json.84b06c47-228f-4c1f-8f40-5de62c41b9a4.tmp then renaming to /home/alberto/.config/Insomnia/version-control/projects/prj_42d606abc8d04822aa2a1ef59edd33fd/meta.json
[2025-03-31 19:59:09.383] [info]  [network] Response succeeded req=req_b8dfca7cea8b41bbb999a4942f6119c9 status=200
[2025-03-31 19:59:09.488] [info]  [sync] Activated project prj_42d606abc8d04822aa2a1ef59edd33fd
[2025-03-31 19:59:09.488] [info]  [FileSystemDriver] Writing to /projects/prj_42d606abc8d04822aa2a1ef59edd33fd/meta.json
[2025-03-31 19:59:09.489] [info]  [FileSystemDriver] Writing to /home/alberto/.config/Insomnia/version-control/projects/prj_42d606abc8d04822aa2a1ef59edd33fd/meta.json.f8dbb619-6f86-46d8-ae59-64b82f1c1fd9.tmp then renaming to /home/alberto/.config/Insomnia/version-control/projects/prj_42d606abc8d04822aa2a1ef59edd33fd/meta.json
[2025-03-31 19:59:13.466] [info]  [network] Response succeeded req=req_b8dfca7cea8b41bbb999a4942f6119c9 status=500
[2025-03-31 19:59:13.580] [info]  [sync] Activated project prj_42d606abc8d04822aa2a1ef59edd33fd
[2025-03-31 19:59:13.580] [info]  [FileSystemDriver] Writing to /projects/prj_42d606abc8d04822aa2a1ef59edd33fd/meta.json
[2025-03-31 19:59:13.581] [info]  [FileSystemDriver] Writing to /home/alberto/.config/Insomnia/version-control/projects/prj_42d606abc8d04822aa2a1ef59edd33fd/meta.json.06d49bea-a81b-4207-a8ce-35accbe09f42.tmp then renaming to /home/alberto/.config/Insomnia/version-control/projects/prj_42d606abc8d04822aa2a1ef59edd33fd/meta.json
[2025-03-31 19:59:17.625] [info]  [network] Response succeeded req=req_b8dfca7cea8b41bbb999a4942f6119c9 status=500
[2025-03-31 19:59:17.751] [info]  [sync] Activated project prj_42d606abc8d04822aa2a1ef59edd33fd
[2025-03-31 19:59:17.751] [info]  [FileSystemDriver] Writing to /projects/prj_42d606abc8d04822aa2a1ef59edd33fd/meta.json
[2025-03-31 19:59:17.752] [info]  [FileSystemDriver] Writing to /home/alberto/.config/Insomnia/version-control/projects/prj_42d606abc8d04822aa2a1ef59edd33fd/meta.json.77442091-113a-413e-83e0-1ffa65304687.tmp then renaming to /home/alberto/.config/Insomnia/version-control/projects/prj_42d606abc8d04822aa2a1ef59edd33fd/meta.json
[2025-03-31 19:59:20.772] [info]  [sync] Activated project prj_42d606abc8d04822aa2a1ef59edd33fd
[2025-03-31 19:59:20.772] [info]  [FileSystemDriver] Writing to /projects/prj_42d606abc8d04822aa2a1ef59edd33fd/meta.json
[2025-03-31 19:59:20.773] [info]  [FileSystemDriver] Writing to /home/alberto/.config/Insomnia/version-control/projects/prj_42d606abc8d04822aa2a1ef59edd33fd/meta.json.351bb79a-3126-416f-8866-4e83d2ae3aba.tmp then renaming to /home/alberto/.config/Insomnia/version-control/projects/prj_42d606abc8d04822aa2a1ef59edd33fd/meta.json
[2025-03-31 19:59:20.953] [info]  [sync] Activated project prj_42d606abc8d04822aa2a1ef59edd33fd
[2025-03-31 19:59:20.954] [info]  [FileSystemDriver] Writing to /projects/prj_42d606abc8d04822aa2a1ef59edd33fd/meta.json
[2025-03-31 19:59:20.954] [info]  [FileSystemDriver] Writing to /home/alberto/.config/Insomnia/version-control/projects/prj_42d606abc8d04822aa2a1ef59edd33fd/meta.json.5733f72f-c865-492a-91d2-27c3f62f08b1.tmp then renaming to /home/alberto/.config/Insomnia/version-control/projects/prj_42d606abc8d04822aa2a1ef59edd33fd/meta.json
[2025-03-31 19:59:22.025] [info]  [sync] Activated project prj_42d606abc8d04822aa2a1ef59edd33fd
[2025-03-31 19:59:22.026] [info]  [FileSystemDriver] Writing to /projects/prj_42d606abc8d04822aa2a1ef59edd33fd/meta.json
[2025-03-31 19:59:22.026] [info]  [FileSystemDriver] Writing to /home/alberto/.config/Insomnia/version-control/projects/prj_42d606abc8d04822aa2a1ef59edd33fd/meta.json.14035e45-5de8-474d-8e01-6479c4c2d549.tmp then renaming to /home/alberto/.config/Insomnia/version-control/projects/prj_42d606abc8d04822aa2a1ef59edd33fd/meta.json
[2025-03-31 19:59:22.204] [info]  [sync] Activated project prj_42d606abc8d04822aa2a1ef59edd33fd
[2025-03-31 19:59:22.204] [info]  [FileSystemDriver] Writing to /projects/prj_42d606abc8d04822aa2a1ef59edd33fd/meta.json
[2025-03-31 19:59:22.205] [info]  [FileSystemDriver] Writing to /home/alberto/.config/Insomnia/version-control/projects/prj_42d606abc8d04822aa2a1ef59edd33fd/meta.json.06514c40-03a0-411b-b005-24c25ed8792d.tmp then renaming to /home/alberto/.config/Insomnia/version-control/projects/prj_42d606abc8d04822aa2a1ef59edd33fd/meta.json
[2025-03-31 19:59:24.651] [info]  [network] Response succeeded req=req_b8dfca7cea8b41bbb999a4942f6119c9 status=500
[2025-03-31 19:59:24.766] [info]  [sync] Activated project prj_42d606abc8d04822aa2a1ef59edd33fd
[2025-03-31 19:59:24.766] [info]  [FileSystemDriver] Writing to /projects/prj_42d606abc8d04822aa2a1ef59edd33fd/meta.json
[2025-03-31 19:59:24.767] [info]  [FileSystemDriver] Writing to /home/alberto/.config/Insomnia/version-control/projects/prj_42d606abc8d04822aa2a1ef59edd33fd/meta.json.8b093946-506c-4353-a7b7-98b3af649b8a.tmp then renaming to /home/alberto/.config/Insomnia/version-control/projects/prj_42d606abc8d04822aa2a1ef59edd33fd/meta.json
[2025-03-31 19:59:45.942] [info]  [sync] Activated project prj_42d606abc8d04822aa2a1ef59edd33fd
[2025-03-31 19:59:45.942] [info]  [FileSystemDriver] Writing to /projects/prj_42d606abc8d04822aa2a1ef59edd33fd/meta.json
[2025-03-31 19:59:45.943] [info]  [FileSystemDriver] Writing to /home/alberto/.config/Insomnia/version-control/projects/prj_42d606abc8d04822aa2a1ef59edd33fd/meta.json.6e697966-0577-44e2-9cfe-8eb6da328a28.tmp then renaming to /home/alberto/.config/Insomnia/version-control/projects/prj_42d606abc8d04822aa2a1ef59edd33fd/meta.json
[2025-03-31 19:59:48.302] [info]  [sync] Activated project prj_42d606abc8d04822aa2a1ef59edd33fd
[2025-03-31 19:59:48.302] [info]  [FileSystemDriver] Writing to /projects/prj_42d606abc8d04822aa2a1ef59edd33fd/meta.json
[2025-03-31 19:59:48.303] [info]  [FileSystemDriver] Writing to /home/alberto/.config/Insomnia/version-control/projects/prj_42d606abc8d04822aa2a1ef59edd33fd/meta.json.352fd6ff-eb7a-4cfd-8411-5bf26f2c574b.tmp then renaming to /home/alberto/.config/Insomnia/version-control/projects/prj_42d606abc8d04822aa2a1ef59edd33fd/meta.json
[2025-03-31 19:59:51.448] [info]  [network] Response succeeded req=req_b8dfca7cea8b41bbb999a4942f6119c9 status=200
[2025-03-31 19:59:51.555] [info]  [sync] Activated project prj_42d606abc8d04822aa2a1ef59edd33fd
[2025-03-31 19:59:51.556] [info]  [FileSystemDriver] Writing to /projects/prj_42d606abc8d04822aa2a1ef59edd33fd/meta.json
[2025-03-31 19:59:51.556] [info]  [FileSystemDriver] Writing to /home/alberto/.config/Insomnia/version-control/projects/prj_42d606abc8d04822aa2a1ef59edd33fd/meta.json.43d96444-73a4-43be-baed-8d91799443bc.tmp then renaming to /home/alberto/.config/Insomnia/version-control/projects/prj_42d606abc8d04822aa2a1ef59edd33fd/meta.json
[2025-03-31 19:59:58.157] [info]  [sync] Activated project prj_42d606abc8d04822aa2a1ef59edd33fd
[2025-03-31 19:59:58.157] [info]  [FileSystemDriver] Writing to /projects/prj_42d606abc8d04822aa2a1ef59edd33fd/meta.json
[2025-03-31 19:59:58.158] [info]  [FileSystemDriver] Writing to /home/alberto/.config/Insomnia/version-control/projects/prj_42d606abc8d04822aa2a1ef59edd33fd/meta.json.2eb488b2-acf4-425f-9153-253a209a9d8e.tmp then renaming to /home/alberto/.config/Insomnia/version-control/projects/prj_42d606abc8d04822aa2a1ef59edd33fd/meta.json
[2025-03-31 19:59:59.205] [info]  [sync] Activated project prj_42d606abc8d04822aa2a1ef59edd33fd
[2025-03-31 19:59:59.205] [info]  [FileSystemDriver] Writing to /projects/prj_42d606abc8d04822aa2a1ef59edd33fd/meta.json
[2025-03-31 19:59:59.206] [info]  [FileSystemDriver] Writing to /home/alberto/.config/Insomnia/version-control/projects/prj_42d606abc8d04822aa2a1ef59edd33fd/meta.json.da56aa3e-bb28-4f65-8242-f9cd7b118aca.tmp then renaming to /home/alberto/.config/Insomnia/version-control/projects/prj_42d606abc8d04822aa2a1ef59edd33fd/meta.json
[2025-03-31 20:00:01.073] [info]  [sync] Activated project prj_42d606abc8d04822aa2a1ef59edd33fd
[2025-03-31 20:00:01.074] [info]  [FileSystemDriver] Writing to /projects/prj_42d606abc8d04822aa2a1ef59edd33fd/meta.json
[2025-03-31 20:00:01.074] [info]  [FileSystemDriver] Writing to /home/alberto/.config/Insomnia/version-control/projects/prj_42d606abc8d04822aa2a1ef59edd33fd/meta.json.94d0529a-c9ef-4e0b-b5a5-4a118051f719.tmp then renaming to /home/alberto/.config/Insomnia/version-control/projects/prj_42d606abc8d04822aa2a1ef59edd33fd/meta.json
[2025-03-31 20:00:01.453] [info]  [sync] Activated project prj_42d606abc8d04822aa2a1ef59edd33fd
[2025-03-31 20:00:01.453] [info]  [FileSystemDriver] Writing to /projects/prj_42d606abc8d04822aa2a1ef59edd33fd/meta.json
[2025-03-31 20:00:01.453] [info]  [FileSystemDriver] Writing to /home/alberto/.config/Insomnia/version-control/projects/prj_42d606abc8d04822aa2a1ef59edd33fd/meta.json.ad8118cd-df57-4c77-9b83-8b016ba3d78e.tmp then renaming to /home/alberto/.config/Insomnia/version-control/projects/prj_42d606abc8d04822aa2a1ef59edd33fd/meta.json
[2025-03-31 20:00:02.201] [info]  [sync] Activated project prj_42d606abc8d04822aa2a1ef59edd33fd
[2025-03-31 20:00:02.201] [info]  [FileSystemDriver] Writing to /projects/prj_42d606abc8d04822aa2a1ef59edd33fd/meta.json
[2025-03-31 20:00:02.202] [info]  [FileSystemDriver] Writing to /home/alberto/.config/Insomnia/version-control/projects/prj_42d606abc8d04822aa2a1ef59edd33fd/meta.json.598e3053-610c-4ce6-920c-dc67dc5f6246.tmp then renaming to /home/alberto/.config/Insomnia/version-control/projects/prj_42d606abc8d04822aa2a1ef59edd33fd/meta.json
[2025-03-31 20:00:03.106] [info]  [sync] Activated project prj_42d606abc8d04822aa2a1ef59edd33fd
[2025-03-31 20:00:03.106] [info]  [FileSystemDriver] Writing to /projects/prj_42d606abc8d04822aa2a1ef59edd33fd/meta.json
[2025-03-31 20:00:03.107] [info]  [FileSystemDriver] Writing to /home/alberto/.config/Insomnia/version-control/projects/prj_42d606abc8d04822aa2a1ef59edd33fd/meta.json.c92df3c0-97fc-49d9-a87c-12ee73179249.tmp then renaming to /home/alberto/.config/Insomnia/version-control/projects/prj_42d606abc8d04822aa2a1ef59edd33fd/meta.json
[2025-03-31 20:00:05.861] [info]  [network] Response succeeded req=req_b8dfca7cea8b41bbb999a4942f6119c9 status=200
[2025-03-31 20:00:05.958] [info]  [sync] Activated project prj_42d606abc8d04822aa2a1ef59edd33fd
[2025-03-31 20:00:05.958] [info]  [FileSystemDriver] Writing to /projects/prj_42d606abc8d04822aa2a1ef59edd33fd/meta.json
[2025-03-31 20:00:05.959] [info]  [FileSystemDriver] Writing to /home/alberto/.config/Insomnia/version-control/projects/prj_42d606abc8d04822aa2a1ef59edd33fd/meta.json.676e37a3-4091-4b6c-a521-8d2fc1c6c6a1.tmp then renaming to /home/alberto/.config/Insomnia/version-control/projects/prj_42d606abc8d04822aa2a1ef59edd33fd/meta.json
[2025-03-31 20:00:09.397] [info]  [sync] Activated project prj_42d606abc8d04822aa2a1ef59edd33fd
[2025-03-31 20:00:09.397] [info]  [FileSystemDriver] Writing to /projects/prj_42d606abc8d04822aa2a1ef59edd33fd/meta.json
[2025-03-31 20:00:09.397] [info]  [FileSystemDriver] Writing to /home/alberto/.config/Insomnia/version-control/projects/prj_42d606abc8d04822aa2a1ef59edd33fd/meta.json.87558462-1b63-486d-b2f4-e341901391b4.tmp then renaming to /home/alberto/.config/Insomnia/version-control/projects/prj_42d606abc8d04822aa2a1ef59edd33fd/meta.json
[2025-03-31 20:00:09.538] [info]  [sync] Activated project prj_42d606abc8d04822aa2a1ef59edd33fd
[2025-03-31 20:00:09.538] [info]  [FileSystemDriver] Writing to /projects/prj_42d606abc8d04822aa2a1ef59edd33fd/meta.json
[2025-03-31 20:00:09.539] [info]  [FileSystemDriver] Writing to /home/alberto/.config/Insomnia/version-control/projects/prj_42d606abc8d04822aa2a1ef59edd33fd/meta.json.c53fcf86-c3a5-4c96-a7bb-88f041211896.tmp then renaming to /home/alberto/.config/Insomnia/version-control/projects/prj_42d606abc8d04822aa2a1ef59edd33fd/meta.json
[2025-03-31 20:00:10.058] [info]  [sync] Activated project prj_42d606abc8d04822aa2a1ef59edd33fd
[2025-03-31 20:00:10.058] [info]  [FileSystemDriver] Writing to /projects/prj_42d606abc8d04822aa2a1ef59edd33fd/meta.json
[2025-03-31 20:00:10.059] [info]  [FileSystemDriver] Writing to /home/alberto/.config/Insomnia/version-control/projects/prj_42d606abc8d04822aa2a1ef59edd33fd/meta.json.6902ce4d-9ae5-4603-b9f5-f4f57d2da478.tmp then renaming to /home/alberto/.config/Insomnia/version-control/projects/prj_42d606abc8d04822aa2a1ef59edd33fd/meta.json
[2025-03-31 20:00:10.581] [info]  [sync] Activated project prj_42d606abc8d04822aa2a1ef59edd33fd
[2025-03-31 20:00:10.581] [info]  [FileSystemDriver] Writing to /projects/prj_42d606abc8d04822aa2a1ef59edd33fd/meta.json
[2025-03-31 20:00:10.582] [info]  [FileSystemDriver] Writing to /home/alberto/.config/Insomnia/version-control/projects/prj_42d606abc8d04822aa2a1ef59edd33fd/meta.json.e64ed2e3-b5e2-4181-ada3-552ee9e7d1d9.tmp then renaming to /home/alberto/.config/Insomnia/version-control/projects/prj_42d606abc8d04822aa2a1ef59edd33fd/meta.json
[2025-03-31 20:00:12.519] [info]  [sync] Activated project prj_42d606abc8d04822aa2a1ef59edd33fd
[2025-03-31 20:00:12.519] [info]  [FileSystemDriver] Writing to /projects/prj_42d606abc8d04822aa2a1ef59edd33fd/meta.json
[2025-03-31 20:00:12.520] [info]  [FileSystemDriver] Writing to /home/alberto/.config/Insomnia/version-control/projects/prj_42d606abc8d04822aa2a1ef59edd33fd/meta.json.232ebb28-646c-49a3-a67e-25db1c00d186.tmp then renaming to /home/alberto/.config/Insomnia/version-control/projects/prj_42d606abc8d04822aa2a1ef59edd33fd/meta.json
[2025-03-31 20:00:13.530] [info]  [sync] Activated project prj_42d606abc8d04822aa2a1ef59edd33fd
[2025-03-31 20:00:13.530] [info]  [FileSystemDriver] Writing to /projects/prj_42d606abc8d04822aa2a1ef59edd33fd/meta.json
[2025-03-31 20:00:13.530] [info]  [FileSystemDriver] Writing to /home/alberto/.config/Insomnia/version-control/projects/prj_42d606abc8d04822aa2a1ef59edd33fd/meta.json.6820fc73-85d0-4028-8726-b5a12e397dc6.tmp then renaming to /home/alberto/.config/Insomnia/version-control/projects/prj_42d606abc8d04822aa2a1ef59edd33fd/meta.json
[2025-03-31 20:00:15.691] [info]  [sync] Activated project prj_42d606abc8d04822aa2a1ef59edd33fd
[2025-03-31 20:00:15.691] [info]  [FileSystemDriver] Writing to /projects/prj_42d606abc8d04822aa2a1ef59edd33fd/meta.json
[2025-03-31 20:00:15.692] [info]  [FileSystemDriver] Writing to /home/alberto/.config/Insomnia/version-control/projects/prj_42d606abc8d04822aa2a1ef59edd33fd/meta.json.acaa476d-6141-4ebe-9816-b9abfdb5bf48.tmp then renaming to /home/alberto/.config/Insomnia/version-control/projects/prj_42d606abc8d04822aa2a1ef59edd33fd/meta.json
[2025-03-31 20:00:15.825] [info]  [sync] Activated project prj_42d606abc8d04822aa2a1ef59edd33fd
[2025-03-31 20:00:15.825] [info]  [FileSystemDriver] Writing to /projects/prj_42d606abc8d04822aa2a1ef59edd33fd/meta.json
[2025-03-31 20:00:15.826] [info]  [FileSystemDriver] Writing to /home/alberto/.config/Insomnia/version-control/projects/prj_42d606abc8d04822aa2a1ef59edd33fd/meta.json.941b9f55-8ff4-411a-a44c-f76151578098.tmp then renaming to /home/alberto/.config/Insomnia/version-control/projects/prj_42d606abc8d04822aa2a1ef59edd33fd/meta.json
[2025-03-31 20:00:18.536] [info]  [network] Response succeeded req=req_b8dfca7cea8b41bbb999a4942f6119c9 status=200
[2025-03-31 20:00:18.650] [info]  [sync] Activated project prj_42d606abc8d04822aa2a1ef59edd33fd
[2025-03-31 20:00:18.650] [info]  [FileSystemDriver] Writing to /projects/prj_42d606abc8d04822aa2a1ef59edd33fd/meta.json
[2025-03-31 20:00:18.650] [info]  [FileSystemDriver] Writing to /home/alberto/.config/Insomnia/version-control/projects/prj_42d606abc8d04822aa2a1ef59edd33fd/meta.json.aab48da5-465f-43a6-b3b8-079dc761d858.tmp then renaming to /home/alberto/.config/Insomnia/version-control/projects/prj_42d606abc8d04822aa2a1ef59edd33fd/meta.json
[2025-03-31 22:15:50.459] [info]  [sync] Activated project prj_42d606abc8d04822aa2a1ef59edd33fd
[2025-03-31 22:15:50.460] [info]  [FileSystemDriver] Writing to /projects/prj_42d606abc8d04822aa2a1ef59edd33fd/meta.json
[2025-03-31 22:15:50.462] [info]  [FileSystemDriver] Writing to /home/alberto/.config/Insomnia/version-control/projects/prj_42d606abc8d04822aa2a1ef59edd33fd/meta.json.3b6e9732-d16e-4ba3-9459-482469de542f.tmp then renaming to /home/alberto/.config/Insomnia/version-control/projects/prj_42d606abc8d04822aa2a1ef59edd33fd/meta.json
[2025-03-31 23:05:43.893] [info]  [sync] Activated project prj_42d606abc8d04822aa2a1ef59edd33fd
[2025-03-31 23:05:43.894] [info]  [FileSystemDriver] Writing to /projects/prj_42d606abc8d04822aa2a1ef59edd33fd/meta.json
[2025-03-31 23:05:43.896] [info]  [FileSystemDriver] Writing to /home/alberto/.config/Insomnia/version-control/projects/prj_42d606abc8d04822aa2a1ef59edd33fd/meta.json.0cd075e8-7a57-4963-91f0-c0aad56fe658.tmp then renaming to /home/alberto/.config/Insomnia/version-control/projects/prj_42d606abc8d04822aa2a1ef59edd33fd/meta.json
[2025-03-31 23:05:51.348] [info]  [sync] Activated project prj_42d606abc8d04822aa2a1ef59edd33fd
[2025-03-31 23:05:51.348] [info]  [FileSystemDriver] Writing to /projects/prj_42d606abc8d04822aa2a1ef59edd33fd/meta.json
[2025-03-31 23:05:51.349] [info]  [FileSystemDriver] Writing to /home/alberto/.config/Insomnia/version-control/projects/prj_42d606abc8d04822aa2a1ef59edd33fd/meta.json.06e5ba34-bc18-4857-8225-75a023fe9020.tmp then renaming to /home/alberto/.config/Insomnia/version-control/projects/prj_42d606abc8d04822aa2a1ef59edd33fd/meta.json
