2025-02-14 19:40:42.539 [info] [main] Log level: Info
2025-02-14 19:40:42.539 [info] [main] Validating found git in: "git"
2025-02-14 19:40:42.539 [info] [main] Using git "2.48.1" from "git"
2025-02-14 19:40:42.539 [info] [Model][doInitialScan] Initial repository scan started
2025-02-14 19:40:42.539 [info] > git rev-parse --show-toplevel [13ms]
2025-02-14 19:40:42.539 [info] > git rev-parse --git-dir --git-common-dir [4ms]
2025-02-14 19:40:42.539 [info] [Model][openRepository] Opened repository: /home/alberto/Desktop/Projects/others/climate-action (5)
2025-02-14 19:40:42.539 [info] > git config --get commit.template [7ms]
2025-02-14 19:40:42.552 [info] > git for-each-ref --format=%(refname)%00%(upstream:short)%00%(objectname)%00%(upstream:track)%00%(upstream:remotename)%00%(upstream:remoteref) refs/heads/main refs/remotes/main [13ms]
2025-02-14 19:40:43.592 [info] > git rev-parse --show-toplevel [1041ms]
2025-02-14 19:40:43.744 [info] > git rev-parse --show-toplevel [35ms]
2025-02-14 19:40:43.808 [info] > git status -z -uall [34ms]
2025-02-14 19:40:43.809 [info] > git rev-parse --show-toplevel [7ms]
2025-02-14 19:40:43.809 [info] > git for-each-ref --sort -committerdate --format %(refname) %(objectname) %(*objectname) [21ms]
2025-02-14 19:40:43.873 [info] > git for-each-ref --format=%(refname)%00%(upstream:short)%00%(objectname)%00%(upstream:track)%00%(upstream:remotename)%00%(upstream:remoteref) refs/heads/main refs/remotes/main [36ms]
2025-02-14 19:40:43.894 [info] > git config --get --local branch.main.vscode-merge-base [6ms]
2025-02-14 19:40:43.894 [warning] [Git][config] git config failed: Failed to execute git
2025-02-14 19:40:43.909 [info] > git config --get commit.template [38ms]
2025-02-14 19:40:43.910 [info] > git rev-parse --show-toplevel [51ms]
2025-02-14 19:40:43.926 [info] > git reflog main --grep-reflog=branch: Created from *. [17ms]
2025-02-14 19:40:43.990 [info] > git symbolic-ref --short refs/remotes/origin/HEAD [50ms]
2025-02-14 19:40:44.005 [info] > git rev-parse --show-toplevel [80ms]
2025-02-14 19:40:44.029 [info] > git for-each-ref --format=%(refname)%00%(upstream:short)%00%(objectname)%00%(upstream:track)%00%(upstream:remotename)%00%(upstream:remoteref) refs/heads/origin/main refs/remotes/origin/main [24ms]
2025-02-14 19:40:44.042 [info] > git for-each-ref --format=%(refname)%00%(upstream:short)%00%(objectname)%00%(upstream:track)%00%(upstream:remotename)%00%(upstream:remoteref) refs/heads/main refs/remotes/main [54ms]
2025-02-14 19:40:44.043 [info] > git rev-parse --show-toplevel [19ms]
2025-02-14 19:40:44.060 [info] > git config --add --local branch.main.vscode-merge-base origin/main [18ms]
2025-02-14 19:40:44.165 [info] > git rev-parse --show-toplevel [106ms]
2025-02-14 19:40:44.166 [info] [Model][doInitialScan] Initial repository scan completed - repositories (1), closed repositories (0), parent repositories (0), unsafe repositories (0)
2025-02-14 19:40:44.202 [info] > git check-ignore -v -z --stdin [22ms]
2025-02-14 19:40:44.204 [info] > git config --get commit.template [40ms]
2025-02-14 19:40:44.207 [info] > git for-each-ref --format=%(refname)%00%(upstream:short)%00%(objectname)%00%(upstream:track)%00%(upstream:remotename)%00%(upstream:remoteref) refs/heads/main refs/remotes/main [11ms]
2025-02-14 19:40:44.237 [info] > git config --get --local branch.main.vscode-merge-base [17ms]
2025-02-14 19:40:44.254 [info] > git for-each-ref --format=%(refname)%00%(upstream:short)%00%(objectname)%00%(upstream:track)%00%(upstream:remotename)%00%(upstream:remoteref) refs/heads/main refs/remotes/main [18ms]
2025-02-14 19:40:44.256 [info] > git for-each-ref --format=%(refname)%00%(upstream:short)%00%(objectname)%00%(upstream:track)%00%(upstream:remotename)%00%(upstream:remoteref) refs/heads/origin/main refs/remotes/origin/main [5ms]
2025-02-14 19:40:44.328 [info] > git merge-base refs/heads/main refs/remotes/origin/main [58ms]
2025-02-14 19:40:44.463 [info] > git status -z -uall [110ms]
2025-02-14 19:40:44.464 [info] > git diff --name-status -z --diff-filter=ADMR 72babf6f74a19473ffa9fa8684efaa6b6befea51...refs/remotes/origin/main [123ms]
2025-02-14 19:40:44.466 [info] > git for-each-ref --sort -committerdate --format %(refname) %(objectname) %(*objectname) [99ms]
2025-02-14 19:40:53.627 [info] > git check-ignore -v -z --stdin [2ms]
2025-02-14 19:40:56.514 [info] > git check-ignore -v -z --stdin [2ms]
2025-02-14 19:40:57.713 [info] > git check-ignore -v -z --stdin [3ms]
2025-02-14 19:40:59.622 [info] > git check-ignore -v -z --stdin [2ms]
2025-02-14 19:41:00.895 [info] > git check-ignore -v -z --stdin [2ms]
2025-02-14 19:41:06.893 [info] > git show --textconv :lib/firebase.ts [23ms]
2025-02-14 19:41:06.917 [info] > git ls-files --stage -- /home/alberto/Desktop/Projects/others/climate-action (5)/lib/firebase.ts [26ms]
2025-02-14 19:41:06.936 [info] > git cat-file -s 72a3053203c3f5d39fd47d28f9e925114f5813a7 [3ms]
2025-02-14 19:41:07.679 [info] > git check-ignore -v -z --stdin [1ms]
2025-02-14 19:41:09.570 [info] > git show --textconv :hooks/use-mobile.tsx [24ms]
2025-02-14 19:41:09.571 [info] > git ls-files --stage -- /home/alberto/Desktop/Projects/others/climate-action (5)/hooks/use-mobile.tsx [4ms]
2025-02-14 19:41:09.597 [info] > git cat-file -s 2b0fe1dfef3b17850bbac040665f514a8ffd0f15 [7ms]
2025-02-14 19:41:11.266 [info] > git show --textconv :hooks/use-toast.ts [23ms]
2025-02-14 19:41:11.268 [info] > git ls-files --stage -- /home/alberto/Desktop/Projects/others/climate-action (5)/hooks/use-toast.ts [4ms]
2025-02-14 19:41:11.298 [info] > git cat-file -s 02e111d81dd774038ac483c11b5f5a8f8aceb024 [3ms]
2025-02-14 19:41:15.381 [info] > git check-ignore -v -z --stdin [2ms]
2025-02-14 19:41:17.823 [info] > git show --textconv :components/theme-provider.tsx [24ms]
2025-02-14 19:41:17.825 [info] > git ls-files --stage -- /home/alberto/Desktop/Projects/others/climate-action (5)/components/theme-provider.tsx [7ms]
2025-02-14 19:41:17.843 [info] > git cat-file -s 55c2f6eb60b22a313a4c27bd0b2d728063cb8ab9 [2ms]
2025-02-14 19:41:20.923 [info] > git check-ignore -v -z --stdin [3ms]
2025-02-14 19:41:23.066 [info] > git show --textconv :app/page.tsx [18ms]
2025-02-14 19:41:23.068 [info] > git ls-files --stage -- /home/alberto/Desktop/Projects/others/climate-action (5)/app/page.tsx [3ms]
2025-02-14 19:41:23.086 [info] > git cat-file -s bd4fe800a3170b121d5790ddc7612a4b5201d923 [1ms]
2025-02-14 19:41:23.954 [info] > git blame --root --incremental 72babf6f74a19473ffa9fa8684efaa6b6befea51 -- /home/alberto/Desktop/Projects/others/climate-action (5)/app/page.tsx [6ms]
2025-02-14 19:41:58.246 [info] > git check-ignore -v -z --stdin [3ms]
2025-02-14 19:41:59.980 [info] > git check-ignore -v -z --stdin [2ms]
2025-02-14 19:42:00.568 [info] > git show --textconv :app/login/page.tsx [21ms]
2025-02-14 19:42:00.571 [info] > git ls-files --stage -- /home/alberto/Desktop/Projects/others/climate-action (5)/app/login/page.tsx [4ms]
2025-02-14 19:42:00.589 [info] > git cat-file -s cc6f69fbcbf30dff99e9c564695fbc656b7bf9a4 [2ms]
2025-02-14 19:42:18.257 [info] > git blame --root --incremental 72babf6f74a19473ffa9fa8684efaa6b6befea51 -- /home/alberto/Desktop/Projects/others/climate-action (5)/app/login/page.tsx [3ms]
2025-02-14 19:42:26.756 [info] > git config --get commit.template [3ms]
2025-02-14 19:42:26.774 [info] > git for-each-ref --format=%(refname)%00%(upstream:short)%00%(objectname)%00%(upstream:track)%00%(upstream:remotename)%00%(upstream:remoteref) refs/heads/main refs/remotes/main [3ms]
2025-02-14 19:42:26.809 [info] > git status -z -uall [19ms]
2025-02-14 19:42:26.810 [info] > git for-each-ref --sort -committerdate --format %(refname) %(objectname) %(*objectname) [3ms]
2025-02-14 20:08:49.871 [info] > git config --get commit.template [28ms]
2025-02-14 20:08:49.872 [info] > git for-each-ref --format=%(refname)%00%(upstream:short)%00%(objectname)%00%(upstream:track)%00%(upstream:remotename)%00%(upstream:remoteref) refs/heads/main refs/remotes/main [3ms]
2025-02-14 20:08:49.918 [info] > git status -z -uall [24ms]
2025-02-14 20:08:49.919 [info] > git for-each-ref --sort -committerdate --format %(refname) %(objectname) %(*objectname) [4ms]
