2025-02-28 23:55:55.927 [info] [main] Log level: Info
2025-02-28 23:55:55.927 [info] [main] Validating found git in: "git"
2025-02-28 23:55:55.927 [info] [main] Using git "2.48.1" from "git"
2025-02-28 23:55:55.927 [info] [Model][doInitialScan] Initial repository scan started
2025-02-28 23:55:55.927 [info] > git rev-parse --show-toplevel [10ms]
2025-02-28 23:55:55.927 [info] > git rev-parse --git-dir --git-common-dir [117ms]
2025-02-28 23:55:55.927 [info] [Model][openRepository] Opened repository: /home/alberto/Desktop/Projects/codecrafters/codecrafters-git-java
2025-02-28 23:55:55.929 [info] > git rev-parse --show-toplevel [8ms]
2025-02-28 23:55:55.930 [info] > git config --get commit.template [23ms]
2025-02-28 23:55:55.965 [info] > git rev-parse --show-toplevel [18ms]
2025-02-28 23:55:55.982 [info] > git rev-parse --show-toplevel [3ms]
2025-02-28 23:55:55.982 [info] > git for-each-ref --format=%(refname)%00%(upstream:short)%00%(objectname)%00%(upstream:track)%00%(upstream:remotename)%00%(upstream:remoteref) refs/heads/master refs/remotes/master [20ms]
2025-02-28 23:55:55.999 [info] > git rev-parse --show-toplevel [3ms]
2025-02-28 23:55:56.130 [info] > git status -z -uall [33ms]
2025-02-28 23:55:56.130 [info] > git rev-parse --show-toplevel [6ms]
2025-02-28 23:55:56.131 [info] > git for-each-ref --sort -committerdate --format %(refname) %(objectname) %(*objectname) [19ms]
2025-02-28 23:55:56.191 [info] > git for-each-ref --format=%(refname)%00%(upstream:short)%00%(objectname)%00%(upstream:track)%00%(upstream:remotename)%00%(upstream:remoteref) refs/heads/master refs/remotes/master [29ms]
2025-02-28 23:55:56.211 [info] > git config --get --local branch.master.vscode-merge-base [7ms]
2025-02-28 23:55:56.211 [warning] [Git][config] git config failed: Failed to execute git
2025-02-28 23:55:56.225 [info] > git config --get commit.template [35ms]
2025-02-28 23:55:56.225 [info] > git rev-parse --show-toplevel [48ms]
2025-02-28 23:55:56.226 [info] [Model][doInitialScan] Initial repository scan completed - repositories (1), closed repositories (0), parent repositories (0), unsafe repositories (0)
2025-02-28 23:55:56.275 [info] > git for-each-ref --format=%(refname)%00%(upstream:short)%00%(objectname)%00%(upstream:track)%00%(upstream:remotename)%00%(upstream:remoteref) refs/heads/master refs/remotes/master [34ms]
2025-02-28 23:55:56.275 [info] > git reflog master --grep-reflog=branch: Created from *. [51ms]
2025-02-28 23:55:56.347 [info] > git show --textconv :src/main/java/Main.java [40ms]
2025-02-28 23:55:56.348 [info] > git symbolic-ref --short refs/remotes/origin/HEAD [57ms]
2025-02-28 23:55:56.363 [info] > git ls-files --stage -- /home/alberto/Desktop/Projects/codecrafters/codecrafters-git-java/src/main/java/Main.java [42ms]
2025-02-28 23:55:56.460 [info] > git for-each-ref --format=%(refname)%00%(upstream:short)%00%(objectname)%00%(upstream:track)%00%(upstream:remotename)%00%(upstream:remoteref) refs/heads/origin/master refs/remotes/origin/master [99ms]
2025-02-28 23:55:56.517 [info] > git check-ignore -v -z --stdin [29ms]
2025-02-28 23:55:56.519 [info] > git status -z -uall [17ms]
2025-02-28 23:55:56.519 [info] > git config --add --local branch.master.vscode-merge-base origin/master [46ms]
2025-02-28 23:55:56.520 [info] > git for-each-ref --sort -committerdate --format %(refname) %(objectname) %(*objectname) [4ms] (cancelled)
2025-02-28 23:55:56.534 [info] > git cat-file -s fe02852d8d4ced786816c2eb34c6b67b5ff3ccef [159ms]
2025-02-28 23:55:56.550 [info] > git for-each-ref --format=%(refname)%00%(upstream:short)%00%(objectname)%00%(upstream:track)%00%(upstream:remotename)%00%(upstream:remoteref) refs/heads/master refs/remotes/master [18ms]
2025-02-28 23:55:56.565 [info] > git config --get --local branch.master.vscode-merge-base [2ms]
2025-02-28 23:55:56.579 [info] > git config --get commit.template [31ms]
2025-02-28 23:55:56.584 [info] > git for-each-ref --format=%(refname)%00%(upstream:short)%00%(objectname)%00%(upstream:track)%00%(upstream:remotename)%00%(upstream:remoteref) refs/heads/origin/master refs/remotes/origin/master [5ms]
2025-02-28 23:55:56.613 [info] > git merge-base refs/heads/master refs/remotes/origin/master [15ms]
2025-02-28 23:55:56.626 [info] > git for-each-ref --format=%(refname)%00%(upstream:short)%00%(objectname)%00%(upstream:track)%00%(upstream:remotename)%00%(upstream:remoteref) refs/heads/master refs/remotes/master [16ms]
2025-02-28 23:55:56.627 [info] > git diff --name-status -z --diff-filter=ADMR eeb9337464dd76f8b21c130fe31462185fce7b3c...refs/remotes/origin/master [2ms]
2025-02-28 23:55:56.655 [info] > git status -z -uall [14ms]
2025-02-28 23:55:56.657 [info] > git for-each-ref --sort -committerdate --format %(refname) %(objectname) %(*objectname) [3ms]
2025-02-28 23:55:57.298 [info] > git check-ignore -v -z --stdin [1ms]
2025-02-28 23:55:57.705 [info] > git ls-files --stage -- /home/alberto/Desktop/Projects/codecrafters/codecrafters-git-java/src/main/java/Main.java [3ms]
2025-02-28 23:55:57.725 [info] > git cat-file -s fe02852d8d4ced786816c2eb34c6b67b5ff3ccef [5ms]
2025-02-28 23:55:57.745 [info] > git show --textconv :src/main/java/Main.java [2ms]
2025-02-28 23:56:17.607 [info] [main] Log level: Info
2025-02-28 23:56:17.607 [info] [main] Validating found git in: "git"
2025-02-28 23:56:17.607 [info] [main] Using git "2.48.1" from "git"
2025-02-28 23:56:17.607 [info] [Model][doInitialScan] Initial repository scan started
2025-02-28 23:56:17.607 [info] > git rev-parse --show-toplevel [10ms]
2025-02-28 23:56:17.634 [info] > git rev-parse --git-dir --git-common-dir [11ms]
2025-02-28 23:56:17.657 [info] [Model][openRepository] Opened repository: /home/alberto/Desktop/Projects/teste2/frontEnd/auth-app
2025-02-28 23:56:17.702 [info] > git rev-parse --show-toplevel [8ms]
2025-02-28 23:56:17.703 [info] > git config --get commit.template [26ms]
2025-02-28 23:56:17.796 [info] > git rev-parse --show-toplevel [45ms]
2025-02-28 23:56:17.813 [info] > git for-each-ref --format=%(refname)%00%(upstream:short)%00%(objectname)%00%(upstream:track)%00%(upstream:remotename)%00%(upstream:remoteref) refs/heads/main refs/remotes/main [18ms]
2025-02-28 23:56:17.816 [info] > git rev-parse --show-toplevel [4ms]
2025-02-28 23:56:17.817 [info] [Model][doInitialScan] Initial repository scan completed - repositories (1), closed repositories (0), parent repositories (0), unsafe repositories (0)
2025-02-28 23:56:17.933 [info] > git status -z -uall [99ms]
2025-02-28 23:56:17.935 [info] > git for-each-ref --sort -committerdate --format %(refname) %(objectname) %(*objectname) [84ms]
2025-02-28 23:56:17.984 [info] > git for-each-ref --format=%(refname)%00%(upstream:short)%00%(objectname)%00%(upstream:track)%00%(upstream:remotename)%00%(upstream:remoteref) refs/heads/main refs/remotes/main [24ms]
2025-02-28 23:56:18.008 [info] > git config --get --local branch.main.vscode-merge-base [6ms]
2025-02-28 23:56:18.008 [warning] [Git][config] git config failed: Failed to execute git
2025-02-28 23:56:18.024 [info] > git config --get commit.template [45ms]
2025-02-28 23:56:18.085 [info] > git for-each-ref --format=%(refname)%00%(upstream:short)%00%(objectname)%00%(upstream:track)%00%(upstream:remotename)%00%(upstream:remoteref) refs/heads/main refs/remotes/main [40ms]
2025-02-28 23:56:18.085 [info] > git reflog main --grep-reflog=branch: Created from *. [62ms]
2025-02-28 23:56:18.157 [info] > git symbolic-ref --short refs/remotes/origin/HEAD [60ms]
2025-02-28 23:56:18.180 [info] > git for-each-ref --format=%(refname)%00%(upstream:short)%00%(objectname)%00%(upstream:track)%00%(upstream:remotename)%00%(upstream:remoteref) refs/heads/origin/main refs/remotes/origin/main [6ms]
2025-02-28 23:56:18.281 [info] > git config --add --local branch.main.vscode-merge-base origin/main [85ms]
2025-02-28 23:56:18.335 [info] > git check-ignore -v -z --stdin [38ms]
2025-02-28 23:56:18.336 [info] > git for-each-ref --format=%(refname)%00%(upstream:short)%00%(objectname)%00%(upstream:track)%00%(upstream:remotename)%00%(upstream:remoteref) refs/heads/main refs/remotes/main [19ms]
2025-02-28 23:56:18.355 [info] > git config --get --local branch.main.vscode-merge-base [5ms]
2025-02-28 23:56:18.372 [info] > git config --get commit.template [39ms]
2025-02-28 23:56:18.388 [info] > git for-each-ref --format=%(refname)%00%(upstream:short)%00%(objectname)%00%(upstream:track)%00%(upstream:remotename)%00%(upstream:remoteref) refs/heads/origin/main refs/remotes/origin/main [16ms]
2025-02-28 23:56:18.404 [info] > git for-each-ref --format=%(refname)%00%(upstream:short)%00%(objectname)%00%(upstream:track)%00%(upstream:remotename)%00%(upstream:remoteref) refs/heads/main refs/remotes/main [18ms]
2025-02-28 23:56:18.406 [info] > git merge-base refs/heads/main refs/remotes/origin/main [3ms]
2025-02-28 23:56:18.453 [info] > git status -z -uall [17ms]
2025-02-28 23:56:18.454 [info] > git diff --name-status -z --diff-filter=ADMR ec232ecd7b60bdd7d966be463c5c5c7b4f247cab...refs/remotes/origin/main [33ms]
2025-02-28 23:56:18.456 [info] > git for-each-ref --sort -committerdate --format %(refname) %(objectname) %(*objectname) [5ms]
2025-02-28 23:56:19.814 [info] > git check-ignore -v -z --stdin [2ms]
2025-02-28 23:56:29.258 [info] > git show --textconv :src/.env [22ms]
2025-02-28 23:56:29.274 [info] > git ls-files --stage -- /home/alberto/Desktop/Projects/teste2/frontEnd/auth-app/src/.env [17ms]
2025-02-28 23:56:29.290 [info] > git hash-object -t tree /dev/null [18ms]
2025-02-28 23:56:29.291 [warning] [GitFileSystemProvider][readFile] File not found - git:/home/alberto/Desktop/Projects/teste2/frontEnd/auth-app/src/.env.git?%7B%22path%22%3A%22%2Fhome%2Falberto%2FDesktop%2FProjects%2Fteste2%2FfrontEnd%2Fauth-app%2Fsrc%2F.env%22%2C%22ref%22%3A%22%22%7D
2025-02-28 23:56:29.294 [info] > git hash-object -t tree /dev/null [5ms]
2025-02-28 23:56:29.294 [warning] [GitFileSystemProvider][stat] File not found - git:/home/alberto/Desktop/Projects/teste2/frontEnd/auth-app/src/.env.git?%7B%22path%22%3A%22%2Fhome%2Falberto%2FDesktop%2FProjects%2Fteste2%2FfrontEnd%2Fauth-app%2Fsrc%2F.env%22%2C%22ref%22%3A%22%22%7D
2025-02-28 23:56:29.509 [info] > git check-ignore -v -z --stdin [2ms]
2025-02-28 23:56:30.090 [info] > git config --get commit.template [22ms]
2025-02-28 23:56:30.091 [info] > git for-each-ref --format=%(refname)%00%(upstream:short)%00%(objectname)%00%(upstream:track)%00%(upstream:remotename)%00%(upstream:remoteref) refs/heads/main refs/remotes/main [2ms]
2025-02-28 23:56:30.130 [info] > git status -z -uall [19ms]
2025-02-28 23:56:30.134 [info] > git for-each-ref --sort -committerdate --format %(refname) %(objectname) %(*objectname) [5ms]
2025-02-28 23:57:03.406 [info] > git config --get commit.template [3ms]
2025-02-28 23:57:03.430 [info] > git for-each-ref --format=%(refname)%00%(upstream:short)%00%(objectname)%00%(upstream:track)%00%(upstream:remotename)%00%(upstream:remoteref) refs/heads/main refs/remotes/main [4ms]
2025-02-28 23:57:03.469 [info] > git status -z -uall [21ms]
2025-02-28 23:57:03.470 [info] > git for-each-ref --sort -committerdate --format %(refname) %(objectname) %(*objectname) [4ms]
2025-02-28 23:57:13.145 [info] > git config --get commit.template [19ms]
2025-02-28 23:57:13.146 [info] > git for-each-ref --format=%(refname)%00%(upstream:short)%00%(objectname)%00%(upstream:track)%00%(upstream:remotename)%00%(upstream:remoteref) refs/heads/main refs/remotes/main [3ms]
2025-02-28 23:57:13.177 [info] > git status -z -uall [16ms]
2025-02-28 23:57:13.179 [info] > git for-each-ref --sort -committerdate --format %(refname) %(objectname) %(*objectname) [3ms]
2025-02-28 23:57:18.210 [info] > git config --get commit.template [3ms]
2025-02-28 23:57:18.230 [info] > git for-each-ref --format=%(refname)%00%(upstream:short)%00%(objectname)%00%(upstream:track)%00%(upstream:remotename)%00%(upstream:remoteref) refs/heads/main refs/remotes/main [3ms]
2025-02-28 23:57:18.260 [info] > git status -z -uall [15ms]
2025-02-28 23:57:18.262 [info] > git for-each-ref --sort -committerdate --format %(refname) %(objectname) %(*objectname) [3ms]
2025-02-28 23:58:10.552 [info] > git config --get commit.template [19ms]
2025-02-28 23:58:10.553 [info] > git for-each-ref --format=%(refname)%00%(upstream:short)%00%(objectname)%00%(upstream:track)%00%(upstream:remotename)%00%(upstream:remoteref) refs/heads/main refs/remotes/main [2ms]
2025-02-28 23:58:10.591 [info] > git status -z -uall [19ms]
2025-02-28 23:58:10.593 [info] > git for-each-ref --sort -committerdate --format %(refname) %(objectname) %(*objectname) [3ms]
2025-03-01 00:06:33.575 [info] > git config --get commit.template [18ms]
2025-03-01 00:06:33.576 [info] > git for-each-ref --format=%(refname)%00%(upstream:short)%00%(objectname)%00%(upstream:track)%00%(upstream:remotename)%00%(upstream:remoteref) refs/heads/main refs/remotes/main [2ms]
2025-03-01 00:06:33.616 [info] > git status -z -uall [18ms]
2025-03-01 00:06:33.617 [info] > git for-each-ref --sort -committerdate --format %(refname) %(objectname) %(*objectname) [3ms]
2025-03-01 00:06:38.647 [info] > git config --get commit.template [2ms]
2025-03-01 00:06:38.666 [info] > git for-each-ref --format=%(refname)%00%(upstream:short)%00%(objectname)%00%(upstream:track)%00%(upstream:remotename)%00%(upstream:remoteref) refs/heads/main refs/remotes/main [2ms]
2025-03-01 00:06:38.702 [info] > git status -z -uall [17ms]
2025-03-01 00:06:38.703 [info] > git for-each-ref --sort -committerdate --format %(refname) %(objectname) %(*objectname) [3ms]
2025-03-01 00:06:45.195 [info] > git show --textconv :src/index.tsx [42ms]
2025-03-01 00:06:45.196 [info] > git ls-files --stage -- /home/alberto/Desktop/Projects/teste2/frontEnd/auth-app/src/index.tsx [9ms]
2025-03-01 00:06:45.219 [info] > git cat-file -s 335fcdb9f1236df32894dd33a961f468e153e641 [3ms]
2025-03-01 00:11:04.740 [info] > git config --get commit.template [23ms]
2025-03-01 00:11:04.759 [info] > git ls-files --stage -- /home/alberto/Desktop/Projects/teste2/frontEnd/auth-app/src/index.tsx [23ms]
2025-03-01 00:11:04.773 [info] > git for-each-ref --format=%(refname)%00%(upstream:short)%00%(objectname)%00%(upstream:track)%00%(upstream:remotename)%00%(upstream:remoteref) refs/heads/main refs/remotes/main [15ms]
2025-03-01 00:11:04.774 [info] > git cat-file -s 335fcdb9f1236df32894dd33a961f468e153e641 [1ms]
2025-03-01 00:11:04.808 [info] > git status -z -uall [18ms]
2025-03-01 00:11:04.824 [info] > git for-each-ref --sort -committerdate --format %(refname) %(objectname) %(*objectname) [17ms]
2025-03-01 00:11:04.828 [info] > git show --textconv :src/index.tsx [5ms]
2025-03-01 00:11:06.653 [info] > git log --format=%H%n%aN%n%aE%n%at%n%ct%n%P%n%D%n%B -z --shortstat --diff-merges=first-parent -n50 --skip=0 --topo-order --decorate=full --stdin [82ms]
2025-03-01 00:11:07.225 [info] > git check-ignore -v -z --stdin [4ms]
2025-03-01 00:11:09.868 [info] > git config --get commit.template [18ms]
2025-03-01 00:11:09.869 [info] > git for-each-ref --format=%(refname)%00%(upstream:short)%00%(objectname)%00%(upstream:track)%00%(upstream:remotename)%00%(upstream:remoteref) refs/heads/main refs/remotes/main [2ms]
2025-03-01 00:11:09.903 [info] > git status -z -uall [18ms]
2025-03-01 00:11:09.905 [info] > git for-each-ref --sort -committerdate --format %(refname) %(objectname) %(*objectname) [2ms]
2025-03-01 00:11:19.190 [info] > git show --textconv HEAD:src/react-app-env.d.ts [24ms]
2025-03-01 00:11:19.191 [info] > git ls-tree -l HEAD -- /home/alberto/Desktop/Projects/teste2/frontEnd/auth-app/src/react-app-env.d.ts [6ms]
2025-03-01 00:11:19.849 [info] > git check-ignore -v -z --stdin [9ms]
2025-03-01 00:11:30.788 [info] > git ls-tree -l HEAD -- /home/alberto/Desktop/Projects/teste2/frontEnd/auth-app/src/react-app-env.d.ts [2ms]
2025-03-01 00:11:36.325 [info] > git ls-tree -l HEAD -- /home/alberto/Desktop/Projects/teste2/frontEnd/auth-app/src/react-app-env.d.ts [3ms]
2025-03-01 00:11:37.859 [info] > git add -A -- /home/alberto/Desktop/Projects/teste2/frontEnd/auth-app/package-lock.json [17ms]
2025-03-01 00:11:37.895 [info] > git config --get commit.template [18ms]
2025-03-01 00:11:37.897 [info] > git for-each-ref --format=%(refname)%00%(upstream:short)%00%(objectname)%00%(upstream:track)%00%(upstream:remotename)%00%(upstream:remoteref) refs/heads/main refs/remotes/main [3ms]
2025-03-01 00:11:37.941 [info] > git status -z -uall [25ms]
2025-03-01 00:11:37.946 [info] > git for-each-ref --sort -committerdate --format %(refname) %(objectname) %(*objectname) [7ms]
2025-03-01 00:11:39.081 [info] > git ls-tree -l HEAD -- /home/alberto/Desktop/Projects/teste2/frontEnd/auth-app/src/react-app-env.d.ts [4ms]
2025-03-01 00:11:39.114 [info] > git show --textconv HEAD:src/react-app-env.d.ts [2ms]
2025-03-01 00:11:40.104 [info] > git config --get commit.template [26ms]
2025-03-01 00:11:40.106 [info] > git for-each-ref --format=%(refname)%00%(upstream:short)%00%(objectname)%00%(upstream:track)%00%(upstream:remotename)%00%(upstream:remoteref) refs/heads/main refs/remotes/main [3ms]
2025-03-01 00:11:40.154 [info] > git status -z -uall [23ms]
2025-03-01 00:11:40.156 [info] > git for-each-ref --sort -committerdate --format %(refname) %(objectname) %(*objectname) [4ms]
2025-03-01 00:11:43.940 [info] > git ls-files --stage -- /home/alberto/Desktop/Projects/teste2/frontEnd/auth-app/package-lock.json [24ms]
2025-03-01 00:11:43.962 [info] > git ls-tree -l HEAD -- /home/alberto/Desktop/Projects/teste2/frontEnd/auth-app/package-lock.json [25ms]
2025-03-01 00:11:44.052 [info] > git cat-file -s d057c51e33f94fb4d22988daa0497914b077f760 [93ms]
2025-03-01 00:11:44.054 [info] > git show --textconv :package-lock.json [197ms]
2025-03-01 00:11:44.054 [info] > git show --textconv HEAD:package-lock.json [162ms]
2025-03-01 00:11:45.859 [info] > git ls-tree -l HEAD -- /home/alberto/Desktop/Projects/teste2/frontEnd/auth-app/src/react-app-env.d.ts [6ms]
2025-03-01 00:11:49.642 [info] > git blame --root --incremental ec232ecd7b60bdd7d966be463c5c5c7b4f247cab -- /home/alberto/Desktop/Projects/teste2/frontEnd/auth-app/src/react-app-env.d.ts [6ms]
2025-03-01 00:12:09.532 [info] > git log --format=%H%n%aN%n%aE%n%at%n%ct%n%P%n%D%n%B -z --shortstat --diff-merges=first-parent -n50 --skip=0 --topo-order --decorate=full --stdin [72ms]
2025-03-01 00:12:25.398 [info] > git show --textconv :src/react-app-env.d.ts [23ms]
2025-03-01 00:12:25.401 [info] > git ls-files --stage -- /home/alberto/Desktop/Projects/teste2/frontEnd/auth-app/src/react-app-env.d.ts [4ms]
2025-03-01 00:12:25.425 [info] > git cat-file -s 6431bc5fc6b2c932dfe5d0418fc667b86c18b9fc [4ms]
2025-03-01 00:12:26.308 [info] > git config --get commit.template [24ms]
2025-03-01 00:12:26.309 [info] > git for-each-ref --format=%(refname)%00%(upstream:short)%00%(objectname)%00%(upstream:track)%00%(upstream:remotename)%00%(upstream:remoteref) refs/heads/main refs/remotes/main [3ms]
2025-03-01 00:12:26.366 [info] > git status -z -uall [26ms]
2025-03-01 00:12:26.368 [info] > git for-each-ref --sort -committerdate --format %(refname) %(objectname) %(*objectname) [4ms]
2025-03-01 00:12:28.253 [info] > git ls-tree -l HEAD -- /home/alberto/Desktop/Projects/teste2/frontEnd/auth-app/src/react-app-env.d.ts [3ms]
2025-03-01 00:12:31.421 [info] > git config --get commit.template [25ms]
2025-03-01 00:12:31.423 [info] > git for-each-ref --format=%(refname)%00%(upstream:short)%00%(objectname)%00%(upstream:track)%00%(upstream:remotename)%00%(upstream:remoteref) refs/heads/main refs/remotes/main [4ms]
2025-03-01 00:12:31.463 [info] > git status -z -uall [19ms]
2025-03-01 00:12:31.465 [info] > git for-each-ref --sort -committerdate --format %(refname) %(objectname) %(*objectname) [3ms]
2025-03-01 00:12:35.886 [info] > git show --textconv :src/react-app-env.d.ts [20ms]
2025-03-01 00:12:35.887 [info] > git ls-files --stage -- /home/alberto/Desktop/Projects/teste2/frontEnd/auth-app/src/react-app-env.d.ts [2ms]
2025-03-01 00:12:35.906 [info] > git cat-file -s 6431bc5fc6b2c932dfe5d0418fc667b86c18b9fc [2ms]
2025-03-01 00:12:39.332 [info] > git ls-tree -l HEAD -- /home/alberto/Desktop/Projects/teste2/frontEnd/auth-app/src/react-app-env.d.ts [4ms]
2025-03-01 00:12:44.819 [info] > git show --textconv :src/react-app-env.d.ts [23ms]
2025-03-01 00:12:44.821 [info] > git ls-files --stage -- /home/alberto/Desktop/Projects/teste2/frontEnd/auth-app/src/react-app-env.d.ts [3ms]
2025-03-01 00:12:44.847 [info] > git cat-file -s 6431bc5fc6b2c932dfe5d0418fc667b86c18b9fc [2ms]
2025-03-01 00:14:00.152 [info] > git config --get commit.template [23ms]
2025-03-01 00:14:00.153 [info] > git for-each-ref --format=%(refname)%00%(upstream:short)%00%(objectname)%00%(upstream:track)%00%(upstream:remotename)%00%(upstream:remoteref) refs/heads/main refs/remotes/main [3ms]
2025-03-01 00:14:00.216 [info] > git status -z -uall [34ms]
2025-03-01 00:14:00.263 [info] > git ls-files --stage -- /home/alberto/Desktop/Projects/teste2/frontEnd/auth-app/src/react-app-env.d.ts [4ms]
2025-03-01 00:14:00.289 [info] > git ls-tree -l HEAD -- /home/alberto/Desktop/Projects/teste2/frontEnd/auth-app/src/react-app-env.d.ts [52ms]
2025-03-01 00:14:00.290 [info] > git for-each-ref --sort -committerdate --format %(refname) %(objectname) %(*objectname) [77ms]
2025-03-01 00:14:00.299 [info] > git cat-file -s 6431bc5fc6b2c932dfe5d0418fc667b86c18b9fc [11ms]
2025-03-01 00:14:00.354 [info] > git show --textconv HEAD:src/react-app-env.d.ts [29ms]
2025-03-01 00:14:00.358 [info] > git show --textconv :src/react-app-env.d.ts [7ms]
2025-03-01 00:14:06.338 [info] > git config --get commit.template [28ms]
2025-03-01 00:14:06.342 [info] > git for-each-ref --format=%(refname)%00%(upstream:short)%00%(objectname)%00%(upstream:track)%00%(upstream:remotename)%00%(upstream:remoteref) refs/heads/main refs/remotes/main [4ms]
2025-03-01 00:14:06.386 [info] > git status -z -uall [23ms]
2025-03-01 00:14:06.388 [info] > git for-each-ref --sort -committerdate --format %(refname) %(objectname) %(*objectname) [3ms]
2025-03-01 00:14:11.421 [info] > git config --get commit.template [3ms]
2025-03-01 00:14:11.443 [info] > git for-each-ref --format=%(refname)%00%(upstream:short)%00%(objectname)%00%(upstream:track)%00%(upstream:remotename)%00%(upstream:remoteref) refs/heads/main refs/remotes/main [2ms]
2025-03-01 00:14:11.490 [info] > git status -z -uall [24ms]
2025-03-01 00:14:11.493 [info] > git for-each-ref --sort -committerdate --format %(refname) %(objectname) %(*objectname) [4ms]
2025-03-01 00:14:16.550 [info] > git config --get commit.template [23ms]
2025-03-01 00:14:16.553 [info] > git for-each-ref --format=%(refname)%00%(upstream:short)%00%(objectname)%00%(upstream:track)%00%(upstream:remotename)%00%(upstream:remoteref) refs/heads/main refs/remotes/main [4ms]
2025-03-01 00:14:16.611 [info] > git status -z -uall [28ms]
2025-03-01 00:14:16.613 [info] > git for-each-ref --sort -committerdate --format %(refname) %(objectname) %(*objectname) [3ms]
2025-03-01 00:34:09.602 [info] > git config --get commit.template [3ms]
2025-03-01 00:34:09.660 [info] > git ls-tree -l HEAD -- /home/alberto/Desktop/Projects/teste2/frontEnd/auth-app/src/react-app-env.d.ts [27ms]
2025-03-01 00:34:09.663 [info] > git for-each-ref --format=%(refname)%00%(upstream:short)%00%(objectname)%00%(upstream:track)%00%(upstream:remotename)%00%(upstream:remoteref) refs/heads/main refs/remotes/main [4ms]
2025-03-01 00:34:09.731 [info] > git show --textconv HEAD:src/react-app-env.d.ts [39ms]
2025-03-01 00:34:09.731 [info] > git status -z -uall [19ms]
2025-03-01 00:34:09.734 [info] > git for-each-ref --sort -committerdate --format %(refname) %(objectname) %(*objectname) [4ms]
2025-03-01 00:49:13.604 [info] > git config --get commit.template [25ms]
2025-03-01 00:49:13.606 [info] > git for-each-ref --format=%(refname)%00%(upstream:short)%00%(objectname)%00%(upstream:track)%00%(upstream:remotename)%00%(upstream:remoteref) refs/heads/main refs/remotes/main [2ms]
2025-03-01 00:49:13.661 [info] > git status -z -uall [27ms]
2025-03-01 00:49:13.663 [info] > git for-each-ref --sort -committerdate --format %(refname) %(objectname) %(*objectname) [3ms]
2025-03-01 10:29:52.205 [info] > git config --get commit.template [4ms]
2025-03-01 10:29:52.275 [info] > git ls-tree -l HEAD -- /home/alberto/Desktop/Projects/teste2/frontEnd/auth-app/src/react-app-env.d.ts [28ms]
2025-03-01 10:29:52.279 [info] > git for-each-ref --format=%(refname)%00%(upstream:short)%00%(objectname)%00%(upstream:track)%00%(upstream:remotename)%00%(upstream:remoteref) refs/heads/main refs/remotes/main [5ms]
2025-03-01 10:29:52.335 [info] > git status -z -uall [26ms]
2025-03-01 10:29:52.363 [info] > git for-each-ref --sort -committerdate --format %(refname) %(objectname) %(*objectname) [29ms]
2025-03-01 10:29:52.373 [info] > git show --textconv HEAD:src/react-app-env.d.ts [12ms]
