2025-02-09 22:46:47.249 [info] [main] Log level: Info
2025-02-09 22:46:47.249 [info] [main] Validating found git in: "git"
2025-02-09 22:46:47.249 [info] [main] Using git "2.48.1" from "git"
2025-02-09 22:46:47.249 [info] [Model][doInitialScan] Initial repository scan started
2025-02-09 22:46:47.249 [info] > git rev-parse --show-toplevel [16ms]
2025-02-09 22:46:47.249 [info] > git rev-parse --git-dir --git-common-dir [5ms]
2025-02-09 22:46:47.249 [info] [Model][openRepository] Opened repository: /home/alberto/Desktop/Projects/spring/other/my-responsive-app
2025-02-09 22:46:47.249 [info] > git rev-parse --show-toplevel [1380ms]
2025-02-09 22:46:47.249 [info] > git config --get commit.template [1391ms]
2025-02-09 22:46:47.249 [info] [Git][getRemotes] No remotes found in the git config file
2025-02-09 22:46:47.251 [info] > git rev-parse --show-toplevel [113ms]
2025-02-09 22:46:47.253 [info] [Model][doInitialScan] Initial repository scan completed - repositories (1), closed repositories (0), parent repositories (0), unsafe repositories (0)
2025-02-09 22:46:47.295 [info] > git for-each-ref --format=%(refname)%00%(upstream:short)%00%(objectname)%00%(upstream:track)%00%(upstream:remotename)%00%(upstream:remoteref) refs/heads/master refs/remotes/master [49ms]
2025-02-09 22:46:47.333 [info] > git status -z -uall [21ms]
2025-02-09 22:46:47.333 [info] > git for-each-ref --sort -committerdate --format %(refname) %(objectname) %(*objectname) [6ms]
2025-02-09 22:46:47.377 [info] > git for-each-ref --format=%(refname)%00%(upstream:short)%00%(objectname)%00%(upstream:track)%00%(upstream:remotename)%00%(upstream:remoteref) refs/heads/master refs/remotes/master [23ms]
2025-02-09 22:46:47.397 [info] > git config --get --local branch.master.vscode-merge-base [6ms]
2025-02-09 22:46:47.398 [warning] [Git][config] git config failed: Failed to execute git
2025-02-09 22:46:47.411 [info] > git config --get commit.template [34ms]
2025-02-09 22:46:47.426 [info] [Git][getRemotes] No remotes found in the git config file
2025-02-09 22:46:47.427 [info] > git reflog master --grep-reflog=branch: Created from *. [17ms]
2025-02-09 22:46:47.431 [info] > git for-each-ref --format=%(refname)%00%(upstream:short)%00%(objectname)%00%(upstream:track)%00%(upstream:remotename)%00%(upstream:remoteref) refs/heads/master refs/remotes/master [5ms]
2025-02-09 22:46:47.461 [info] > git status -z -uall [18ms]
2025-02-09 22:46:47.462 [info] > git for-each-ref --sort -committerdate --format %(refname) %(objectname) %(*objectname) [6ms]
2025-02-09 22:46:47.578 [info] > git check-ignore -v -z --stdin [5ms]
2025-02-09 22:47:07.091 [info] > git check-ignore -v -z --stdin [3ms]
2025-02-09 22:47:42.090 [info] > git show --textconv :src/App.tsx [18ms]
2025-02-09 22:47:42.092 [info] > git ls-files --stage -- /home/alberto/Desktop/Projects/spring/other/my-responsive-app/src/App.tsx [4ms]
2025-02-09 22:47:42.111 [info] > git cat-file -s a53698aab3c66049c61980112dd0109dd2cd0845 [4ms]
2025-02-09 22:47:42.292 [info] > git blame --root --incremental 82bec1bb9cf750362e81e21561c94563a3f9a83d -- /home/alberto/Desktop/Projects/spring/other/my-responsive-app/src/App.tsx [15ms]
2025-02-09 22:47:44.999 [info] [Git][getRemotes] No remotes found in the git config file
2025-02-09 22:47:45.001 [info] > git config --get commit.template [16ms]
2025-02-09 22:47:45.002 [info] > git for-each-ref --format=%(refname)%00%(upstream:short)%00%(objectname)%00%(upstream:track)%00%(upstream:remotename)%00%(upstream:remoteref) refs/heads/master refs/remotes/master [3ms]
2025-02-09 22:47:45.037 [info] > git status -z -uall [20ms]
2025-02-09 22:47:45.038 [info] > git for-each-ref --sort -committerdate --format %(refname) %(objectname) %(*objectname) [2ms]
2025-02-09 22:47:50.082 [info] [Git][getRemotes] No remotes found in the git config file
2025-02-09 22:47:50.083 [info] > git config --get commit.template [20ms]
2025-02-09 22:47:50.086 [info] > git for-each-ref --format=%(refname)%00%(upstream:short)%00%(objectname)%00%(upstream:track)%00%(upstream:remotename)%00%(upstream:remoteref) refs/heads/master refs/remotes/master [4ms]
2025-02-09 22:47:50.114 [info] > git status -z -uall [15ms]
2025-02-09 22:47:50.115 [info] > git for-each-ref --sort -committerdate --format %(refname) %(objectname) %(*objectname) [2ms]
2025-02-09 22:48:15.653 [info] [Git][getRemotes] No remotes found in the git config file
2025-02-09 22:48:15.654 [info] > git config --get commit.template [18ms]
2025-02-09 22:48:15.657 [info] > git for-each-ref --format=%(refname)%00%(upstream:short)%00%(objectname)%00%(upstream:track)%00%(upstream:remotename)%00%(upstream:remoteref) refs/heads/master refs/remotes/master [4ms]
2025-02-09 22:48:15.687 [info] > git status -z -uall [13ms]
2025-02-09 22:48:15.689 [info] > git for-each-ref --sort -committerdate --format %(refname) %(objectname) %(*objectname) [3ms]
2025-02-09 22:48:25.947 [info] > git show --textconv :src/index.tsx [15ms]
2025-02-09 22:48:25.950 [info] > git ls-files --stage -- /home/alberto/Desktop/Projects/spring/other/my-responsive-app/src/index.tsx [3ms]
2025-02-09 22:48:25.966 [info] > git cat-file -s 032464fb6ec40a523899b8c8a593242f3108a420 [2ms]
2025-02-09 22:48:26.069 [info] > git blame --root --incremental 82bec1bb9cf750362e81e21561c94563a3f9a83d -- /home/alberto/Desktop/Projects/spring/other/my-responsive-app/src/index.tsx [2ms]
2025-02-09 22:48:28.843 [info] [Git][getRemotes] No remotes found in the git config file
2025-02-09 22:48:28.845 [info] > git config --get commit.template [17ms]
2025-02-09 22:48:28.846 [info] > git for-each-ref --format=%(refname)%00%(upstream:short)%00%(objectname)%00%(upstream:track)%00%(upstream:remotename)%00%(upstream:remoteref) refs/heads/master refs/remotes/master [3ms]
2025-02-09 22:48:28.874 [info] > git status -z -uall [14ms]
2025-02-09 22:48:28.876 [info] > git for-each-ref --sort -committerdate --format %(refname) %(objectname) %(*objectname) [3ms]
2025-02-09 22:48:33.918 [info] [Git][getRemotes] No remotes found in the git config file
2025-02-09 22:48:33.925 [info] > git for-each-ref --format=%(refname)%00%(upstream:short)%00%(objectname)%00%(upstream:track)%00%(upstream:remotename)%00%(upstream:remoteref) refs/heads/master refs/remotes/master [8ms]
2025-02-09 22:48:33.926 [info] > git config --get commit.template [24ms]
2025-02-09 22:48:33.977 [info] > git status -z -uall [27ms]
2025-02-09 22:48:33.979 [info] > git for-each-ref --sort -committerdate --format %(refname) %(objectname) %(*objectname) [3ms]
2025-02-09 22:48:44.010 [info] [Git][getRemotes] No remotes found in the git config file
2025-02-09 22:48:44.011 [info] > git config --get commit.template [19ms]
2025-02-09 22:48:44.012 [info] > git for-each-ref --format=%(refname)%00%(upstream:short)%00%(objectname)%00%(upstream:track)%00%(upstream:remotename)%00%(upstream:remoteref) refs/heads/master refs/remotes/master [3ms]
2025-02-09 22:48:44.044 [info] > git status -z -uall [16ms]
2025-02-09 22:48:44.047 [info] > git for-each-ref --sort -committerdate --format %(refname) %(objectname) %(*objectname) [4ms]
2025-02-09 22:50:46.432 [info] [Git][getRemotes] No remotes found in the git config file
2025-02-09 22:50:46.433 [info] > git config --get commit.template [19ms]
2025-02-09 22:50:46.434 [info] > git for-each-ref --format=%(refname)%00%(upstream:short)%00%(objectname)%00%(upstream:track)%00%(upstream:remotename)%00%(upstream:remoteref) refs/heads/master refs/remotes/master [3ms]
2025-02-09 22:50:46.469 [info] > git status -z -uall [20ms]
2025-02-09 22:50:46.472 [info] > git for-each-ref --sort -committerdate --format %(refname) %(objectname) %(*objectname) [7ms]
2025-02-09 22:50:51.509 [info] [Git][getRemotes] No remotes found in the git config file
2025-02-09 22:50:51.509 [info] > git config --get commit.template [17ms]
2025-02-09 22:50:51.510 [info] > git for-each-ref --format=%(refname)%00%(upstream:short)%00%(objectname)%00%(upstream:track)%00%(upstream:remotename)%00%(upstream:remoteref) refs/heads/master refs/remotes/master [2ms]
2025-02-09 22:50:51.537 [info] > git status -z -uall [14ms]
2025-02-09 22:50:51.539 [info] > git for-each-ref --sort -committerdate --format %(refname) %(objectname) %(*objectname) [3ms]
2025-02-09 22:52:19.057 [info] > git check-ignore -v -z --stdin [16ms]
2025-02-09 22:52:19.106 [info] > git show --textconv :src/theme.ts [23ms]
2025-02-09 22:52:19.146 [info] > git hash-object -t tree /dev/null [22ms]
2025-02-09 22:52:19.147 [warning] [GitFileSystemProvider][readFile] File not found - git:/home/alberto/Desktop/Projects/spring/other/my-responsive-app/src/theme.ts.git?%7B%22path%22%3A%22%2Fhome%2Falberto%2FDesktop%2FProjects%2Fspring%2Fother%2Fmy-responsive-app%2Fsrc%2Ftheme.ts%22%2C%22ref%22%3A%22%22%7D
2025-02-09 22:52:19.149 [info] > git ls-files --stage -- /home/alberto/Desktop/Projects/spring/other/my-responsive-app/src/theme.ts [46ms]
2025-02-09 22:52:19.150 [warning] [GitFileSystemProvider][stat] File not found - git:/home/alberto/Desktop/Projects/spring/other/my-responsive-app/src/theme.ts.git?%7B%22path%22%3A%22%2Fhome%2Falberto%2FDesktop%2FProjects%2Fspring%2Fother%2Fmy-responsive-app%2Fsrc%2Ftheme.ts%22%2C%22ref%22%3A%22%22%7D
2025-02-09 22:52:19.592 [info] > git config --get commit.template [3ms]
2025-02-09 22:52:19.612 [info] [Git][getRemotes] No remotes found in the git config file
2025-02-09 22:52:19.615 [info] > git for-each-ref --format=%(refname)%00%(upstream:short)%00%(objectname)%00%(upstream:track)%00%(upstream:remotename)%00%(upstream:remoteref) refs/heads/master refs/remotes/master [3ms]
2025-02-09 22:52:19.657 [info] > git status -z -uall [22ms]
2025-02-09 22:52:19.658 [info] > git for-each-ref --sort -committerdate --format %(refname) %(objectname) %(*objectname) [3ms]
2025-02-09 22:52:29.151 [info] [Git][getRemotes] No remotes found in the git config file
2025-02-09 22:52:29.151 [info] > git config --get commit.template [24ms]
2025-02-09 22:52:29.154 [info] > git for-each-ref --format=%(refname)%00%(upstream:short)%00%(objectname)%00%(upstream:track)%00%(upstream:remotename)%00%(upstream:remoteref) refs/heads/master refs/remotes/master [4ms]
2025-02-09 22:52:29.198 [info] > git status -z -uall [22ms]
2025-02-09 22:52:29.199 [info] > git for-each-ref --sort -committerdate --format %(refname) %(objectname) %(*objectname) [5ms]
2025-02-09 22:52:35.068 [info] > git config --get commit.template [5ms]
2025-02-09 22:52:35.089 [info] [Git][getRemotes] No remotes found in the git config file
2025-02-09 22:52:35.092 [info] > git for-each-ref --format=%(refname)%00%(upstream:short)%00%(objectname)%00%(upstream:track)%00%(upstream:remotename)%00%(upstream:remoteref) refs/heads/master refs/remotes/master [3ms]
2025-02-09 22:52:35.134 [info] > git status -z -uall [21ms]
2025-02-09 22:52:35.136 [info] > git for-each-ref --sort -committerdate --format %(refname) %(objectname) %(*objectname) [3ms]
2025-02-09 22:52:36.796 [info] > git show --textconv :src/index.tsx [17ms]
2025-02-09 22:52:36.798 [info] > git ls-files --stage -- /home/alberto/Desktop/Projects/spring/other/my-responsive-app/src/index.tsx [3ms]
2025-02-09 22:52:36.818 [info] > git cat-file -s 032464fb6ec40a523899b8c8a593242f3108a420 [3ms]
2025-02-09 22:52:44.044 [info] [Git][getRemotes] No remotes found in the git config file
2025-02-09 22:52:44.045 [info] > git config --get commit.template [19ms]
2025-02-09 22:52:44.047 [info] > git for-each-ref --format=%(refname)%00%(upstream:short)%00%(objectname)%00%(upstream:track)%00%(upstream:remotename)%00%(upstream:remoteref) refs/heads/master refs/remotes/master [3ms]
2025-02-09 22:52:44.085 [info] > git status -z -uall [20ms]
2025-02-09 22:52:44.086 [info] > git for-each-ref --sort -committerdate --format %(refname) %(objectname) %(*objectname) [2ms]
2025-02-09 22:52:48.596 [info] > git show --textconv :src/App.tsx [22ms]
2025-02-09 22:52:48.598 [info] > git ls-files --stage -- /home/alberto/Desktop/Projects/spring/other/my-responsive-app/src/App.tsx [5ms]
2025-02-09 22:52:48.631 [info] > git cat-file -s a53698aab3c66049c61980112dd0109dd2cd0845 [13ms]
2025-02-09 22:52:54.863 [info] [Git][getRemotes] No remotes found in the git config file
2025-02-09 22:52:54.878 [info] > git config --get commit.template [16ms]
2025-02-09 22:52:54.880 [info] > git for-each-ref --format=%(refname)%00%(upstream:short)%00%(objectname)%00%(upstream:track)%00%(upstream:remotename)%00%(upstream:remoteref) refs/heads/master refs/remotes/master [3ms]
2025-02-09 22:52:54.921 [info] > git status -z -uall [19ms]
2025-02-09 22:52:54.922 [info] > git for-each-ref --sort -committerdate --format %(refname) %(objectname) %(*objectname) [2ms]
2025-02-09 22:53:08.961 [info] > git show --textconv :src/index.tsx [21ms]
2025-02-09 22:53:08.963 [info] > git ls-files --stage -- /home/alberto/Desktop/Projects/spring/other/my-responsive-app/src/index.tsx [4ms]
2025-02-09 22:53:08.985 [info] > git cat-file -s 032464fb6ec40a523899b8c8a593242f3108a420 [3ms]
2025-02-09 22:53:32.964 [info] [Git][getRemotes] No remotes found in the git config file
2025-02-09 22:53:32.965 [info] > git config --get commit.template [26ms]
2025-02-09 22:53:32.967 [info] > git for-each-ref --format=%(refname)%00%(upstream:short)%00%(objectname)%00%(upstream:track)%00%(upstream:remotename)%00%(upstream:remoteref) refs/heads/master refs/remotes/master [3ms]
2025-02-09 22:53:33.009 [info] > git status -z -uall [20ms]
2025-02-09 22:53:33.012 [info] > git for-each-ref --sort -committerdate --format %(refname) %(objectname) %(*objectname) [4ms]
2025-02-09 22:53:45.944 [info] [Git][getRemotes] No remotes found in the git config file
2025-02-09 22:53:45.945 [info] > git config --get commit.template [17ms]
2025-02-09 22:53:45.945 [info] > git for-each-ref --format=%(refname)%00%(upstream:short)%00%(objectname)%00%(upstream:track)%00%(upstream:remotename)%00%(upstream:remoteref) refs/heads/master refs/remotes/master [2ms]
2025-02-09 22:53:45.983 [info] > git status -z -uall [20ms]
2025-02-09 22:53:45.985 [info] > git for-each-ref --sort -committerdate --format %(refname) %(objectname) %(*objectname) [3ms]
2025-02-09 22:54:38.995 [info] > git show --textconv :src/index.tsx [20ms]
2025-02-09 22:54:38.997 [info] > git ls-files --stage -- /home/alberto/Desktop/Projects/spring/other/my-responsive-app/src/index.tsx [2ms]
2025-02-09 22:54:39.018 [info] > git cat-file -s 032464fb6ec40a523899b8c8a593242f3108a420 [4ms]
2025-02-09 22:54:51.326 [info] > git config --get commit.template [2ms]
2025-02-09 22:54:51.327 [info] [Git][getRemotes] No remotes found in the git config file
2025-02-09 22:54:51.353 [info] > git for-each-ref --format=%(refname)%00%(upstream:short)%00%(objectname)%00%(upstream:track)%00%(upstream:remotename)%00%(upstream:remoteref) refs/heads/master refs/remotes/master [3ms]
2025-02-09 22:54:51.400 [info] > git status -z -uall [25ms]
2025-02-09 22:54:51.400 [info] > git for-each-ref --sort -committerdate --format %(refname) %(objectname) %(*objectname) [3ms]
2025-02-09 22:54:56.454 [info] [Git][getRemotes] No remotes found in the git config file
2025-02-09 22:54:56.455 [info] > git config --get commit.template [22ms]
2025-02-09 22:54:56.456 [info] > git for-each-ref --format=%(refname)%00%(upstream:short)%00%(objectname)%00%(upstream:track)%00%(upstream:remotename)%00%(upstream:remoteref) refs/heads/master refs/remotes/master [3ms]
2025-02-09 22:54:56.497 [info] > git status -z -uall [21ms]
2025-02-09 22:54:56.499 [info] > git for-each-ref --sort -committerdate --format %(refname) %(objectname) %(*objectname) [2ms]
2025-02-09 22:55:01.548 [info] [Git][getRemotes] No remotes found in the git config file
2025-02-09 22:55:01.551 [info] > git for-each-ref --format=%(refname)%00%(upstream:short)%00%(objectname)%00%(upstream:track)%00%(upstream:remotename)%00%(upstream:remoteref) refs/heads/master refs/remotes/master [3ms]
2025-02-09 22:55:01.551 [info] > git config --get commit.template [25ms]
2025-02-09 22:55:01.589 [info] > git status -z -uall [21ms]
2025-02-09 22:55:01.592 [info] > git for-each-ref --sort -committerdate --format %(refname) %(objectname) %(*objectname) [4ms]
2025-02-09 22:55:06.637 [info] [Git][getRemotes] No remotes found in the git config file
2025-02-09 22:55:06.638 [info] > git config --get commit.template [19ms]
2025-02-09 22:55:06.638 [info] > git for-each-ref --format=%(refname)%00%(upstream:short)%00%(objectname)%00%(upstream:track)%00%(upstream:remotename)%00%(upstream:remoteref) refs/heads/master refs/remotes/master [1ms]
2025-02-09 22:55:06.679 [info] > git status -z -uall [16ms]
2025-02-09 22:55:06.680 [info] > git for-each-ref --sort -committerdate --format %(refname) %(objectname) %(*objectname) [2ms]
2025-02-09 22:55:40.449 [info] [Git][getRemotes] No remotes found in the git config file
2025-02-09 22:55:40.469 [info] > git config --get commit.template [22ms]
2025-02-09 22:55:40.470 [info] > git for-each-ref --format=%(refname)%00%(upstream:short)%00%(objectname)%00%(upstream:track)%00%(upstream:remotename)%00%(upstream:remoteref) refs/heads/master refs/remotes/master [2ms]
2025-02-09 22:55:40.506 [info] > git status -z -uall [19ms]
2025-02-09 22:55:40.507 [info] > git for-each-ref --sort -committerdate --format %(refname) %(objectname) %(*objectname) [3ms]
2025-02-09 22:55:44.423 [info] > git show --textconv :src/index.tsx [21ms]
2025-02-09 22:55:44.425 [info] > git ls-files --stage -- /home/alberto/Desktop/Projects/spring/other/my-responsive-app/src/index.tsx [2ms]
2025-02-09 22:55:44.445 [info] > git cat-file -s 032464fb6ec40a523899b8c8a593242f3108a420 [4ms]
2025-02-09 22:55:45.537 [info] > git config --get commit.template [2ms]
2025-02-09 22:55:45.554 [info] [Git][getRemotes] No remotes found in the git config file
2025-02-09 22:55:45.556 [info] > git for-each-ref --format=%(refname)%00%(upstream:short)%00%(objectname)%00%(upstream:track)%00%(upstream:remotename)%00%(upstream:remoteref) refs/heads/master refs/remotes/master [2ms]
2025-02-09 22:55:45.593 [info] > git status -z -uall [16ms]
2025-02-09 22:55:45.595 [info] > git for-each-ref --sort -committerdate --format %(refname) %(objectname) %(*objectname) [2ms]
2025-02-09 22:56:05.468 [info] [Git][getRemotes] No remotes found in the git config file
2025-02-09 22:56:05.490 [info] > git config --get commit.template [23ms]
2025-02-09 22:56:05.492 [info] > git for-each-ref --format=%(refname)%00%(upstream:short)%00%(objectname)%00%(upstream:track)%00%(upstream:remotename)%00%(upstream:remoteref) refs/heads/master refs/remotes/master [3ms]
2025-02-09 22:56:05.530 [info] > git status -z -uall [21ms]
2025-02-09 22:56:05.531 [info] > git for-each-ref --sort -committerdate --format %(refname) %(objectname) %(*objectname) [2ms]
2025-02-09 22:56:10.576 [info] [Git][getRemotes] No remotes found in the git config file
2025-02-09 22:56:10.577 [info] > git config --get commit.template [19ms]
2025-02-09 22:56:10.578 [info] > git for-each-ref --format=%(refname)%00%(upstream:short)%00%(objectname)%00%(upstream:track)%00%(upstream:remotename)%00%(upstream:remoteref) refs/heads/master refs/remotes/master [2ms]
2025-02-09 22:56:10.610 [info] > git status -z -uall [17ms]
2025-02-09 22:56:10.611 [info] > git for-each-ref --sort -committerdate --format %(refname) %(objectname) %(*objectname) [2ms]
2025-02-09 22:56:15.637 [info] [Git][getRemotes] No remotes found in the git config file
2025-02-09 22:56:15.654 [info] > git config --get commit.template [19ms]
2025-02-09 22:56:15.655 [info] > git for-each-ref --format=%(refname)%00%(upstream:short)%00%(objectname)%00%(upstream:track)%00%(upstream:remotename)%00%(upstream:remoteref) refs/heads/master refs/remotes/master [2ms]
2025-02-09 22:56:15.695 [info] > git status -z -uall [21ms]
2025-02-09 22:56:15.697 [info] > git for-each-ref --sort -committerdate --format %(refname) %(objectname) %(*objectname) [3ms]
2025-02-09 22:56:23.497 [info] > git config --get commit.template [2ms]
2025-02-09 22:56:23.517 [info] [Git][getRemotes] No remotes found in the git config file
2025-02-09 22:56:23.518 [info] > git for-each-ref --format=%(refname)%00%(upstream:short)%00%(objectname)%00%(upstream:track)%00%(upstream:remotename)%00%(upstream:remoteref) refs/heads/master refs/remotes/master [1ms]
2025-02-09 22:56:23.556 [info] > git status -z -uall [21ms]
2025-02-09 22:56:23.557 [info] > git for-each-ref --sort -committerdate --format %(refname) %(objectname) %(*objectname) [4ms]
2025-02-09 22:56:47.436 [info] > git show --textconv :src/App.tsx [18ms]
2025-02-09 22:56:47.438 [info] > git ls-files --stage -- /home/alberto/Desktop/Projects/spring/other/my-responsive-app/src/App.tsx [3ms]
2025-02-09 22:56:47.462 [info] > git cat-file -s a53698aab3c66049c61980112dd0109dd2cd0845 [3ms]
2025-02-09 22:59:29.420 [info] > git config --get commit.template [4ms]
2025-02-09 22:59:29.454 [info] [Git][getRemotes] No remotes found in the git config file
2025-02-09 22:59:29.457 [info] > git for-each-ref --format=%(refname)%00%(upstream:short)%00%(objectname)%00%(upstream:track)%00%(upstream:remotename)%00%(upstream:remoteref) refs/heads/master refs/remotes/master [3ms]
2025-02-09 22:59:29.520 [info] > git status -z -uall [32ms]
2025-02-09 22:59:29.523 [info] > git for-each-ref --sort -committerdate --format %(refname) %(objectname) %(*objectname) [5ms]
2025-02-09 22:59:31.798 [info] > git show --textconv :tsconfig.json [33ms]
2025-02-09 22:59:31.805 [info] > git ls-files --stage -- /home/alberto/Desktop/Projects/spring/other/my-responsive-app/tsconfig.json [8ms]
2025-02-09 22:59:31.840 [info] > git cat-file -s a273b0cfc0e965c35524e3cd0d3574cbe1ad2d0d [4ms]
2025-02-09 22:59:33.646 [info] > git blame --root --incremental 82bec1bb9cf750362e81e21561c94563a3f9a83d -- /home/alberto/Desktop/Projects/spring/other/my-responsive-app/tsconfig.json [5ms]
2025-02-09 22:59:34.558 [info] > git config --get commit.template [3ms]
2025-02-09 22:59:34.580 [info] [Git][getRemotes] No remotes found in the git config file
2025-02-09 22:59:34.582 [info] > git for-each-ref --format=%(refname)%00%(upstream:short)%00%(objectname)%00%(upstream:track)%00%(upstream:remotename)%00%(upstream:remoteref) refs/heads/master refs/remotes/master [3ms]
2025-02-09 22:59:34.631 [info] > git status -z -uall [24ms]
2025-02-09 22:59:34.633 [info] > git for-each-ref --sort -committerdate --format %(refname) %(objectname) %(*objectname) [3ms]
2025-02-09 22:59:41.000 [info] > git show --textconv :package.json [33ms]
2025-02-09 22:59:41.002 [info] > git ls-files --stage -- /home/alberto/Desktop/Projects/spring/other/my-responsive-app/package.json [6ms]
2025-02-09 22:59:41.060 [info] > git cat-file -s dc206e2dfd19a6cbc9afc44dd730dd4d28d5cd86 [32ms]
2025-02-09 22:59:49.449 [info] > git ls-files --stage -- /home/alberto/Desktop/Projects/spring/other/my-responsive-app/package-lock.json [4ms]
2025-02-09 22:59:49.493 [info] > git show --textconv :package-lock.json [192ms]
2025-02-09 22:59:49.493 [info] > git cat-file -s 34a79a6e277c68f6400d18bab5b2be668626cac6 [9ms]
2025-02-09 22:59:54.818 [info] > git show --textconv :package.json [34ms]
2025-02-09 22:59:54.975 [info] > git ls-files --stage -- /home/alberto/Desktop/Projects/spring/other/my-responsive-app/package.json [158ms]
2025-02-09 22:59:55.128 [info] > git cat-file -s dc206e2dfd19a6cbc9afc44dd730dd4d28d5cd86 [119ms]
2025-02-09 22:59:58.859 [info] [Git][getRemotes] No remotes found in the git config file
2025-02-09 22:59:58.859 [info] > git config --get commit.template [24ms]
2025-02-09 22:59:58.861 [info] > git for-each-ref --format=%(refname)%00%(upstream:short)%00%(objectname)%00%(upstream:track)%00%(upstream:remotename)%00%(upstream:remoteref) refs/heads/master refs/remotes/master [3ms]
2025-02-09 22:59:58.903 [info] > git status -z -uall [21ms]
2025-02-09 22:59:58.905 [info] > git for-each-ref --sort -committerdate --format %(refname) %(objectname) %(*objectname) [3ms]
2025-02-09 23:00:14.314 [info] > git blame --root --incremental 82bec1bb9cf750362e81e21561c94563a3f9a83d -- /home/alberto/Desktop/Projects/spring/other/my-responsive-app/package.json [4ms]
2025-02-09 23:01:22.217 [info] > git show --textconv :src/App.tsx [30ms]
2025-02-09 23:01:22.220 [info] > git ls-files --stage -- /home/alberto/Desktop/Projects/spring/other/my-responsive-app/src/App.tsx [4ms]
2025-02-09 23:01:22.245 [info] > git cat-file -s a53698aab3c66049c61980112dd0109dd2cd0845 [3ms]
2025-02-09 23:01:24.762 [info] > git show --textconv :src/index.tsx [19ms]
2025-02-09 23:01:24.763 [info] > git ls-files --stage -- /home/alberto/Desktop/Projects/spring/other/my-responsive-app/src/index.tsx [2ms]
2025-02-09 23:01:24.783 [info] > git cat-file -s 032464fb6ec40a523899b8c8a593242f3108a420 [2ms]
2025-02-09 23:01:32.811 [info] [Git][getRemotes] No remotes found in the git config file
2025-02-09 23:01:32.834 [info] > git config --get commit.template [24ms]
2025-02-09 23:01:32.835 [info] > git for-each-ref --format=%(refname)%00%(upstream:short)%00%(objectname)%00%(upstream:track)%00%(upstream:remotename)%00%(upstream:remoteref) refs/heads/master refs/remotes/master [2ms]
2025-02-09 23:01:32.886 [info] > git status -z -uall [28ms]
2025-02-09 23:01:32.889 [info] > git for-each-ref --sort -committerdate --format %(refname) %(objectname) %(*objectname) [3ms]
2025-02-09 23:01:42.622 [info] [Git][getRemotes] No remotes found in the git config file
2025-02-09 23:01:42.645 [info] > git config --get commit.template [25ms]
2025-02-09 23:01:42.646 [info] > git for-each-ref --format=%(refname)%00%(upstream:short)%00%(objectname)%00%(upstream:track)%00%(upstream:remotename)%00%(upstream:remoteref) refs/heads/master refs/remotes/master [2ms]
2025-02-09 23:01:42.698 [info] > git status -z -uall [25ms]
2025-02-09 23:01:42.699 [info] > git for-each-ref --sort -committerdate --format %(refname) %(objectname) %(*objectname) [3ms]
2025-02-09 23:02:04.663 [info] > git show --textconv :src/App.tsx [27ms]
2025-02-09 23:02:04.665 [info] > git ls-files --stage -- /home/alberto/Desktop/Projects/spring/other/my-responsive-app/src/App.tsx [4ms]
2025-02-09 23:02:04.691 [info] > git cat-file -s a53698aab3c66049c61980112dd0109dd2cd0845 [5ms]
2025-02-09 23:02:27.126 [info] [Git][getRemotes] No remotes found in the git config file
2025-02-09 23:02:27.127 [info] > git config --get commit.template [20ms]
2025-02-09 23:02:27.129 [info] > git for-each-ref --format=%(refname)%00%(upstream:short)%00%(objectname)%00%(upstream:track)%00%(upstream:remotename)%00%(upstream:remoteref) refs/heads/master refs/remotes/master [3ms]
2025-02-09 23:02:27.168 [info] > git status -z -uall [20ms]
2025-02-09 23:02:27.169 [info] > git for-each-ref --sort -committerdate --format %(refname) %(objectname) %(*objectname) [2ms]
2025-02-09 23:06:15.071 [info] [Git][getRemotes] No remotes found in the git config file
2025-02-09 23:06:15.073 [info] > git config --get commit.template [22ms]
2025-02-09 23:06:15.075 [info] > git for-each-ref --format=%(refname)%00%(upstream:short)%00%(objectname)%00%(upstream:track)%00%(upstream:remotename)%00%(upstream:remoteref) refs/heads/master refs/remotes/master [4ms]
2025-02-09 23:06:15.137 [info] > git status -z -uall [38ms]
2025-02-09 23:06:15.139 [info] > git for-each-ref --sort -committerdate --format %(refname) %(objectname) %(*objectname) [4ms]
2025-02-09 23:06:17.067 [info] > git show --textconv :src/index.tsx [41ms]
2025-02-09 23:06:17.067 [info] > git ls-files --stage -- /home/alberto/Desktop/Projects/spring/other/my-responsive-app/src/index.tsx [7ms]
2025-02-09 23:06:17.100 [info] > git cat-file -s 032464fb6ec40a523899b8c8a593242f3108a420 [11ms]
2025-02-09 23:06:41.243 [info] [Git][getRemotes] No remotes found in the git config file
2025-02-09 23:06:41.264 [info] > git config --get commit.template [25ms]
2025-02-09 23:06:41.266 [info] > git for-each-ref --format=%(refname)%00%(upstream:short)%00%(objectname)%00%(upstream:track)%00%(upstream:remotename)%00%(upstream:remoteref) refs/heads/master refs/remotes/master [2ms]
2025-02-09 23:06:41.313 [info] > git status -z -uall [25ms]
2025-02-09 23:06:41.315 [info] > git for-each-ref --sort -committerdate --format %(refname) %(objectname) %(*objectname) [4ms]
2025-02-09 23:06:46.371 [info] [Git][getRemotes] No remotes found in the git config file
2025-02-09 23:06:46.372 [info] > git config --get commit.template [24ms]
2025-02-09 23:06:46.374 [info] > git for-each-ref --format=%(refname)%00%(upstream:short)%00%(objectname)%00%(upstream:track)%00%(upstream:remotename)%00%(upstream:remoteref) refs/heads/master refs/remotes/master [2ms]
2025-02-09 23:06:46.421 [info] > git status -z -uall [23ms]
2025-02-09 23:06:46.423 [info] > git for-each-ref --sort -committerdate --format %(refname) %(objectname) %(*objectname) [2ms]
