package.json roots detected: /home/alberto/Desktop/Projects/spring/frontEnd/auth-app
[Info  - 1:46:00 AM] Angular language server process ID: 2303892
[Info  - 1:46:00 AM] Imported typescript/lib/tsserverlibrary is version 5.6.2.
[Info  - 1:46:00 AM] Using @angular/language-service v19.0.6 from /home/alberto/.vscode-oss/extensions/angular.ng-template-19.0.4-universal/node_modules/@angular/language-service/index.js
[Info  - 1:46:00 AM] Logging is turned off. To enable, run command 'Open Angular server log'.
[Info  - 1:46:03 AM] Disabling language service for /home/alberto/Desktop/Projects/spring/frontEnd/auth-app/tsconfig.json because project is not an Angular project ('@angular/core' could not be found).
[Error - 1:46:05 AM] No config file for /home/alberto/Desktop/Projects/spring/frontEnd/auth-app/public/index.html
[Error - 1:46:05 AM] No config file for /home/alberto/Desktop/Projects/spring/frontEnd/auth-app/public/index.html
[Error - 1:46:05 AM] No config file for /home/alberto/Desktop/Projects/spring/frontEnd/auth-app/public/index.html
[Error - 1:46:05 AM] No config file for /home/alberto/Desktop/Projects/spring/frontEnd/auth-app/public/index.html
[Error - 1:46:05 AM] No config file for /home/alberto/Desktop/Projects/spring/frontEnd/auth-app/public/index.html
[Error - 1:46:05 AM] No config file for /home/alberto/Desktop/Projects/spring/frontEnd/auth-app/public/index.html
[Error - 1:46:05 AM] No config file for /home/alberto/Desktop/Projects/spring/frontEnd/auth-app/public/index.html
[Error - 1:46:05 AM] No config file for /home/alberto/Desktop/Projects/spring/frontEnd/auth-app/public/index.html
[Error - 1:46:05 AM] No config file for /home/alberto/Desktop/Projects/spring/frontEnd/auth-app/public/index.html
[Error - 1:46:06 AM] No config file for /home/alberto/Desktop/Projects/spring/frontEnd/auth-app/public/index.html
[Error - 1:46:06 AM] No config file for /home/alberto/Desktop/Projects/spring/frontEnd/auth-app/public/index.html
[Error - 1:46:06 AM] No config file for /home/alberto/Desktop/Projects/spring/frontEnd/auth-app/public/index.html
[Error - 1:46:06 AM] No config file for /home/alberto/Desktop/Projects/spring/frontEnd/auth-app/public/index.html
[Error - 1:46:07 AM] No config file for /home/alberto/Desktop/Projects/spring/frontEnd/auth-app/public/index.html
[Error - 1:46:07 AM] No config file for /home/alberto/Desktop/Projects/spring/frontEnd/auth-app/public/index.html
[Error - 1:46:09 AM] No config file for /home/alberto/Desktop/Projects/spring/frontEnd/auth-app/public/index.html
[Error - 1:46:09 AM] No config file for /home/alberto/Desktop/Projects/spring/frontEnd/auth-app/public/index.html
[Error - 1:46:10 AM] No config file for /home/alberto/Desktop/Projects/spring/frontEnd/auth-app/public/index.html
[Error - 1:46:11 AM] No config file for /home/alberto/Desktop/Projects/spring/frontEnd/auth-app/public/index.html
[Error - 1:46:12 AM] No config file for /home/alberto/Desktop/Projects/spring/frontEnd/auth-app/public/index.html
[Error - 1:46:12 AM] No config file for /home/alberto/Desktop/Projects/spring/frontEnd/auth-app/public/index.html
[Error - 1:46:12 AM] No config file for /home/alberto/Desktop/Projects/spring/frontEnd/auth-app/public/index.html
[Error - 1:46:12 AM] No config file for /home/alberto/Desktop/Projects/spring/frontEnd/auth-app/public/index.html
[Error - 1:46:12 AM] No config file for /home/alberto/Desktop/Projects/spring/frontEnd/auth-app/public/index.html
[Error - 1:46:12 AM] No config file for /home/alberto/Desktop/Projects/spring/frontEnd/auth-app/public/index.html
[Error - 1:46:12 AM] No config file for /home/alberto/Desktop/Projects/spring/frontEnd/auth-app/public/index.html
[Error - 1:46:12 AM] No config file for /home/alberto/Desktop/Projects/spring/frontEnd/auth-app/public/index.html
[Error - 1:46:12 AM] No config file for /home/alberto/Desktop/Projects/spring/frontEnd/auth-app/public/index.html
[Error - 1:46:13 AM] No config file for /home/alberto/Desktop/Projects/spring/frontEnd/auth-app/public/index.html
[Error - 1:46:13 AM] No config file for /home/alberto/Desktop/Projects/spring/frontEnd/auth-app/public/index.html
[Error - 1:46:13 AM] No config file for /home/alberto/Desktop/Projects/spring/frontEnd/auth-app/public/index.html
[Error - 1:46:13 AM] No config file for /home/alberto/Desktop/Projects/spring/frontEnd/auth-app/public/index.html
[Error - 1:46:13 AM] No config file for /home/alberto/Desktop/Projects/spring/frontEnd/auth-app/public/index.html
[Error - 1:46:13 AM] No config file for /home/alberto/Desktop/Projects/spring/frontEnd/auth-app/public/index.html
[Error - 1:46:13 AM] No config file for /home/alberto/Desktop/Projects/spring/frontEnd/auth-app/public/index.html
[Error - 1:46:13 AM] No config file for /home/alberto/Desktop/Projects/spring/frontEnd/auth-app/public/index.html
[Error - 1:46:14 AM] No config file for /home/alberto/Desktop/Projects/spring/frontEnd/auth-app/public/index.html
[Error - 1:46:14 AM] No config file for /home/alberto/Desktop/Projects/spring/frontEnd/auth-app/public/index.html
[Error - 1:46:15 AM] No config file for /home/alberto/Desktop/Projects/spring/frontEnd/auth-app/public/index.html
[Error - 1:46:15 AM] No config file for /home/alberto/Desktop/Projects/spring/frontEnd/auth-app/public/index.html
[Error - 1:46:15 AM] No config file for /home/alberto/Desktop/Projects/spring/frontEnd/auth-app/public/index.html
[Error - 1:46:16 AM] No config file for /home/alberto/Desktop/Projects/spring/frontEnd/auth-app/public/index.html
[Error - 1:46:16 AM] No config file for /home/alberto/Desktop/Projects/spring/frontEnd/auth-app/public/index.html
[Error - 1:46:16 AM] No config file for /home/alberto/Desktop/Projects/spring/frontEnd/auth-app/public/index.html
[Error - 1:46:16 AM] No config file for /home/alberto/Desktop/Projects/spring/frontEnd/auth-app/public/index.html
[Error - 1:46:16 AM] No config file for /home/alberto/Desktop/Projects/spring/frontEnd/auth-app/public/index.html
[Error - 1:46:17 AM] No config file for /home/alberto/Desktop/Projects/spring/frontEnd/auth-app/public/index.html
[Error - 1:46:17 AM] No config file for /home/alberto/Desktop/Projects/spring/frontEnd/auth-app/public/index.html
[Error - 1:46:17 AM] No config file for /home/alberto/Desktop/Projects/spring/frontEnd/auth-app/public/index.html
[Error - 1:46:17 AM] No config file for /home/alberto/Desktop/Projects/spring/frontEnd/auth-app/public/index.html
[Error - 1:46:17 AM] No config file for /home/alberto/Desktop/Projects/spring/frontEnd/auth-app/public/index.html
[Error - 1:46:17 AM] No config file for /home/alberto/Desktop/Projects/spring/frontEnd/auth-app/public/index.html
[Error - 1:46:18 AM] No config file for /home/alberto/Desktop/Projects/spring/frontEnd/auth-app/public/index.html
[Error - 1:46:18 AM] No config file for /home/alberto/Desktop/Projects/spring/frontEnd/auth-app/public/index.html
[Error - 1:46:18 AM] No config file for /home/alberto/Desktop/Projects/spring/frontEnd/auth-app/public/index.html
[Error - 1:46:18 AM] No config file for /home/alberto/Desktop/Projects/spring/frontEnd/auth-app/public/index.html
[Error - 1:46:19 AM] No config file for /home/alberto/Desktop/Projects/spring/frontEnd/auth-app/public/index.html
[Error - 1:46:27 AM] No config file for /home/alberto/Desktop/Projects/spring/frontEnd/auth-app/public/index.html
[Error - 1:46:27 AM] No config file for /home/alberto/Desktop/Projects/spring/frontEnd/auth-app/public/index.html
[Error - 1:46:28 AM] No config file for /home/alberto/Desktop/Projects/spring/frontEnd/auth-app/public/index.html
[Error - 1:46:28 AM] No config file for /home/alberto/Desktop/Projects/spring/frontEnd/auth-app/public/index.html
[Error - 1:46:28 AM] No config file for /home/alberto/Desktop/Projects/spring/frontEnd/auth-app/public/index.html
[Error - 1:46:33 AM] No config file for /home/alberto/Desktop/Projects/spring/frontEnd/auth-app/public/index.html
[Error - 1:46:33 AM] No config file for /home/alberto/Desktop/Projects/spring/frontEnd/auth-app/public/index.html
[Error - 1:46:33 AM] No config file for /home/alberto/Desktop/Projects/spring/frontEnd/auth-app/public/index.html
[Error - 1:46:33 AM] No config file for /home/alberto/Desktop/Projects/spring/frontEnd/auth-app/public/index.html
[Error - 1:47:19 AM] No config file for /home/alberto/Desktop/Projects/spring/frontEnd/auth-app/public/index.html
[Error - 1:47:20 AM] No config file for /home/alberto/Desktop/Projects/spring/frontEnd/auth-app/public/index.html
[Error - 1:48:04 AM] No config file for /home/alberto/Desktop/Projects/spring/frontEnd/auth-app/public/index.html
[Error - 1:48:04 AM] No config file for /home/alberto/Desktop/Projects/spring/frontEnd/auth-app/public/index.html
[Error - 1:48:04 AM] No config file for /home/alberto/Desktop/Projects/spring/frontEnd/auth-app/public/index.html
[Error - 1:52:08 AM] No config file for /home/alberto/Desktop/Projects/spring/frontEnd/auth-app/public/index.html
[Error - 1:52:08 AM] No config file for /home/alberto/Desktop/Projects/spring/frontEnd/auth-app/public/index.html
[Error - 1:52:08 AM] No config file for /home/alberto/Desktop/Projects/spring/frontEnd/auth-app/public/index.html
[Error - 1:54:13 AM] No config file for /home/alberto/Desktop/Projects/spring/frontEnd/auth-app/public/index.html
[Error - 1:54:13 AM] No config file for /home/alberto/Desktop/Projects/spring/frontEnd/auth-app/public/index.html
[Error - 1:54:13 AM] No config file for /home/alberto/Desktop/Projects/spring/frontEnd/auth-app/public/index.html
[Error - 1:54:44 AM] No config file for /home/alberto/Desktop/Projects/spring/frontEnd/auth-app/public/index.html
[Error - 1:54:44 AM] No config file for /home/alberto/Desktop/Projects/spring/frontEnd/auth-app/public/index.html
[Error - 1:54:44 AM] No config file for /home/alberto/Desktop/Projects/spring/frontEnd/auth-app/public/index.html
[Error - 2:14:42 AM] No config file for /home/alberto/Desktop/Projects/spring/frontEnd/auth-app/public/index.html
[Error - 2:17:20 AM] No config file for /home/alberto/Desktop/Projects/spring/frontEnd/auth-app/public/index.html
[Error - 2:17:20 AM] No config file for /home/alberto/Desktop/Projects/spring/frontEnd/auth-app/public/index.html
[Error - 2:17:20 AM] No config file for /home/alberto/Desktop/Projects/spring/frontEnd/auth-app/public/index.html
[Error - 3:14:34 AM] No config file for /home/alberto/Desktop/Projects/spring/frontEnd/auth-app/public/index.html
[Error - 3:14:37 AM] No config file for /home/alberto/Desktop/Projects/spring/frontEnd/auth-app/public/index.html
[Error - 3:14:43 AM] No config file for /home/alberto/Desktop/Projects/spring/frontEnd/auth-app/public/index.html
[Error - 3:14:46 AM] No config file for /home/alberto/Desktop/Projects/spring/frontEnd/auth-app/public/index.html
[Error - 3:19:40 AM] No config file for /home/alberto/Desktop/Projects/spring/frontEnd/auth-app/public/index.html
