2025-02-19 17:17:54.754 [info] [main] Log level: Info
2025-02-19 17:17:54.755 [info] [main] Validating found git in: "git"
2025-02-19 17:17:54.755 [info] [main] Using git "2.48.1" from "git"
2025-02-19 17:17:54.755 [info] [Model][doInitialScan] Initial repository scan started
2025-02-19 17:17:54.755 [info] > git rev-parse --show-toplevel [16ms]
2025-02-19 17:17:54.756 [info] > git rev-parse --git-dir --git-common-dir [103ms]
2025-02-19 17:17:54.776 [info] [Model][openRepository] Opened repository: /home/alberto/Desktop/Projects/spring/frontEnd/auth-app
2025-02-19 17:17:54.837 [info] > git rev-parse --show-toplevel [14ms]
2025-02-19 17:17:54.839 [info] > git config --get commit.template [33ms]
2025-02-19 17:17:54.885 [info] > git for-each-ref --format=%(refname)%00%(upstream:short)%00%(objectname)%00%(upstream:track)%00%(upstream:remotename)%00%(upstream:remoteref) refs/heads/main refs/remotes/main [9ms]
2025-02-19 17:17:54.886 [info] > git rev-parse --show-toplevel [28ms]
2025-02-19 17:17:54.886 [info] [Model][doInitialScan] Initial repository scan completed - repositories (1), closed repositories (0), parent repositories (0), unsafe repositories (0)
2025-02-19 17:17:55.011 [info] > git status -z -uall [22ms]
2025-02-19 17:17:55.151 [info] > git for-each-ref --sort -committerdate --format %(refname) %(objectname) %(*objectname) [143ms]
2025-02-19 17:17:55.195 [info] > git for-each-ref --format=%(refname)%00%(upstream:short)%00%(objectname)%00%(upstream:track)%00%(upstream:remotename)%00%(upstream:remoteref) refs/heads/main refs/remotes/main [19ms]
2025-02-19 17:17:55.220 [info] > git config --get --local branch.main.vscode-merge-base [8ms]
2025-02-19 17:17:55.234 [info] > git config --get commit.template [39ms]
2025-02-19 17:17:55.287 [info] > git for-each-ref --format=%(refname)%00%(upstream:short)%00%(objectname)%00%(upstream:track)%00%(upstream:remotename)%00%(upstream:remoteref) refs/heads/origin/main refs/remotes/origin/main [54ms]
2025-02-19 17:17:55.315 [info] > git merge-base refs/heads/main refs/remotes/origin/main [11ms]
2025-02-19 17:17:55.333 [info] > git for-each-ref --format=%(refname)%00%(upstream:short)%00%(objectname)%00%(upstream:track)%00%(upstream:remotename)%00%(upstream:remoteref) refs/heads/main refs/remotes/main [47ms]
2025-02-19 17:17:55.386 [info] > git diff --name-status -z --diff-filter=ADMR 829eb9a17621e0a85301e23ae652761e92859698...refs/remotes/origin/main [54ms]
2025-02-19 17:17:55.526 [info] > git check-ignore -v -z --stdin [122ms]
2025-02-19 17:17:55.528 [info] > git status -z -uall [18ms]
2025-02-19 17:17:55.531 [info] > git for-each-ref --sort -committerdate --format %(refname) %(objectname) %(*objectname) [6ms]
2025-02-19 17:18:05.260 [info] > git check-ignore -v -z --stdin [4ms]
2025-02-19 17:19:07.896 [info] > git check-ignore -v -z --stdin [5ms]
2025-02-19 17:19:08.453 [info] > git config --get commit.template [2ms]
2025-02-19 17:19:08.481 [info] > git for-each-ref --format=%(refname)%00%(upstream:short)%00%(objectname)%00%(upstream:track)%00%(upstream:remotename)%00%(upstream:remoteref) refs/heads/main refs/remotes/main [6ms]
2025-02-19 17:19:08.527 [info] > git status -z -uall [23ms]
2025-02-19 17:19:08.530 [info] > git for-each-ref --sort -committerdate --format %(refname) %(objectname) %(*objectname) [4ms]
2025-02-19 17:23:39.900 [info] > git for-each-ref --format=%(refname)%00%(upstream:short)%00%(objectname)%00%(upstream:track)%00%(upstream:remotename)%00%(upstream:remoteref) refs/heads/main refs/remotes/main [3ms]
2025-02-19 17:23:39.901 [info] > git config --get commit.template [18ms]
2025-02-19 17:23:39.939 [info] > git status -z -uall [17ms]
2025-02-19 17:23:39.941 [info] > git for-each-ref --sort -committerdate --format %(refname) %(objectname) %(*objectname) [4ms]
2025-02-19 17:23:44.965 [info] > git config --get commit.template [2ms]
2025-02-19 17:23:44.984 [info] > git for-each-ref --format=%(refname)%00%(upstream:short)%00%(objectname)%00%(upstream:track)%00%(upstream:remotename)%00%(upstream:remoteref) refs/heads/main refs/remotes/main [2ms]
2025-02-19 17:23:45.018 [info] > git status -z -uall [14ms]
2025-02-19 17:23:45.020 [info] > git for-each-ref --sort -committerdate --format %(refname) %(objectname) %(*objectname) [2ms]
2025-02-19 17:23:52.495 [info] > git check-ignore -v -z --stdin [2ms]
2025-02-19 17:23:53.168 [info] > git config --get commit.template [20ms]
2025-02-19 17:23:53.170 [info] > git for-each-ref --format=%(refname)%00%(upstream:short)%00%(objectname)%00%(upstream:track)%00%(upstream:remotename)%00%(upstream:remoteref) refs/heads/main refs/remotes/main [3ms]
2025-02-19 17:23:53.215 [info] > git status -z -uall [23ms]
2025-02-19 17:23:53.218 [info] > git for-each-ref --sort -committerdate --format %(refname) %(objectname) %(*objectname) [4ms]
2025-02-19 17:24:58.805 [info] > git config --get commit.template [2ms]
2025-02-19 17:24:58.834 [info] > git for-each-ref --format=%(refname)%00%(upstream:short)%00%(objectname)%00%(upstream:track)%00%(upstream:remotename)%00%(upstream:remoteref) refs/heads/main refs/remotes/main [5ms]
2025-02-19 17:24:58.882 [info] > git status -z -uall [22ms]
2025-02-19 17:24:58.884 [info] > git for-each-ref --sort -committerdate --format %(refname) %(objectname) %(*objectname) [4ms]
2025-02-19 17:25:04.591 [info] > git config --get commit.template [20ms]
2025-02-19 17:25:04.594 [info] > git for-each-ref --format=%(refname)%00%(upstream:short)%00%(objectname)%00%(upstream:track)%00%(upstream:remotename)%00%(upstream:remoteref) refs/heads/main refs/remotes/main [4ms]
2025-02-19 17:25:04.631 [info] > git status -z -uall [19ms]
2025-02-19 17:25:04.633 [info] > git for-each-ref --sort -committerdate --format %(refname) %(objectname) %(*objectname) [3ms]
2025-02-19 17:25:07.849 [info] > git check-ignore -v -z --stdin [3ms]
2025-02-19 17:29:54.117 [info] > git config --get commit.template [17ms]
2025-02-19 17:29:54.119 [info] > git for-each-ref --format=%(refname)%00%(upstream:short)%00%(objectname)%00%(upstream:track)%00%(upstream:remotename)%00%(upstream:remoteref) refs/heads/main refs/remotes/main [3ms]
2025-02-19 17:29:54.156 [info] > git status -z -uall [19ms]
2025-02-19 17:29:54.158 [info] > git for-each-ref --sort -committerdate --format %(refname) %(objectname) %(*objectname) [3ms]
2025-02-19 17:29:59.212 [info] > git config --get commit.template [24ms]
2025-02-19 17:29:59.234 [info] > git check-ignore -v -z --stdin [24ms]
2025-02-19 17:29:59.238 [info] > git for-each-ref --format=%(refname)%00%(upstream:short)%00%(objectname)%00%(upstream:track)%00%(upstream:remotename)%00%(upstream:remoteref) refs/heads/main refs/remotes/main [5ms]
2025-02-19 17:29:59.281 [info] > git status -z -uall [21ms]
2025-02-19 17:29:59.283 [info] > git for-each-ref --sort -committerdate --format %(refname) %(objectname) %(*objectname) [3ms]
2025-02-19 17:30:04.343 [info] > git config --get commit.template [23ms]
2025-02-19 17:30:04.348 [info] > git for-each-ref --format=%(refname)%00%(upstream:short)%00%(objectname)%00%(upstream:track)%00%(upstream:remotename)%00%(upstream:remoteref) refs/heads/main refs/remotes/main [6ms]
2025-02-19 17:30:04.395 [info] > git status -z -uall [25ms]
2025-02-19 17:30:04.397 [info] > git for-each-ref --sort -committerdate --format %(refname) %(objectname) %(*objectname) [4ms]
2025-02-19 17:30:12.814 [info] > git check-ignore -v -z --stdin [3ms]
2025-02-19 17:30:13.331 [info] > git config --get commit.template [20ms]
2025-02-19 17:30:13.335 [info] > git for-each-ref --format=%(refname)%00%(upstream:short)%00%(objectname)%00%(upstream:track)%00%(upstream:remotename)%00%(upstream:remoteref) refs/heads/main refs/remotes/main [5ms]
2025-02-19 17:30:13.368 [info] > git status -z -uall [14ms]
2025-02-19 17:30:13.369 [info] > git for-each-ref --sort -committerdate --format %(refname) %(objectname) %(*objectname) [2ms]
2025-02-19 17:38:30.449 [info] > git config --get commit.template [22ms]
2025-02-19 17:38:30.455 [info] > git for-each-ref --format=%(refname)%00%(upstream:short)%00%(objectname)%00%(upstream:track)%00%(upstream:remotename)%00%(upstream:remoteref) refs/heads/main refs/remotes/main [8ms]
2025-02-19 17:38:30.503 [info] > git status -z -uall [28ms]
2025-02-19 17:38:30.507 [info] > git for-each-ref --sort -committerdate --format %(refname) %(objectname) %(*objectname) [4ms]
2025-02-19 17:38:35.565 [info] > git config --get commit.template [24ms]
2025-02-19 17:38:35.570 [info] > git for-each-ref --format=%(refname)%00%(upstream:short)%00%(objectname)%00%(upstream:track)%00%(upstream:remotename)%00%(upstream:remoteref) refs/heads/main refs/remotes/main [6ms]
2025-02-19 17:38:35.625 [info] > git status -z -uall [30ms]
2025-02-19 17:38:35.629 [info] > git for-each-ref --sort -committerdate --format %(refname) %(objectname) %(*objectname) [5ms]
2025-02-19 17:38:40.884 [info] > git check-ignore -v -z --stdin [5ms]
2025-02-19 17:38:41.408 [info] > git config --get commit.template [26ms]
2025-02-19 17:38:41.411 [info] > git for-each-ref --format=%(refname)%00%(upstream:short)%00%(objectname)%00%(upstream:track)%00%(upstream:remotename)%00%(upstream:remoteref) refs/heads/main refs/remotes/main [4ms]
2025-02-19 17:38:41.458 [info] > git status -z -uall [23ms]
2025-02-19 17:38:41.459 [info] > git for-each-ref --sort -committerdate --format %(refname) %(objectname) %(*objectname) [2ms]
2025-02-19 17:38:59.019 [info] > git check-ignore -v -z --stdin [2ms]
2025-02-19 18:06:44.126 [info] > git check-ignore -v -z --stdin [3ms]
2025-02-19 18:09:35.093 [info] > git check-ignore -v -z --stdin [2ms]
2025-02-20 00:38:42.164 [info] > git config --get commit.template [19ms]
2025-02-20 00:38:42.167 [info] > git for-each-ref --format=%(refname)%00%(upstream:short)%00%(objectname)%00%(upstream:track)%00%(upstream:remotename)%00%(upstream:remoteref) refs/heads/main refs/remotes/main [4ms]
2025-02-20 00:38:42.200 [info] > git status -z -uall [18ms]
2025-02-20 00:38:42.202 [info] > git for-each-ref --sort -committerdate --format %(refname) %(objectname) %(*objectname) [2ms]
2025-02-20 00:38:42.222 [info] > git merge-base refs/heads/main refs/remotes/origin/main [2ms]
2025-02-20 00:38:42.243 [info] > git diff --name-status -z --diff-filter=ADMR 3671d602c67570ca9c216158421374a0c10ef0d1...refs/remotes/origin/main [5ms]
