2025-02-20 01:45:33.360 [info] [main] Log level: Info
2025-02-20 01:45:33.360 [info] [main] Validating found git in: "git"
2025-02-20 01:45:33.360 [info] [main] Using git "2.48.1" from "git"
2025-02-20 01:45:33.360 [info] [Model][doInitialScan] Initial repository scan started
2025-02-20 01:45:33.360 [info] > git rev-parse --show-toplevel [7ms]
2025-02-20 01:45:33.360 [info] > git rev-parse --git-dir --git-common-dir [85ms]
2025-02-20 01:45:33.360 [info] [Model][openRepository] Opened repository: /home/alberto/Desktop/Projects/spring/frontEnd/auth-app
2025-02-20 01:45:33.362 [info] > git config --get commit.template [18ms]
2025-02-20 01:45:33.367 [info] > git rev-parse --show-toplevel [9ms]
2025-02-20 01:45:33.450 [info] > git rev-parse --show-toplevel [22ms]
2025-02-20 01:45:33.450 [info] > git for-each-ref --format=%(refname)%00%(upstream:short)%00%(objectname)%00%(upstream:track)%00%(upstream:remotename)%00%(upstream:remoteref) refs/heads/main refs/remotes/main [38ms]
2025-02-20 01:45:33.471 [info] > git rev-parse --show-toplevel [3ms]
2025-02-20 01:45:33.471 [info] [Model][doInitialScan] Initial repository scan completed - repositories (1), closed repositories (0), parent repositories (0), unsafe repositories (0)
2025-02-20 01:45:33.507 [info] > git status -z -uall [20ms]
2025-02-20 01:45:33.584 [info] > git for-each-ref --sort -committerdate --format %(refname) %(objectname) %(*objectname) [79ms]
2025-02-20 01:45:33.628 [info] > git for-each-ref --format=%(refname)%00%(upstream:short)%00%(objectname)%00%(upstream:track)%00%(upstream:remotename)%00%(upstream:remoteref) refs/heads/main refs/remotes/main [20ms]
2025-02-20 01:45:33.646 [info] > git config --get --local branch.main.vscode-merge-base [4ms]
2025-02-20 01:45:33.663 [info] > git config --get commit.template [36ms]
2025-02-20 01:45:33.665 [info] > git for-each-ref --format=%(refname)%00%(upstream:short)%00%(objectname)%00%(upstream:track)%00%(upstream:remotename)%00%(upstream:remoteref) refs/heads/origin/main refs/remotes/origin/main [3ms]
2025-02-20 01:45:33.729 [info] > git merge-base refs/heads/main refs/remotes/origin/main [47ms]
2025-02-20 01:45:33.779 [info] > git diff --name-status -z --diff-filter=ADMR 7d32196914ab9dae1752d2c4d6c86eb015910ab4...refs/remotes/origin/main [31ms]
2025-02-20 01:45:33.779 [info] > git for-each-ref --format=%(refname)%00%(upstream:short)%00%(objectname)%00%(upstream:track)%00%(upstream:remotename)%00%(upstream:remoteref) refs/heads/main refs/remotes/main [53ms]
2025-02-20 01:45:33.931 [info] > git status -z -uall [34ms]
2025-02-20 01:45:33.931 [info] > git check-ignore -v -z --stdin [4ms]
2025-02-20 01:45:33.932 [info] > git for-each-ref --sort -committerdate --format %(refname) %(objectname) %(*objectname) [22ms]
2025-02-20 01:45:52.316 [info] > git check-ignore -v -z --stdin [3ms]
2025-02-20 01:45:52.887 [info] > git config --get commit.template [18ms]
2025-02-20 01:45:52.890 [info] > git for-each-ref --format=%(refname)%00%(upstream:short)%00%(objectname)%00%(upstream:track)%00%(upstream:remotename)%00%(upstream:remoteref) refs/heads/main refs/remotes/main [4ms]
2025-02-20 01:45:52.924 [info] > git status -z -uall [17ms]
2025-02-20 01:45:52.927 [info] > git for-each-ref --sort -committerdate --format %(refname) %(objectname) %(*objectname) [4ms]
2025-02-20 01:45:59.161 [info] > git show --textconv :public/index.html [20ms]
2025-02-20 01:45:59.180 [info] > git ls-files --stage -- /home/alberto/Desktop/Projects/spring/frontEnd/auth-app/public/index.html [20ms]
2025-02-20 01:45:59.198 [info] > git cat-file -s 47f25c6f6c84ba2c48d0262dfa4d533dc4b0ccb1 [2ms]
2025-02-20 01:46:00.527 [info] > git blame --root --incremental 7d32196914ab9dae1752d2c4d6c86eb015910ab4 -- /home/alberto/Desktop/Projects/spring/frontEnd/auth-app/public/index.html [22ms]
2025-02-20 01:46:04.899 [info] > git check-ignore -v -z --stdin [2ms]
2025-02-20 01:46:06.778 [info] > git show --textconv :public/index.html [27ms]
2025-02-20 01:46:06.779 [info] > git ls-files --stage -- /home/alberto/Desktop/Projects/spring/frontEnd/auth-app/public/index.html [3ms]
2025-02-20 01:46:06.799 [info] > git cat-file -s 47f25c6f6c84ba2c48d0262dfa4d533dc4b0ccb1 [3ms]
2025-02-20 01:46:15.757 [info] > git config --get commit.template [25ms]
2025-02-20 01:46:15.760 [info] > git for-each-ref --format=%(refname)%00%(upstream:short)%00%(objectname)%00%(upstream:track)%00%(upstream:remotename)%00%(upstream:remoteref) refs/heads/main refs/remotes/main [5ms]
2025-02-20 01:46:15.799 [info] > git status -z -uall [16ms]
2025-02-20 01:46:15.801 [info] > git for-each-ref --sort -committerdate --format %(refname) %(objectname) %(*objectname) [3ms]
2025-02-20 01:46:20.851 [info] > git config --get commit.template [23ms]
2025-02-20 01:46:20.851 [info] > git for-each-ref --format=%(refname)%00%(upstream:short)%00%(objectname)%00%(upstream:track)%00%(upstream:remotename)%00%(upstream:remoteref) refs/heads/main refs/remotes/main [2ms]
2025-02-20 01:46:20.886 [info] > git status -z -uall [18ms]
2025-02-20 01:46:20.887 [info] > git for-each-ref --sort -committerdate --format %(refname) %(objectname) %(*objectname) [2ms]
2025-02-20 01:46:29.906 [info] > git config --get commit.template [22ms]
2025-02-20 01:46:29.906 [info] > git for-each-ref --format=%(refname)%00%(upstream:short)%00%(objectname)%00%(upstream:track)%00%(upstream:remotename)%00%(upstream:remoteref) refs/heads/main refs/remotes/main [2ms]
2025-02-20 01:46:29.947 [info] > git status -z -uall [18ms]
2025-02-20 01:46:29.948 [info] > git for-each-ref --sort -committerdate --format %(refname) %(objectname) %(*objectname) [2ms]
2025-02-20 01:46:35.521 [info] > git config --get commit.template [29ms]
2025-02-20 01:46:35.524 [info] > git for-each-ref --format=%(refname)%00%(upstream:short)%00%(objectname)%00%(upstream:track)%00%(upstream:remotename)%00%(upstream:remoteref) refs/heads/main refs/remotes/main [4ms]
2025-02-20 01:46:35.564 [info] > git status -z -uall [22ms]
2025-02-20 01:46:35.566 [info] > git for-each-ref --sort -committerdate --format %(refname) %(objectname) %(*objectname) [3ms]
2025-02-20 01:47:22.389 [info] > git config --get commit.template [2ms]
2025-02-20 01:47:22.408 [info] > git for-each-ref --format=%(refname)%00%(upstream:short)%00%(objectname)%00%(upstream:track)%00%(upstream:remotename)%00%(upstream:remoteref) refs/heads/main refs/remotes/main [2ms]
2025-02-20 01:47:22.442 [info] > git status -z -uall [18ms]
2025-02-20 01:47:22.443 [info] > git for-each-ref --sort -committerdate --format %(refname) %(objectname) %(*objectname) [2ms]
