3/23/2025, 2:26:48 PM GMT+3 0: 

----------------------------------------------
3/23/2025, 2:26:48 PM GMT+3 1: Discord starting: {"releaseChannel":"stable","version":"0.0.88"}, modulepath: /home/alberto/.config/discord/0.0.88/modules
3/23/2025, 2:26:48 PM GMT+3 2: ✅ webContents.created web1 ""
3/23/2025, 2:26:48 PM GMT+3 3: ✅ window.created win1 "discord"
3/23/2025, 2:26:49 PM GMT+3 4: ✅ webContents.did-finish-load web1
3/23/2025, 2:27:04 PM GMT+3 5: ✅ webContents.created web2 ""
3/23/2025, 2:27:04 PM GMT+3 6: ✅ window.created win2 "Discord"
3/23/2025, 2:27:17 PM GMT+3 7: ✅ webContents.did-finish-load web2
3/23/2025, 2:27:18 PM GMT+3 8: window.close win1
3/23/2025, 2:27:18 PM GMT+3 9: webContents.destroyed web1
3/23/2025, 2:27:18 PM GMT+3 10: window.closed win1
3/23/2025, 4:27:20 PM GMT+3 11: before-quit
3/23/2025, 8:57:36 PM GMT+3 0: 

----------------------------------------------
3/23/2025, 8:57:36 PM GMT+3 1: Discord starting: {"releaseChannel":"stable","version":"0.0.88"}, modulepath: /home/alberto/.config/discord/0.0.88/modules
3/23/2025, 8:57:36 PM GMT+3 2: ✅ webContents.created web1 ""
3/23/2025, 8:57:36 PM GMT+3 3: ✅ window.created win1 "discord"
3/23/2025, 8:57:37 PM GMT+3 4: ✅ webContents.did-finish-load web1
3/23/2025, 8:57:38 PM GMT+3 5: ✅ webContents.created web2 ""
3/23/2025, 8:57:38 PM GMT+3 6: ✅ window.created win2 "Discord"
3/23/2025, 8:57:54 PM GMT+3 7: ✅ webContents.did-finish-load web2
3/23/2025, 8:57:54 PM GMT+3 8: window.close win1
3/23/2025, 8:57:54 PM GMT+3 9: webContents.destroyed web1
3/23/2025, 8:57:54 PM GMT+3 10: window.closed win1
3/23/2025, 9:05:47 PM GMT+3 11: window.close win2
3/23/2025, 9:12:27 PM GMT+3 12: before-quit
3/23/2025, 9:12:27 PM GMT+3 13: window.close win2
3/25/2025, 9:52:56 PM GMT+3 0: 

----------------------------------------------
3/25/2025, 9:52:56 PM GMT+3 1: Discord starting: {"releaseChannel":"stable","version":"0.0.88"}, modulepath: /home/alberto/.config/discord/0.0.88/modules
3/25/2025, 9:52:56 PM GMT+3 2: ✅ webContents.created web1 ""
3/25/2025, 9:52:56 PM GMT+3 3: ✅ window.created win1 "discord"
3/25/2025, 9:52:57 PM GMT+3 4: ✅ webContents.did-finish-load web1
3/25/2025, 9:53:21 PM GMT+3 5: before-quit
3/25/2025, 9:53:21 PM GMT+3 6: window.close win1
3/25/2025, 9:53:34 PM GMT+3 0: 

----------------------------------------------
3/25/2025, 9:53:34 PM GMT+3 1: Discord starting: {"releaseChannel":"stable","version":"0.0.88"}, modulepath: /home/alberto/.config/discord/0.0.88/modules
3/25/2025, 9:53:34 PM GMT+3 2: ✅ webContents.created web1 ""
3/25/2025, 9:53:34 PM GMT+3 3: ✅ window.created win1 "discord"
3/25/2025, 9:53:35 PM GMT+3 4: ✅ webContents.did-finish-load web1
3/25/2025, 9:53:42 PM GMT+3 5: window.close win1
3/25/2025, 9:53:42 PM GMT+3 6: webContents.destroyed web1
3/26/2025, 12:26:55 PM GMT+3 0: 

----------------------------------------------
3/26/2025, 12:26:55 PM GMT+3 1: Discord starting: {"releaseChannel":"stable","version":"0.0.88"}, modulepath: /home/alberto/.config/discord/0.0.88/modules
3/26/2025, 12:26:55 PM GMT+3 2: ✅ webContents.created web1 ""
3/26/2025, 12:26:55 PM GMT+3 3: ✅ window.created win1 "discord"
3/26/2025, 12:26:55 PM GMT+3 4: ✅ webContents.did-finish-load web1
3/26/2025, 12:27:03 PM GMT+3 5: before-quit
3/26/2025, 12:27:03 PM GMT+3 6: window.close win1
3/26/2025, 12:27:45 PM GMT+3 0: 

----------------------------------------------
3/26/2025, 12:27:45 PM GMT+3 1: Discord starting: {"releaseChannel":"stable","version":"0.0.88"}, modulepath: /home/alberto/.config/discord/0.0.88/modules
3/26/2025, 12:27:46 PM GMT+3 2: ✅ webContents.created web1 ""
3/26/2025, 12:27:46 PM GMT+3 3: ✅ window.created win1 "discord"
3/26/2025, 12:27:46 PM GMT+3 4: ✅ webContents.did-finish-load web1
3/26/2025, 12:27:57 PM GMT+3 5: before-quit
3/26/2025, 12:27:57 PM GMT+3 6: window.close win1
3/26/2025, 12:27:57 PM GMT+3 7: webContents.destroyed web1
3/26/2025, 12:28:04 PM GMT+3 0: 

----------------------------------------------
3/26/2025, 12:28:04 PM GMT+3 1: Discord starting: {"releaseChannel":"stable","version":"0.0.88"}, modulepath: /home/alberto/.config/discord/0.0.88/modules
3/26/2025, 12:28:04 PM GMT+3 2: ✅ webContents.created web1 ""
3/26/2025, 12:28:04 PM GMT+3 3: ✅ window.created win1 "discord"
3/26/2025, 12:28:04 PM GMT+3 4: ✅ webContents.did-finish-load web1
3/26/2025, 12:28:07 PM GMT+3 5: before-quit
3/26/2025, 12:28:07 PM GMT+3 6: window.close win1
3/30/2025, 7:52:46 PM GMT+3 0: 

----------------------------------------------
3/30/2025, 7:52:46 PM GMT+3 1: Discord starting: {"releaseChannel":"stable","version":"0.0.88"}, modulepath: /home/alberto/.config/discord/0.0.88/modules
3/30/2025, 7:52:46 PM GMT+3 2: ✅ webContents.created web1 ""
3/30/2025, 7:52:46 PM GMT+3 3: ✅ window.created win1 "discord"
3/30/2025, 7:52:46 PM GMT+3 4: ✅ webContents.did-finish-load web1
3/30/2025, 7:52:53 PM GMT+3 5: window.close win1
3/30/2025, 7:52:53 PM GMT+3 6: webContents.destroyed web1
